Processing circuits from Dataset...
python.exe : 
At line:5 char:1
+ & $py PREPROCESSING_Bipartite.py *> $log
+ ~~~~~~~~~~~~~~~~~~~~~~~~~~~~~~~~~~~~~~~~
    + CategoryInfo          : NotSpecified: (:String) [], RemoteException
    + FullyQualifiedErrorId : NativeCommandError
 
Converting to bipartite graphs:   0%|          | 0/3502 [00:00<?, ?it/s]
Converting to bipartite graphs:   2%|▏         | 67/3502 [00:00<00:05, 668.45it/s]
Converting to bipartite graphs:   4%|▍         | 134/3502 [00:00<00:05, 613.81it/s]
Converting to bipartite graphs:   6%|▌         | 196/3502 [00:00<00:06, 474.75it/s]
Converting to bipartite graphs:   7%|▋         | 247/3502 [00:00<00:07, 439.67it/s]
Converting to bipartite graphs:   8%|▊         | 293/3502 [00:00<00:07, 432.55it/s]
Converting to bipartite graphs:  10%|▉         | 338/3502 [00:00<00:08, 354.97it/s]
Converting to bipartite graphs:  11%|█         | 376/3502 [00:00<00:09, 338.41it/s]
Converting to bipartite graphs:  12%|█▏        | 413/3502 [00:01<00:08, 343.97it/s]
Converting to bipartite graphs:  13%|█▎        | 451/3502 [00:01<00:08, 353.04it/s]
Converting to bipartite graphs:  14%|█▍        | 488/3502 [00:01<00:08, 338.72it/s]
Converting to bipartite graphs:  15%|█▍        | 523/3502 [00:01<00:08, 333.33it/s]
Converting to bipartite graphs:  16%|█▌        | 557/3502 [00:01<00:09, 298.42it/s]
Converting to bipartite graphs:  17%|█▋        | 596/3502 [00:01<00:09, 319.86it/s]
Converting to bipartite graphs:  18%|█▊        | 629/3502 [00:01<00:09, 306.44it/s]
Converting to bipartite graphs:  19%|█▉        | 661/3502 [00:01<00:10, 280.89it/s]
Converting to bipartite graphs:  20%|█▉        | 694/3502 [00:01<00:09, 290.78it/s]
Converting to bipartite graphs:  21%|██        | 724/3502 [00:02<00:09, 291.21it/s]
Converting to bipartite graphs:  22%|██▏       | 769/3502 [00:02<00:08, 331.36it/s]
Converting to bipartite graphs:  23%|██▎       | 813/3502 [00:02<00:07, 360.38it/s]
Converting to bipartite graphs:  24%|██▍       | 850/3502 [00:02<00:07, 348.81it/s]
Converting to bipartite graphs:  25%|██▌       | 886/3502 [00:02<00:08, 311.85it/s]
Converting to bipartite graphs:  26%|██▌       | 919/3502 [00:02<00:09, 277.20it/s]
Converting to bipartite graphs:  27%|██▋       | 948/3502 [00:02<00:09, 271.05it/s]
Converting to bipartite graphs:  28%|██▊       | 976/3502 [00:02<00:09, 261.19it/s]
Converting to bipartite graphs:  29%|██▊       | 1003/3502 [00:03<00:10, 247.00it/s]
Converting to bipartite graphs:  29%|██▉       | 1029/3502 [00:03<00:10, 239.68it/s]
Converting to bipartite graphs:  31%|███       | 1086/3502 [00:03<00:07, 324.29it/s]
Converting to bipartite graphs:  32%|███▏      | 1120/3502 [00:03<00:08, 281.21it/s]
Converting to bipartite graphs:  33%|███▎      | 1150/3502 [00:03<00:09, 252.21it/s]
Converting to bipartite graphs:  34%|███▎      | 1177/3502 [00:03<00:09, 240.34it/s]
Converting to bipartite graphs:  34%|███▍      | 1203/3502 [00:03<00:11, 208.48it/s]
Converting to bipartite graphs:  35%|███▌      | 1226/3502 [00:04<00:13, 173.53it/s]
Converting to bipartite graphs:  36%|███▌      | 1245/3502 [00:04<00:16, 134.61it/s]
Converting to bipartite graphs:  36%|███▌      | 1261/3502 [00:04<00:16, 134.34it/s]
Converting to bipartite graphs:  36%|███▋      | 1276/3502 [00:04<00:17, 130.54it/s]
Converting to bipartite graphs:  37%|███▋      | 1290/3502 [00:04<00:17, 124.76it/s]
Converting to bipartite graphs:  37%|███▋      | 1304/3502 [00:04<00:17, 122.35it/s]
Converting to bipartite graphs:  38%|███▊      | 1317/3502 [00:04<00:17, 122.81it/s]
Converting to bipartite graphs:  38%|███▊      | 1330/3502 [00:05<00:20, 107.96it/s]
Converting to bipartite graphs:  38%|███▊      | 1342/3502 [00:05<00:20, 106.32it/s]
Converting to bipartite graphs:  39%|███▉      | 1358/3502 [00:05<00:18, 116.93it/s]
Converting to bipartite graphs:  39%|███▉      | 1373/3502 [00:05<00:17, 124.95it/s]
Converting to bipartite graphs:  40%|███▉      | 1390/3502 [00:05<00:15, 134.30it/s]
Converting to bipartite graphs:  40%|████      | 1407/3502 [00:05<00:14, 143.54it/s]
Converting to bipartite graphs:  41%|████      | 1425/3502 [00:05<00:13, 151.39it/s]
Converting to bipartite graphs:  41%|████      | 1443/3502 [00:05<00:12, 158.71it/s]
Converting to bipartite graphs:  42%|████▏     | 1461/3502 [00:05<00:12, 163.12it/s]
Converting to bipartite graphs:  42%|████▏     | 1478/3502 [00:06<00:13, 155.37it/s]
Converting to bipartite graphs:  43%|████▎     | 1496/3502 [00:06<00:12, 160.49it/s]
Converting to bipartite graphs:  43%|████▎     | 1513/3502 [00:06<00:12, 162.65it/s]
Converting to bipartite graphs:  44%|████▍     | 1534/3502 [00:06<00:11, 173.99it/s]
Converting to bipartite graphs:  44%|████▍     | 1552/3502 [00:06<00:11, 175.02it/s]
Converting to bipartite graphs:  45%|████▍     | 1570/3502 [00:06<00:13, 138.65it/s]
Converting to bipartite graphs:  45%|████▌     | 1586/3502 [00:06<00:14, 130.01it/s]
Converting to bipartite graphs:  46%|████▌     | 1601/3502 [00:06<00:14, 133.79it/s]
Converting to bipartite graphs:  46%|████▋     | 1620/3502 [00:07<00:12, 148.06it/s]
Converting to bipartite graphs:  47%|████▋     | 1636/3502 [00:07<00:12, 150.11it/s]
Converting to bipartite graphs:  47%|████▋     | 1652/3502 [00:07<00:13, 138.49it/s]
Converting to bipartite graphs:  48%|████▊     | 1667/3502 [00:07<00:13, 138.37it/s]
Converting to bipartite graphs:  48%|████▊     | 1682/3502 [00:07<00:13, 138.52it/s]
Converting to bipartite graphs:  48%|████▊     | 1697/3502 [00:07<00:12, 140.94it/s]
Converting to bipartite graphs:  49%|████▉     | 1715/3502 [00:07<00:11, 150.51it/s]
Converting to bipartite graphs:  49%|████▉     | 1732/3502 [00:07<00:11, 153.74it/s]
Converting to bipartite graphs:  50%|████▉     | 1748/3502 [00:07<00:11, 151.98it/s]
Converting to bipartite graphs:  50%|█████     | 1764/3502 [00:08<00:11, 150.83it/s]
Converting to bipartite graphs:  51%|█████     | 1780/3502 [00:08<00:11, 150.72it/s]
Converting to bipartite graphs:  51%|█████▏    | 1801/3502 [00:08<00:10, 166.97it/s]
Converting to bipartite graphs:  52%|█████▏    | 1818/3502 [00:08<00:10, 166.73it/s]
Converting to bipartite graphs:  53%|█████▎    | 1840/3502 [00:08<00:09, 181.13it/s]
Converting to bipartite graphs:  53%|█████▎    | 1860/3502 [00:08<00:08, 186.36it/s]
Converting to bipartite graphs:  54%|█████▍    | 1883/3502 [00:08<00:08, 198.49it/s]
Converting to bipartite graphs:  54%|█████▍    | 1906/3502 [00:08<00:07, 205.83it/s]
Converting to bipartite graphs:  55%|█████▌    | 1927/3502 [00:08<00:07, 199.64it/s]
Converting to bipartite graphs:  56%|█████▌    | 1949/3502 [00:08<00:07, 202.76it/s]
Converting to bipartite graphs:  56%|█████▋    | 1972/3502 [00:09<00:07, 208.56it/s]
Converting to bipartite graphs:  57%|█████▋    | 1996/3502 [00:09<00:06, 215.79it/s]
Converting to bipartite graphs:  58%|█████▊    | 2018/3502 [00:09<00:06, 213.47it/s]
Converting to bipartite graphs:  58%|█████▊    | 2040/3502 [00:09<00:06, 210.20it/s]
Converting to bipartite graphs:  59%|█████▉    | 2064/3502 [00:09<00:06, 218.55it/s]
Converting to bipartite graphs:  60%|█████▉    | 2091/3502 [00:09<00:06, 225.99it/s]
Converting to bipartite graphs:  60%|██████    | 2114/3502 [00:09<00:06, 215.39it/s]
Converting to bipartite graphs:  61%|██████    | 2136/3502 [00:09<00:06, 215.09it/s]
Converting to bipartite graphs:  62%|██████▏   | 2162/3502 [00:09<00:05, 226.69it/s]
Converting to bipartite graphs:  62%|██████▏   | 2185/3502 [00:10<00:06, 217.64it/s]
Converting to bipartite graphs:  63%|██████▎   | 2207/3502 [00:10<00:06, 199.43it/s]
Converting to bipartite graphs:  64%|██████▎   | 2228/3502 [00:10<00:06, 192.91it/s]
Converting to bipartite graphs:  64%|██████▍   | 2248/3502 [00:10<00:06, 186.40it/s]
Converting to bipartite graphs:  65%|██████▍   | 2269/3502 [00:10<00:06, 191.78it/s]
Converting to bipartite graphs:  65%|██████▌   | 2289/3502 [00:10<00:06, 175.52it/s]
Converting to bipartite graphs:  66%|██████▌   | 2307/3502 [00:10<00:07, 165.86it/s]
Converting to bipartite graphs:  66%|██████▋   | 2324/3502 [00:10<00:07, 158.10it/s]
Converting to bipartite graphs:  67%|██████▋   | 2340/3502 [00:10<00:07, 158.43it/s]
Converting to bipartite graphs:  67%|██████▋   | 2356/3502 [00:11<00:07, 149.86it/s]
Converting to bipartite graphs:  68%|██████▊   | 2372/3502 [00:11<00:07, 147.80it/s]
Converting to bipartite graphs:  68%|██████▊   | 2387/3502 [00:11<00:07, 147.94it/s]
Converting to bipartite graphs:  69%|██████▊   | 2404/3502 [00:11<00:07, 148.17it/s]
Converting to bipartite graphs:  69%|██████▉   | 2421/3502 [00:11<00:07, 154.16it/s]
Converting to bipartite graphs:  70%|██████▉   | 2437/3502 [00:11<00:06, 155.18it/s]
Converting to bipartite graphs:  70%|███████   | 2454/3502 [00:11<00:06, 158.57it/s]
Converting to bipartite graphs:  71%|███████   | 2470/3502 [00:11<00:07, 132.86it/s]
Converting to bipartite graphs:  71%|███████   | 2484/3502 [00:12<00:07, 132.21it/s]
Converting to bipartite graphs:  71%|███████▏  | 2498/3502 [00:12<00:07, 129.17it/s]
Converting to bipartite graphs:  72%|███████▏  | 2513/3502 [00:12<00:07, 131.36it/s]
Converting to bipartite graphs:  72%|███████▏  | 2527/3502 [00:12<00:07, 133.63it/s]
Converting to bipartite graphs:  73%|███████▎  | 2541/3502 [00:12<00:07, 120.34it/s]
Converting to bipartite graphs:  73%|███████▎  | 2557/3502 [00:12<00:07, 128.95it/s]
Converting to bipartite graphs:  74%|███████▎  | 2575/3502 [00:12<00:06, 141.38it/s]
Converting to bipartite graphs:  74%|███████▍  | 2591/3502 [00:12<00:06, 146.13it/s]
Converting to bipartite graphs:  74%|███████▍  | 2607/3502 [00:12<00:06, 148.92it/s]
Converting to bipartite graphs:  75%|███████▍  | 2625/3502 [00:12<00:05, 155.32it/s]
Converting to bipartite graphs:  77%|███████▋  | 2706/3502 [00:13<00:02, 342.22it/s]
Converting to bipartite graphs:  80%|████████  | 2816/3502 [00:13<00:01, 560.18it/s]
Converting to bipartite graphs:  82%|████████▏ | 2874/3502 [00:13<00:01, 538.31it/s]
Converting to bipartite graphs:  85%|████████▌ | 2978/3502 [00:13<00:00, 679.37it/s]
Converting to bipartite graphs:  89%|████████▊ | 3107/3502 [00:13<00:00, 850.96it/s]
Converting to bipartite graphs:  92%|█████████▏| 3234/3502 [00:13<00:00, 941.76it/s]
Converting to bipartite graphs:  96%|█████████▌| 3345/3502 [00:13<00:00, 987.91it/s]
Converting to bipartite graphs:  99%|█████████▊| 3457/3502 [00:13<00:00, 1017.38it/s]
Converting to bipartite graphs: 100%|██████████| 3502/3502 [00:13<00:00, 252.40it/s] 
Validation failed: C1 (C) must connect to exactly 2 different nets, found 1: {'VDD'}

============================================================
Processing complete!
  Success: 2347
  Skipped: 1003
  Errors: 0
============================================================
