Pipeline with nmos circuit
Save comparison folder is C:\Users\Devavrat\circuit-repro\Krylov-ICML2023\repo\out_plot\2026-08-02 15-44-compare-method-nmos
Pipeline with Model500GELU model
Return Base Dataset
Number of Workers, 2
MAX_SIM_SIZE, 10
training data size = (15, 2)
start sim
Running without multiprocessing
MP took 4.675173044204712 seconds
Saving Data to  data/nmos
took for sim 4.677185535430908
Params shape (15, 2)
Perfomance shape (15, 3)
Saving metadata for this simulation
Check Alias Problem
TOTAL DUPLICATE CASE IS 0
Generate Circuit Status
Argmax ratio is 0.0 with argmax replaced 0 times
[ 0  4 14]
Pipeline Start
Pipeline save name is nmos-circuit-Base-dataset-Model500GELU-method-2026-08-02 15-44
Running with percentage 0.9
Run with 0.9 percentage of training data, Run number 1
epoch:  0 
epoch:  1 
epoch:  2 
epoch:  3 
epoch:  4 
epoch:  5 
epoch:  6 
epoch:  7 
epoch:  8 
epoch:  9 
epoch:  10 
epoch:  11 
epoch:  12 
epoch:  13 
epoch:  14 
epoch:  15 
epoch:  16 
epoch:  17 
epoch:  18 
epoch:  19 
epoch:  20 
epoch:  21 
epoch:  22 
epoch:  23 
epoch:  24 
epoch:  25 
epoch:  26 
epoch:  27 
epoch:  28 
epoch:  29 
epoch:  30 
epoch:  31 
epoch:  32 
epoch:  33 
epoch:  34 
epoch:  35 
epoch:  36 
epoch:  37 
epoch:  38 
epoch:  39 
epoch:  40 
epoch:  41 
epoch:  42 
epoch:  43 
epoch:  44 
epoch:  45 
epoch:  46 
epoch:  47 
epoch:  48 
epoch:  49 
epoch:  50 
epoch:  51 
epoch:  52 
epoch:  53 
epoch:  54 
epoch:  55 
epoch:  56 
epoch:  57 
epoch:  58 
epoch:  59 
epoch:  60 
epoch:  61 
epoch:  62 
epoch:  63 
epoch:  64 
epoch:  65 
epoch:  66 
epoch:  67 
epoch:  68 
epoch:  69 
epoch:  70 
epoch:  71 
epoch:  72 
epoch:  73 
epoch:  74 
epoch:  75 
epoch:  76 
epoch:  77 
epoch:  78 
epoch:  79 
epoch:  80 
epoch:  81 
epoch:  82 
epoch:  83 
epoch:  84 
epoch:  85 
epoch:  86 
epoch:  87 
epoch:  88 
epoch:  89 
epoch:  90 
epoch:  91 
epoch:  92 
epoch:  93 
epoch:  94 
epoch:  95 
epoch:  96 
epoch:  97 
epoch:  98 
epoch:  99 
Running without multiprocessing
MP took 0.27231407165527344 seconds
Reset The model
Run with 0.9 percentage of training data, Run number 2
epoch:  0 
epoch:  1 
epoch:  2 
epoch:  3 
epoch:  4 
epoch:  5 
epoch:  6 
epoch:  7 
epoch:  8 
epoch:  9 
epoch:  10 
epoch:  11 
epoch:  12 
epoch:  13 
epoch:  14 
epoch:  15 
epoch:  16 
epoch:  17 
epoch:  18 
epoch:  19 
epoch:  20 
epoch:  21 
epoch:  22 
epoch:  23 
epoch:  24 
epoch:  25 
epoch:  26 
epoch:  27 
epoch:  28 
epoch:  29 
epoch:  30 
epoch:  31 
epoch:  32 
epoch:  33 
epoch:  34 
epoch:  35 
epoch:  36 
epoch:  37 
epoch:  38 
epoch:  39 
epoch:  40 
epoch:  41 
epoch:  42 
epoch:  43 
epoch:  44 
epoch:  45 
epoch:  46 
epoch:  47 
epoch:  48 
epoch:  49 
epoch:  50 
epoch:  51 
epoch:  52 
epoch:  53 
epoch:  54 
epoch:  55 
epoch:  56 
epoch:  57 
epoch:  58 
epoch:  59 
epoch:  60 
epoch:  61 
epoch:  62 
epoch:  63 
epoch:  64 
epoch:  65 
epoch:  66 
epoch:  67 
epoch:  68 
epoch:  69 
epoch:  70 
epoch:  71 
epoch:  72 
epoch:  73 
epoch:  74 
epoch:  75 
epoch:  76 
epoch:  77 
epoch:  78 
epoch:  79 
epoch:  80 
epoch:  81 
epoch:  82 
epoch:  83 
epoch:  84 
epoch:  85 
epoch:  86 
epoch:  87 
epoch:  88 
epoch:  89 
epoch:  90 
epoch:  91 
epoch:  92 
epoch:  93 
epoch:  94 
epoch:  95 
epoch:  96 
epoch:  97 
epoch:  98 
epoch:  99 
Running without multiprocessing
MP took 0.27399420738220215 seconds
Reset The model
Run with 0.9 percentage of training data, Run number 3
epoch:  0 
epoch:  1 
epoch:  2 
epoch:  3 
epoch:  4 
epoch:  5 
epoch:  6 
epoch:  7 
epoch:  8 
epoch:  9 
epoch:  10 
epoch:  11 
epoch:  12 
epoch:  13 
epoch:  14 
epoch:  15 
epoch:  16 
epoch:  17 
epoch:  18 
epoch:  19 
epoch:  20 
epoch:  21 
epoch:  22 
epoch:  23 
epoch:  24 
epoch:  25 
epoch:  26 
epoch:  27 
epoch:  28 
epoch:  29 
epoch:  30 
epoch:  31 
epoch:  32 
epoch:  33 
epoch:  34 
epoch:  35 
epoch:  36 
epoch:  37 
epoch:  38 
epoch:  39 
epoch:  40 
epoch:  41 
epoch:  42 
epoch:  43 
epoch:  44 
epoch:  45 
epoch:  46 
epoch:  47 
epoch:  48 
epoch:  49 
epoch:  50 
epoch:  51 
epoch:  52 
epoch:  53 
epoch:  54 
epoch:  55 
epoch:  56 
epoch:  57 
epoch:  58 
epoch:  59 
epoch:  60 
epoch:  61 
epoch:  62 
epoch:  63 
epoch:  64 
epoch:  65 
epoch:  66 
epoch:  67 
epoch:  68 
epoch:  69 
epoch:  70 
epoch:  71 
epoch:  72 
epoch:  73 
epoch:  74 
epoch:  75 
epoch:  76 
epoch:  77 
epoch:  78 
epoch:  79 
epoch:  80 
epoch:  81 
epoch:  82 
epoch:  83 
epoch:  84 
epoch:  85 
epoch:  86 
epoch:  87 
epoch:  88 
epoch:  89 
epoch:  90 
epoch:  91 
epoch:  92 
epoch:  93 
epoch:  94 
epoch:  95 
epoch:  96 
epoch:  97 
epoch:  98 
epoch:  99 
Running without multiprocessing
MP took 0.28052759170532227 seconds
Reset The model
Run with 0.9 percentage of training data, Run number 4
epoch:  0 
epoch:  1 
epoch:  2 
epoch:  3 
epoch:  4 
epoch:  5 
epoch:  6 
epoch:  7 
epoch:  8 
epoch:  9 
epoch:  10 
epoch:  11 
epoch:  12 
epoch:  13 
epoch:  14 
epoch:  15 
epoch:  16 
epoch:  17 
epoch:  18 
epoch:  19 
epoch:  20 
epoch:  21 
epoch:  22 
epoch:  23 
epoch:  24 
epoch:  25 
epoch:  26 
epoch:  27 
epoch:  28 
epoch:  29 
epoch:  30 
epoch:  31 
epoch:  32 
epoch:  33 
epoch:  34 
epoch:  35 
epoch:  36 
epoch:  37 
epoch:  38 
epoch:  39 
epoch:  40 
epoch:  41 
epoch:  42 
epoch:  43 
epoch:  44 
epoch:  45 
epoch:  46 
epoch:  47 
epoch:  48 
epoch:  49 
epoch:  50 
epoch:  51 
epoch:  52 
epoch:  53 
epoch:  54 
epoch:  55 
epoch:  56 
epoch:  57 
epoch:  58 
epoch:  59 
epoch:  60 
epoch:  61 
epoch:  62 
epoch:  63 
epoch:  64 
epoch:  65 
epoch:  66 
epoch:  67 
epoch:  68 
epoch:  69 
epoch:  70 
epoch:  71 
epoch:  72 
epoch:  73 
epoch:  74 
epoch:  75 
epoch:  76 
epoch:  77 
epoch:  78 
epoch:  79 
epoch:  80 
epoch:  81 
epoch:  82 
epoch:  83 
epoch:  84 
epoch:  85 
epoch:  86 
epoch:  87 
epoch:  88 
epoch:  89 
epoch:  90 
epoch:  91 
epoch:  92 
epoch:  93 
epoch:  94 
epoch:  95 
epoch:  96 
epoch:  97 
epoch:  98 
epoch:  99 
Running without multiprocessing
MP took 0.2691304683685303 seconds
Reset The model
Run with 0.9 percentage of training data, Run number 5
epoch:  0 
epoch:  1 
epoch:  2 
epoch:  3 
epoch:  4 
epoch:  5 
epoch:  6 
epoch:  7 
epoch:  8 
epoch:  9 
epoch:  10 
epoch:  11 
epoch:  12 
epoch:  13 
epoch:  14 
epoch:  15 
epoch:  16 
epoch:  17 
epoch:  18 
epoch:  19 
epoch:  20 
epoch:  21 
epoch:  22 
epoch:  23 
epoch:  24 
epoch:  25 
epoch:  26 
epoch:  27 
epoch:  28 
epoch:  29 
epoch:  30 
epoch:  31 
epoch:  32 
epoch:  33 
epoch:  34 
epoch:  35 
epoch:  36 
epoch:  37 
epoch:  38 
epoch:  39 
epoch:  40 
epoch:  41 
epoch:  42 
epoch:  43 
epoch:  44 
epoch:  45 
epoch:  46 
epoch:  47 
epoch:  48 
epoch:  49 
epoch:  50 
epoch:  51 
epoch:  52 
epoch:  53 
epoch:  54 
epoch:  55 
epoch:  56 
epoch:  57 
epoch:  58 
epoch:  59 
epoch:  60 
epoch:  61 
epoch:  62 
epoch:  63 
epoch:  64 
epoch:  65 
epoch:  66 
epoch:  67 
epoch:  68 
epoch:  69 
epoch:  70 
epoch:  71 
epoch:  72 
epoch:  73 
epoch:  74 
epoch:  75 
epoch:  76 
epoch:  77 
epoch:  78 
epoch:  79 
epoch:  80 
epoch:  81 
epoch:  82 
epoch:  83 
epoch:  84 
epoch:  85 
epoch:  86 
epoch:  87 
epoch:  88 
epoch:  89 
epoch:  90 
epoch:  91 
epoch:  92 
epoch:  93 
epoch:  94 
epoch:  95 
epoch:  96 
epoch:  97 
epoch:  98 
epoch:  99 
Running without multiprocessing
MP took 0.2630593776702881 seconds
Reset The model
Run with 0.9 percentage of training data, Run number 6
epoch:  0 
epoch:  1 
epoch:  2 
epoch:  3 
epoch:  4 
epoch:  5 
epoch:  6 
epoch:  7 
epoch:  8 
epoch:  9 
epoch:  10 
epoch:  11 
epoch:  12 
epoch:  13 
epoch:  14 
epoch:  15 
epoch:  16 
epoch:  17 
epoch:  18 
epoch:  19 
epoch:  20 
epoch:  21 
epoch:  22 
epoch:  23 
epoch:  24 
epoch:  25 
epoch:  26 
epoch:  27 
epoch:  28 
epoch:  29 
epoch:  30 
epoch:  31 
epoch:  32 
epoch:  33 
epoch:  34 
epoch:  35 
epoch:  36 
epoch:  37 
epoch:  38 
epoch:  39 
epoch:  40 
epoch:  41 
epoch:  42 
epoch:  43 
epoch:  44 
epoch:  45 
epoch:  46 
epoch:  47 
epoch:  48 
epoch:  49 
epoch:  50 
epoch:  51 
epoch:  52 
epoch:  53 
epoch:  54 
epoch:  55 
epoch:  56 
epoch:  57 
epoch:  58 
epoch:  59 
epoch:  60 
epoch:  61 
epoch:  62 
epoch:  63 
epoch:  64 
epoch:  65 
epoch:  66 
epoch:  67 
epoch:  68 
epoch:  69 
epoch:  70 
epoch:  71 
epoch:  72 
epoch:  73 
epoch:  74 
epoch:  75 
epoch:  76 
epoch:  77 
epoch:  78 
epoch:  79 
epoch:  80 
epoch:  81 
epoch:  82 
epoch:  83 
epoch:  84 
epoch:  85 
epoch:  86 
epoch:  87 
epoch:  88 
epoch:  89 
epoch:  90 
epoch:  91 
epoch:  92 
epoch:  93 
epoch:  94 
epoch:  95 
epoch:  96 
epoch:  97 
epoch:  98 
epoch:  99 
Running without multiprocessing
MP took 0.31986165046691895 seconds
Reset The model
Run with 0.9 percentage of training data, Run number 7
epoch:  0 
epoch:  1 
epoch:  2 
epoch:  3 
epoch:  4 
epoch:  5 
epoch:  6 
epoch:  7 
epoch:  8 
epoch:  9 
epoch:  10 
epoch:  11 
epoch:  12 
epoch:  13 
epoch:  14 
epoch:  15 
epoch:  16 
epoch:  17 
epoch:  18 
epoch:  19 
epoch:  20 
epoch:  21 
epoch:  22 
epoch:  23 
epoch:  24 
epoch:  25 
epoch:  26 
epoch:  27 
epoch:  28 
epoch:  29 
epoch:  30 
epoch:  31 
epoch:  32 
epoch:  33 
epoch:  34 
epoch:  35 
epoch:  36 
epoch:  37 
epoch:  38 
epoch:  39 
epoch:  40 
epoch:  41 
epoch:  42 
epoch:  43 
epoch:  44 
epoch:  45 
epoch:  46 
epoch:  47 
epoch:  48 
epoch:  49 
epoch:  50 
epoch:  51 
epoch:  52 
epoch:  53 
epoch:  54 
epoch:  55 
epoch:  56 
epoch:  57 
epoch:  58 
epoch:  59 
epoch:  60 
epoch:  61 
epoch:  62 
epoch:  63 
epoch:  64 
epoch:  65 
epoch:  66 
epoch:  67 
epoch:  68 
epoch:  69 
epoch:  70 
epoch:  71 
epoch:  72 
epoch:  73 
epoch:  74 
epoch:  75 
epoch:  76 
epoch:  77 
epoch:  78 
epoch:  79 
epoch:  80 
epoch:  81 
epoch:  82 
epoch:  83 
epoch:  84 
epoch:  85 
epoch:  86 
epoch:  87 
epoch:  88 
epoch:  89 
epoch:  90 
epoch:  91 
epoch:  92 
epoch:  93 
epoch:  94 
epoch:  95 
epoch:  96 
epoch:  97 
epoch:  98 
epoch:  99 
Running without multiprocessing
MP took 0.28450989723205566 seconds
Reset The model
Run with 0.9 percentage of training data, Run number 8
epoch:  0 
epoch:  1 
epoch:  2 
epoch:  3 
epoch:  4 
epoch:  5 
epoch:  6 
epoch:  7 
epoch:  8 
epoch:  9 
epoch:  10 
epoch:  11 
epoch:  12 
epoch:  13 
epoch:  14 
epoch:  15 
epoch:  16 
epoch:  17 
epoch:  18 
epoch:  19 
epoch:  20 
epoch:  21 
epoch:  22 
epoch:  23 
epoch:  24 
epoch:  25 
epoch:  26 
epoch:  27 
epoch:  28 
epoch:  29 
epoch:  30 
epoch:  31 
epoch:  32 
epoch:  33 
epoch:  34 
epoch:  35 
epoch:  36 
epoch:  37 
epoch:  38 
epoch:  39 
epoch:  40 
epoch:  41 
epoch:  42 
epoch:  43 
epoch:  44 
epoch:  45 
epoch:  46 
epoch:  47 
epoch:  48 
epoch:  49 
epoch:  50 
epoch:  51 
epoch:  52 
epoch:  53 
epoch:  54 
epoch:  55 
epoch:  56 
epoch:  57 
epoch:  58 
epoch:  59 
epoch:  60 
epoch:  61 
epoch:  62 
epoch:  63 
epoch:  64 
epoch:  65 
epoch:  66 
epoch:  67 
epoch:  68 
epoch:  69 
epoch:  70 
epoch:  71 
epoch:  72 
epoch:  73 
epoch:  74 
epoch:  75 
epoch:  76 
epoch:  77 
epoch:  78 
epoch:  79 
epoch:  80 
epoch:  81 
epoch:  82 
epoch:  83 
epoch:  84 
epoch:  85 
epoch:  86 
epoch:  87 
epoch:  88 
epoch:  89 
epoch:  90 
epoch:  91 
epoch:  92 
epoch:  93 
epoch:  94 
epoch:  95 
epoch:  96 
epoch:  97 
epoch:  98 
epoch:  99 
Running without multiprocessing
MP took 0.2781054973602295 seconds
Reset The model
Run with 0.9 percentage of training data, Run number 9
epoch:  0 
epoch:  1 
epoch:  2 
epoch:  3 
epoch:  4 
epoch:  5 
epoch:  6 
epoch:  7 
epoch:  8 
epoch:  9 
epoch:  10 
epoch:  11 
epoch:  12 
epoch:  13 
epoch:  14 
epoch:  15 
epoch:  16 
epoch:  17 
epoch:  18 
epoch:  19 
epoch:  20 
epoch:  21 
epoch:  22 
epoch:  23 
epoch:  24 
epoch:  25 
epoch:  26 
epoch:  27 
epoch:  28 
epoch:  29 
epoch:  30 
epoch:  31 
epoch:  32 
epoch:  33 
epoch:  34 
epoch:  35 
epoch:  36 
epoch:  37 
epoch:  38 
epoch:  39 
epoch:  40 
epoch:  41 
epoch:  42 
epoch:  43 
epoch:  44 
epoch:  45 
epoch:  46 
epoch:  47 
epoch:  48 
epoch:  49 
epoch:  50 
epoch:  51 
epoch:  52 
epoch:  53 
epoch:  54 
epoch:  55 
epoch:  56 
epoch:  57 
epoch:  58 
epoch:  59 
epoch:  60 
epoch:  61 
epoch:  62 
epoch:  63 
epoch:  64 
epoch:  65 
epoch:  66 
epoch:  67 
epoch:  68 
epoch:  69 
epoch:  70 
epoch:  71 
epoch:  72 
epoch:  73 
epoch:  74 
epoch:  75 
epoch:  76 
epoch:  77 
epoch:  78 
epoch:  79 
epoch:  80 
epoch:  81 
epoch:  82 
epoch:  83 
epoch:  84 
epoch:  85 
epoch:  86 
epoch:  87 
epoch:  88 
epoch:  89 
epoch:  90 
epoch:  91 
epoch:  92 
epoch:  93 
epoch:  94 
epoch:  95 
epoch:  96 
epoch:  97 
epoch:  98 
epoch:  99 
Running without multiprocessing
MP took 0.25612950325012207 seconds
Reset The model
Run with 0.9 percentage of training data, Run number 10
epoch:  0 
epoch:  1 
epoch:  2 
epoch:  3 
epoch:  4 
epoch:  5 
epoch:  6 
epoch:  7 
epoch:  8 
epoch:  9 
epoch:  10 
epoch:  11 
epoch:  12 
epoch:  13 
epoch:  14 
epoch:  15 
epoch:  16 
epoch:  17 
epoch:  18 
epoch:  19 
epoch:  20 
epoch:  21 
epoch:  22 
epoch:  23 
epoch:  24 
epoch:  25 
epoch:  26 
epoch:  27 
epoch:  28 
epoch:  29 
epoch:  30 
epoch:  31 
epoch:  32 
epoch:  33 
epoch:  34 
epoch:  35 
epoch:  36 
epoch:  37 
epoch:  38 
epoch:  39 
epoch:  40 
epoch:  41 
epoch:  42 
epoch:  43 
epoch:  44 
epoch:  45 
epoch:  46 
epoch:  47 
epoch:  48 
epoch:  49 
epoch:  50 
epoch:  51 
epoch:  52 
epoch:  53 
epoch:  54 
epoch:  55 
epoch:  56 
epoch:  57 
epoch:  58 
epoch:  59 
epoch:  60 
epoch:  61 
epoch:  62 
epoch:  63 
epoch:  64 
epoch:  65 
epoch:  66 
epoch:  67 
epoch:  68 
epoch:  69 
epoch:  70 
epoch:  71 
epoch:  72 
epoch:  73 
epoch:  74 
epoch:  75 
epoch:  76 
epoch:  77 
epoch:  78 
epoch:  79 
epoch:  80 
epoch:  81 
epoch:  82 
epoch:  83 
epoch:  84 
epoch:  85 
epoch:  86 
epoch:  87 
epoch:  88 
epoch:  89 
epoch:  90 
epoch:  91 
epoch:  92 
epoch:  93 
epoch:  94 
epoch:  95 
epoch:  96 
epoch:  97 
epoch:  98 
epoch:  99 
Running without multiprocessing
MP took 0.2684195041656494 seconds
Reset The model
