python.exe : Special tokens have been added in the vocabulary, make sure the associated word embeddings are fine-tuned or trained.
At line:3 char:1
+ & $py diag_lamagic2.py *> "C:\Users\Devavrat\circuit-repro\_logs\lama ...
+ ~~~~~~~~~~~~~~~~~~~~~~~~~~~~~~~~~~~~~~~~~~~~~~~~~~~~~~~~~~~~~~~~~~~~~
    + CategoryInfo          : NotSpecified: (Special tokens ...ned or trained.:String) [], RemoteException
    + FullyQualifiedErrorId : NativeCommandError
 
C:\Users\Devavrat\radioconda\envs\lamagic\lib\site-packages\transformers\modeling_utils.py:942: FutureWarning: The `device` argument is deprecated and 
will be removed in v5 of Transformers.
  warnings.warn(
C:\Users\Devavrat\radioconda\envs\lamagic\lib\site-packages\transformers\modeling_utils.py:896: FutureWarning: The `device` argument is deprecated and 
will be removed in v5 of Transformers.
  warnings.warn(
len(tok)=32115  new=14  new_special=1
token -> id
   <sep>        32114
   <duty_0.1>   32103
   <duty_0.5>   32107
   <duty_0.9>   32111
   Sa           32112
   Sb           32113
   C            254
   L            434
   VIN          32100
   VOUT         32101
   GND          32102
   0            632
   1            536
   12           2122
shared Embedding(32128, 768)
weight torch.Size([32128, 768])
### Init vout_linear

resize=False  emb_rows=32128  losses=[15.467, 15.952, 15.566, 15.024, 15.061]  mean=15.414
shared Embedding(32128, 768)
weight torch.Size([32128, 768])
### Init vout_linear

resize=True  emb_rows=32115  losses=[15.467, 15.952, 15.566, 15.024, 15.061]  mean=15.414
