python.exe : Special tokens have been added in the vocabulary, make sure the associated word embeddings are fine-tuned or trained.
At line:3 char:1
+ & $py diag2_lamagic2.py *> "C:\Users\Devavrat\circuit-repro\_logs\lam ...
+ ~~~~~~~~~~~~~~~~~~~~~~~~~~~~~~~~~~~~~~~~~~~~~~~~~~~~~~~~~~~~~~~~~~~~~
    + CategoryInfo          : NotSpecified: (Special tokens ...ned or trained.:String) [], RemoteException
    + FullyQualifiedErrorId : NativeCommandError
 
C:\Users\Devavrat\radioconda\envs\lamagic\lib\site-packages\transformers\modeling_utils.py:942: FutureWarning: The `device` argument is deprecated and 
will be removed in v5 of Transformers.
  warnings.warn(
C:\Users\Devavrat\radioconda\envs\lamagic\lib\site-packages\transformers\modeling_utils.py:896: FutureWarning: The `device` argument is deprecated and 
will be removed in v5 of Transformers.
  warnings.warn(
C:\Users\Devavrat\radioconda\envs\lamagic\lib\site-packages\transformers\generation\utils.py:1518: UserWarning: You have modified the pretrained model 
configuration to control generation. This is a deprecated strategy to control generation and will be removed soon, in a future version. Please use and 
modify the model generation configuration (see https://huggingface.co/docs/transformers/generation_strategies#default-text-generation-configuration )
  warnings.warn(
shared Embedding(32128, 768)
weight torch.Size([32128, 768])
### Init vout_linear
missing_keys: 0
unexpected_keys: 0
mismatched_keys: 0
error_msgs: 0

vout_linear loaded correctly: True
shared.weight loaded correctly: True

label tokens: ['<duty_0.1>', '<sep>', 'VIN', 'Sa', '0', 'L', '3', '▁', ',', 'VOUT', 'L', '4', '▁', ',', 'GND', 'Sb', '2', '▁', ',', 'Sa', '0', 'Sa', '1', 'L', '4', '▁', ',', 'Sa', '1', 'Sb', '2', 'L', '3', '<sep>', '</s>']

[true] loss=15.467
   gen: <pad> <duty_0.5> <sep> VIN L 3, VOUT L 4, GND Sb 2, Sa 0 Sa 1 Sb 2 L 3, Sa 0 Sa 1 L 4<sep></s>

[zeros] loss=15.945
   gen: <pad> <duty_0.7> <sep> VIN Sa 0 Sa 1, VOUT Sa 0 Sa 1 L 3, GND Sb 2 L 4, Sb 2 L 3 L 4<sep></s>

[extreme] loss=16.911
   gen: <pad> <duty_0.7> <sep> VIN Sa 0, VOUT Sb 2, GND Sa 1 L 3, Sa 0 Sb 2 L 4, Sa 1 L 3 L 4<sep></s>

loss on model's OWN greedy output: 0.0610
