python.exe : Special tokens have been added in the vocabulary, make sure the associated word embeddings are fine-tuned or trained.
At line:3 char:1
+ & $py diag3_lamagic2.py *> "C:\Users\Devavrat\circuit-repro\_logs\lam ...
+ ~~~~~~~~~~~~~~~~~~~~~~~~~~~~~~~~~~~~~~~~~~~~~~~~~~~~~~~~~~~~~~~~~~~~~
    + CategoryInfo          : NotSpecified: (Special tokens ...ned or trained.:String) [], RemoteException
    + FullyQualifiedErrorId : NativeCommandError
 
C:\Users\Devavrat\radioconda\envs\lamagic\lib\site-packages\transformers\modeling_utils.py:942: FutureWarning: The `device` argument is deprecated and 
will be removed in v5 of Transformers.
  warnings.warn(
C:\Users\Devavrat\radioconda\envs\lamagic\lib\site-packages\transformers\modeling_utils.py:896: FutureWarning: The `device` argument is deprecated and 
will be removed in v5 of Transformers.
  warnings.warn(
shared Embedding(32128, 768)
weight torch.Size([32128, 768])
### Init vout_linear
record |  naive ' ,'  |  collapsed ','
  0    |   15.467 (n=35) |   15.467 (n=35)
  1    |   15.952 (n=35) |   15.952 (n=35)
  2    |   15.566 (n=35) |   15.566 (n=35)
  3    |   15.024 (n=35) |   15.024 (n=35)
  4    |   15.061 (n=35) |   15.061 (n=35)
  5    |   17.973 (n=35) |   17.973 (n=35)

naive     tokens: ['<duty_0.1>', '<sep>', 'VIN', 'Sa', '0', 'L', '3', '▁', ',', 'VOUT', 'L', '4', '▁', ',', 'GND', 'Sb', '2', '▁', ',', 'Sa', '0', 'Sa', '1', 'L', '4', '▁', ',', 'Sa', '1', 'Sb', '2', 'L', '3', '<sep>', '</s>']

collapsed tokens: ['<duty_0.1>', '<sep>', 'VIN', 'Sa', '0', 'L', '3', '▁', ',', 'VOUT', 'L', '4', '▁', ',', 'GND', 'Sb', '2', '▁', ',', 'Sa', '0', 'Sa', '1', 'L', '4', '▁', ',', 'Sa', '1', 'Sb', '2', 'L', '3', '<sep>', '</s>']
