python.exe : Special tokens have been added in the vocabulary, make sure the associated word embeddings are fine-tuned or trained.
At line:3 char:1
+ & $py smoke_lamagic2.py *> "C:\Users\Devavrat\circuit-repro\_logs\lam ...
+ ~~~~~~~~~~~~~~~~~~~~~~~~~~~~~~~~~~~~~~~~~~~~~~~~~~~~~~~~~~~~~~~~~~~~~
    + CategoryInfo          : NotSpecified: (Special tokens ...ned or trained.:String) [], RemoteException
    + FullyQualifiedErrorId : NativeCommandError
 
C:\Users\Devavrat\radioconda\envs\lamagic\lib\site-packages\transformers\modeling_utils.py:942: FutureWarning: The `device` argument is deprecated and 
will be removed in v5 of Transformers.
  warnings.warn(
C:\Users\Devavrat\radioconda\envs\lamagic\lib\site-packages\transformers\modeling_utils.py:896: FutureWarning: The `device` argument is deprecated and 
will be removed in v5 of Transformers.
  warnings.warn(
C:\Users\Devavrat\radioconda\envs\lamagic\lib\site-packages\transformers\generation\utils.py:1518: UserWarning: You have modified the pretrained model 
configuration to control generation. This is a deprecated strategy to control generation and will be removed soon, in a future version. Please use and 
modify the model generation configuration (see https://huggingface.co/docs/transformers/generation_strategies#default-text-generation-configuration )
  warnings.warn(
tokenizer: base=32100 +14 tokens +1 special -> len=32115
shared Embedding(32128, 768)
weight torch.Size([32128, 768])
### Init vout_linear
checkpoint embedding rows: 32128
vout_linear present: True, shape=(768, 1)
NOTE: resizing embeddings 32128 -> 32115

--- input record ---
vout : 0.17793930217578224
eff  : 0.06487231267067281
input: 'VIN VOUT GND Sa 0  Sa 1  Sb 2  L 3  L 4  <sep> '
ref  : ' <duty_0.1>  <sep>  VIN Sa 0 L 3  , VOUT L 4  , GND Sb 2  , Sa 0 Sa 1 L 4  , Sa 1 Sb 2 L 3  <sep>'

input_ids (1, 15)  labels (1, 35)
decoded input: VIN VOUT GND Sa 0 Sa 1 Sb 2 L 3 L 4 <sep></s>

teacher-forced loss on the true pair: 15.4668

--- GENERATED TOPOLOGY ---
<pad> <duty_0.5> <sep> VIN L 3, VOUT L 4, GND Sb 2, Sa 0 Sa 1 Sb 2 L 3, Sa 0 Sa 1 L 4<sep></s>

--- REFERENCE ---
<duty_0.1> <sep> VIN Sa 0 L 3 , VOUT L 4 , GND Sb 2 , Sa 0 Sa 1 L 4 , Sa 1 Sb 2 L 3 <sep>
