Error opening code model "/ucrt64/lib/ngspice/spice2poly.cm"
: The specified module could not be found.

Error: Library /ucrt64/lib/ngspice/spice2poly.cm couldn't be loaded!
Error opening code model "/ucrt64/lib/ngspice/analog.cm"
: The specified module could not be found.

Error: Library /ucrt64/lib/ngspice/analog.cm couldn't be loaded!
Error opening code model "/ucrt64/lib/ngspice/digital.cm"
: The specified module could not be found.

Error: Library /ucrt64/lib/ngspice/digital.cm couldn't be loaded!
Error opening code model "/ucrt64/lib/ngspice/xtradev.cm"
: The specified module could not be found.

Error: Library /ucrt64/lib/ngspice/xtradev.cm couldn't be loaded!
Error opening code model "/ucrt64/lib/ngspice/xtraevt.cm"
: The specified module could not be found.

Error: Library /ucrt64/lib/ngspice/xtraevt.cm couldn't be loaded!
Error opening code model "/ucrt64/lib/ngspice/table.cm"
: The specified module could not be found.

Error: Library /ucrt64/lib/ngspice/table.cm couldn't be loaded!
Error opening code model "/ucrt64/lib/ngspice/tlines.cm"
: The specified module could not be found.

Error: Library /ucrt64/lib/ngspice/tlines.cm couldn't be loaded!

Note: No compatibility mode selected!


Circuit: rc lowpass smoke test

Doing analysis at TEMP = 27.000000 and TNOM = 27.000000

Using SPARSE 1.3 as Direct Linear Solver

No. of Data Rows : 1
	Node                                  Voltage
	----                                  -------
	----	-------
	out                              1.000000e+00
	in                               1.000000e+00

	Source	Current
	------	-------

	v1#branch                        0.000000e+00

 Capacitor models (Fixed capacitor)
      model                     C

        cap                     0
         cj                     0
       cjsw                     0
       defw                 1e-05
       defl                     0
     narrow                     0
      short                     0
        del                     0
        tc1                     0
        tc2                     0
         di                     0
      thick                     0
     bv_max                 1e+99

 Resistor models (Simple linear resistor)
      model                     R

        rsh                     0
     narrow                     0
      short                     0
        tc1                     0
        tc2                     0
        tce                     0
       defw                 1e-05
          l                 1e-05
         kf                     0
         af                     0
          r                     0
     bv_max                 1e+99
         lf                     1
         wf                     1
         ef                     1

 Capacitor: Fixed capacitor
     device                    c1
      model                     C
capacitance                 1e-06
      dtemp                     0
     bv_max                 1e+99
          i                     0
          p                     0

 Resistor: Simple linear resistor
     device                    r1
      model                     R
 resistance                  1000
         ac                  1000
      dtemp                     0
     bv_max                 1e+99
      noisy                     1
          i                     0
          p                     0

 Vsource: Independent voltage source
     device                    v1
         dc                     1
      acmag                     0
      pulse         -
        sin         -
        exp         -
        pwl         -
       sffm         -
         am         -
    trnoise         -
   trrandom         -
    portnum                     0
         z0                     0
        pwr                     0
       freq                     0
      phase                     0
          i                     0
          p                     0


Total analysis time (seconds) = 0.00200009

Total elapsed time (seconds) = 0.064 

Total DRAM available = 16202.676 MB.
DRAM currently available = 4979.887 MB.
Maximum ngspice program size =   16.883 MB.
Current ngspice program size =   16.883 MB.

