Default-param DC gain: 197.96
Default params (kΩ/nF): [1.0, 5.0, 1.0, 10.0, 2.0, 4.0, 5.0, 10.0, 10.0, 5.0]


================================================================================
ZO-HYBRID OPTIMIZATION (10-Parameter Circuit): ZO-SGD → ZO-CGD (Mode 0)
================================================================================
Objective: gain
Parameters: 10 (R1-R8, C1-C2)
Phase 1 (ZO-SGD): 8 iterations, K=2
Phase 2 (ZO-CGD): 1 iterations
================================================================================

[Stage 0] Initial Sampling
--------------------------------------------------------------------------------
Sampled 10 candidates
Best from sampling: 23963.5568
Evaluations used: 10

[Stage 1] ZO-SGD Phase
--------------------------------------------------------------------------------
  Epoch   1/8: current=981313.5348, best=981313.5348, Δ=+957349.9781, lr=0.4750, μ=0.0950
  Epoch   2/8: current=1984.0812, best=981313.5348, Δ=-979329.4536, lr=0.4512, μ=0.0902
  Epoch   3/8: current=981313.5329, best=981313.5348, Δ=+979329.4517, lr=0.4287, μ=0.0857
  Epoch   4/8: current=  2.0039, best=981313.5348, Δ=-981311.5290, lr=0.4073, μ=0.0815
  Epoch   5/8: current=  4.5084, best=981313.5348, Δ=+2.5045, lr=0.3869, μ=0.0774
  Epoch   6/8: current=  6.7898, best=981313.5348, Δ=+2.2814, lr=0.3675, μ=0.0735
  Epoch   7/8: current= 14.3892, best=981313.5348, Δ=+7.5994, lr=0.3492, μ=0.0698
  Epoch   8/8: current=  2.0099, best=981313.5348, Δ=-12.3793, lr=0.3317, μ=0.0663
ZO-SGD completed: best=981313.5348
Evaluations used: 41
Total evaluations so far: 51

[Stage 2] ZO-CGD Phase
--------------------------------------------------------------------------------
Starting from ZO-SGD's best point: 981313.5348
  Epoch   1/1: current=972242041.2073, best=972242041.2073, Δ=+971260727.6725, lr=0.9500, μ=0.9500
ZO-CGD completed: 972242041.2073
Evaluations used: 22
Total evaluations so far: 73

================================================================================
OPTIMIZATION COMPLETE
================================================================================
Best objective: 972242041.2073 (from cgd phase)
Initial → ZO-SGD: 23963.5568 → 981313.5348 (Δ = +957349.9781)
ZO-SGD → ZO-CGD: 981313.5348 → 972242041.2073 (Δ = +971260727.6725)
Overall improvement: +972218077.6506
Total evaluations: 73
Time: 0.41s
================================================================================

ZOAF best gain: 972242041.21
ZOAF best params: [  0.1        100.           0.1        100.           0.1
 100.           0.1        100.           0.10000006  81.01070139]
Total simulator calls: 73
