Current recursion limit: 1000
New recursion limit: 9000
[p1_gen] s1 t2-nb090-noise-0012      edits=1 valid=True gpu_s=17.3 wall=17.4 think=249/word
[p1_gen] s1 t2-nb090-noise-0013      edits=1 valid=True gpu_s=16.5 wall=16.8 think=218/word
[p1_gen] s1 t2-nb090-noise-0047      edits=1 valid=True gpu_s=16.2 wall=16.5 think=269/word
[p1_gen] s1 t2-nb090-noise-0068      edits=1 valid=True gpu_s=8.0 wall=8.3 think=4/word
[p1_gen] s1 t2-nb090-noise-0129      edits=1 valid=True gpu_s=17.7 wall=18.0 think=281/word
[p1_gen] s1 t2-nb090-noise-0143      edits=1 valid=True gpu_s=21.6 wall=21.9 think=308/word
[p1_gen] s1 t2-nb090-noise-0240      edits=1 valid=True gpu_s=16.5 wall=16.8 think=197/word
[p1_gen] s1 t2-nb090-noise-0254      edits=1 valid=False gpu_s=20.0 wall=20.3 think=297/word
[p1_gen] s1 t2-nb090-noise-0269      edits=1 valid=True gpu_s=16.2 wall=16.6 think=196/word
[p1_gen] s1 t2-nb090-noise-0286      edits=1 valid=True gpu_s=17.3 wall=17.7 think=228/word
[p1_gen] s1 t2-nb090-noise-0287      edits=1 valid=True gpu_s=16.6 wall=16.9 think=220/word
[p1_gen] s1 t2-nb090-noise-0291      edits=1 valid=True gpu_s=16.3 wall=16.6 think=240/word
[p1_gen] s1 t2-nb090-noise-0300      edits=1 valid=True gpu_s=19.3 wall=19.7 think=277/word
[p1_gen] s1 t2-nb090-noise-0307      edits=1 valid=True gpu_s=16.0 wall=16.4 think=209/word
[p1_gen] s1 t2-nb090-noise-0312      edits=1 valid=True gpu_s=19.3 wall=19.6 think=311/word
[p1_gen] s1 t2-nb090-noise-0322      edits=1 valid=True gpu_s=18.2 wall=18.6 think=242/word
[p1_gen] s1 t2-nb090-noise-0323      edits=1 valid=True gpu_s=17.1 wall=17.5 think=233/word
[p1_gen] s1 t2-nb090-noise-0349      edits=1 valid=True gpu_s=18.6 wall=18.9 think=292/word
[p1_gen] s1 t2-nb090-noise-0350      edits=1 valid=True gpu_s=17.3 wall=17.7 think=238/word
[p1_gen] s1 t2-nb090-noise-0351      edits=1 valid=True gpu_s=16.0 wall=16.3 think=223/word
[p1_gen] s1 t2-nb090-noise-0363      edits=1 valid=True gpu_s=21.5 wall=21.9 think=337/word
[p1_gen] s1 t2-nb090-noise-0375      edits=1 valid=True gpu_s=18.7 wall=19.0 think=296/word
[p1_gen] s1 t2-nb090-noise-0387      edits=1 valid=True gpu_s=18.2 wall=18.6 think=251/word
[p1_gen] s1 t2-nb090-noise-0397      edits=1 valid=True gpu_s=23.0 wall=23.4 think=399/word
[p1_gen] s1 t2-nb090-noise-0411      edits=1 valid=True gpu_s=20.4 wall=20.8 think=312/word
[p1_gen] s1 t2-wb1020-gain-0001      edits=1 valid=True gpu_s=18.9 wall=19.2 think=268/word
[p1_gen] s1 t2-wb1020-gain-0010      edits=1 valid=True gpu_s=7.9 wall=8.2 think=4/word
[p1_gen] s1 t2-wb1020-gain-0026      edits=1 valid=True gpu_s=6.5 wall=6.8 think=4/word
[p1_gen] s1 t2-wb1020-gain-0027      edits=1 valid=True gpu_s=16.0 wall=16.3 think=186/word
[p1_gen] s1 t2-wb1020-gain-0028      edits=1 valid=True gpu_s=17.7 wall=18.0 think=226/word
[p1_gen] s1 t2-wb1020-gain-0043      edits=1 valid=True gpu_s=17.9 wall=18.2 think=272/word
[p1_gen] s1 t2-wb1020-gain-0044      edits=1 valid=True gpu_s=7.0 wall=7.4 think=3/word
[p1_gen] s1 t2-wb1020-gain-0045      edits=1 valid=True gpu_s=15.5 wall=15.8 think=174/word
[p1_gen] s1 t2-wb1020-gain-0046      edits=1 valid=True gpu_s=17.3 wall=17.7 think=217/word
[p1_gen] s1 t2-wb1020-gain-0065      edits=1 valid=True gpu_s=16.7 wall=17.1 think=190/word
[p1_gen] s1 t2-wb1020-gain-0066      edits=1 valid=True gpu_s=15.0 wall=15.3 think=209/word
[p1_gen] s1 t2-wb1020-gain-0067      edits=1 valid=True gpu_s=8.4 wall=8.8 think=3/word
[p1_gen] s1 t2-wb1020-gain-0088      edits=1 valid=True gpu_s=6.9 wall=7.2 think=4/word
[p1_gen] s1 t2-wb1020-gain-0089      edits=1 valid=True gpu_s=17.7 wall=18.0 think=228/word
[p1_gen] s1 t2-wb1020-gain-0107      edits=1 valid=True gpu_s=14.8 wall=15.1 think=233/word
[p1_gen] s1 t2-wb1020-gain-0108      edits=1 valid=True gpu_s=18.7 wall=19.0 think=258/word
[p1_gen] s1 t2-wb1020-gain-0109      edits=1 valid=True gpu_s=16.0 wall=16.4 think=189/word
[p1_gen] s1 t2-wb1020-gain-0126      edits=1 valid=True gpu_s=16.0 wall=16.3 think=208/word
[p1_gen] s1 t2-wb1020-gain-0127      edits=1 valid=True gpu_s=16.1 wall=16.5 think=223/word
[p1_gen] s1 t2-wb1020-gain-0128      edits=1 valid=True gpu_s=17.0 wall=17.3 think=211/word
[p1_gen] s1 t2-wb1020-gain-0142      edits=1 valid=True gpu_s=17.9 wall=18.2 think=232/word
[p1_gen] s1 t2-wb1020-gain-0159      edits=1 valid=True gpu_s=15.5 wall=15.9 think=176/word
[p1_gen] s1 t2-wb1020-gain-0160      edits=1 valid=True gpu_s=16.4 wall=16.7 think=197/word
[p1_gen] s1 t2-wb1020-gain-0161      edits=1 valid=True gpu_s=18.4 wall=18.7 think=243/word
[p1_gen] s1 t2-wb1020-gain-0182      edits=1 valid=True gpu_s=18.5 wall=18.8 think=258/word
[p1_gen] s1 t2-wb1020-gain-0183      edits=1 valid=True gpu_s=17.6 wall=17.9 think=249/word
[p1_gen] s1 t2-wb1020-gain-0184      edits=1 valid=True gpu_s=19.2 wall=19.5 think=248/word
[p1_gen] s1 t2-wb1020-gain-0205      edits=1 valid=True gpu_s=16.4 wall=16.7 think=210/word
[p1_gen] s1 t2-wb1020-gain-0206      edits=1 valid=True gpu_s=13.2 wall=13.5 think=199/word
[p1_gen] s1 t2-wb1020-gain-0207      edits=1 valid=True gpu_s=16.9 wall=17.1 think=198/word
[p1_gen] s1 t2-wb1020-gain-0223      edits=1 valid=True gpu_s=18.1 wall=18.5 think=236/word
[p1_gen] s1 v2b-wb0824-gain-188      edits=1 valid=True gpu_s=17.0 wall=17.3 think=210/word
[p1_gen] s1 v2b-wb1020-noise-217     edits=1 valid=True gpu_s=17.8 wall=18.1 think=228/word
[p1_gen] s2 t2-nb090-noise-0012      edits=1 valid=True gpu_s=17.4 wall=17.7 think=235/word
[p1_gen] s2 t2-nb090-noise-0013      edits=1 valid=True gpu_s=19.2 wall=19.6 think=254/word
[p1_gen] s2 t2-nb090-noise-0047      edits=1 valid=True gpu_s=16.4 wall=16.8 think=241/word
[p1_gen] s2 t2-nb090-noise-0068      edits=1 valid=True gpu_s=17.9 wall=18.2 think=225/word
[p1_gen] s2 t2-nb090-noise-0129      edits=1 valid=True gpu_s=15.7 wall=16.0 think=182/word
[p1_gen] s2 t2-nb090-noise-0143      edits=1 valid=True gpu_s=7.8 wall=8.1 think=4/word
[p1_gen] s2 t2-nb090-noise-0240      edits=1 valid=True gpu_s=19.6 wall=19.9 think=266/word
[p1_gen] s2 t2-nb090-noise-0254      edits=1 valid=True gpu_s=16.4 wall=16.7 think=242/word
[p1_gen] s2 t2-nb090-noise-0269      edits=1 valid=True gpu_s=15.8 wall=16.1 think=227/word
[p1_gen] s2 t2-nb090-noise-0286      edits=1 valid=True gpu_s=17.7 wall=18.1 think=239/word
[p1_gen] s2 t2-nb090-noise-0287      edits=1 valid=True gpu_s=18.4 wall=18.8 think=264/word
[p1_gen] s2 t2-nb090-noise-0291      edits=1 valid=True gpu_s=19.6 wall=19.9 think=283/word
[p1_gen] s2 t2-nb090-noise-0300      edits=1 valid=True gpu_s=17.9 wall=18.2 think=242/word
[p1_gen] s2 t2-nb090-noise-0307      edits=1 valid=True gpu_s=6.3 wall=6.7 think=4/word
[p1_gen] s2 t2-nb090-noise-0312      edits=1 valid=True gpu_s=17.4 wall=17.7 think=241/word
[p1_gen] s2 t2-nb090-noise-0322      edits=1 valid=True gpu_s=19.1 wall=19.5 think=282/word
[p1_gen] s2 t2-nb090-noise-0323      edits=1 valid=True gpu_s=19.4 wall=19.8 think=288/word
[p1_gen] s2 t2-nb090-noise-0349      edits=1 valid=True gpu_s=6.4 wall=6.7 think=4/word
[p1_gen] s2 t2-nb090-noise-0350      edits=1 valid=True gpu_s=15.8 wall=16.1 think=203/word
[p1_gen] s2 t2-nb090-noise-0351      edits=1 valid=True gpu_s=16.2 wall=16.5 think=212/word
[p1_gen] s2 t2-nb090-noise-0363      edits=1 valid=True gpu_s=16.2 wall=16.6 think=204/word
[p1_gen] s2 t2-nb090-noise-0375      edits=1 valid=True gpu_s=18.2 wall=18.6 think=251/word
[p1_gen] s2 t2-nb090-noise-0387      edits=1 valid=True gpu_s=16.8 wall=17.1 think=226/word
[p1_gen] s2 t2-nb090-noise-0397      edits=1 valid=True gpu_s=17.8 wall=18.1 think=239/word
[p1_gen] s2 t2-nb090-noise-0411      edits=1 valid=True gpu_s=6.3 wall=6.7 think=3/word
error
[p1_gen] s2 t2-wb1020-gain-0001      edits=1 valid=False gpu_s=18.3 wall=18.7 think=276/word
[p1_gen] s2 t2-wb1020-gain-0010      edits=1 valid=True gpu_s=16.4 wall=16.7 think=195/word
[p1_gen] s2 t2-wb1020-gain-0026      edits=1 valid=True gpu_s=15.8 wall=16.1 think=245/word
[p1_gen] s2 t2-wb1020-gain-0027      edits=1 valid=True gpu_s=19.8 wall=20.1 think=276/word
[p1_gen] s2 t2-wb1020-gain-0028      edits=1 valid=True gpu_s=8.3 wall=8.6 think=4/word
[p1_gen] s2 t2-wb1020-gain-0043      edits=1 valid=True gpu_s=15.8 wall=16.1 think=252/word
[p1_gen] s2 t2-wb1020-gain-0044      edits=1 valid=True gpu_s=18.3 wall=18.6 think=255/word
[p1_gen] s2 t2-wb1020-gain-0045      edits=1 valid=True gpu_s=7.9 wall=8.2 think=4/word
[p1_gen] s2 t2-wb1020-gain-0046      edits=1 valid=True gpu_s=8.2 wall=8.5 think=3/word
[p1_gen] s2 t2-wb1020-gain-0065      edits=1 valid=True gpu_s=17.7 wall=18.1 think=215/word
[p1_gen] s2 t2-wb1020-gain-0066      edits=1 valid=True gpu_s=18.1 wall=18.4 think=222/word
[p1_gen] s2 t2-wb1020-gain-0067      edits=1 valid=True gpu_s=7.9 wall=8.2 think=4/word
[p1_gen] s2 t2-wb1020-gain-0088      edits=1 valid=True gpu_s=14.1 wall=14.4 think=175/word
[p1_gen] s2 t2-wb1020-gain-0089      edits=1 valid=True gpu_s=16.1 wall=16.4 think=188/word
[p1_gen] s2 t2-wb1020-gain-0107      edits=1 valid=True gpu_s=14.4 wall=14.7 think=191/word
[p1_gen] s2 t2-wb1020-gain-0108      edits=1 valid=True gpu_s=17.3 wall=17.6 think=225/word
[p1_gen] s2 t2-wb1020-gain-0109      edits=1 valid=True gpu_s=8.2 wall=8.5 think=3/word
[p1_gen] s2 t2-wb1020-gain-0126      edits=1 valid=True gpu_s=15.9 wall=16.2 think=254/word
[p1_gen] s2 t2-wb1020-gain-0127      edits=1 valid=True gpu_s=14.9 wall=15.2 think=150/word
[p1_gen] s2 t2-wb1020-gain-0128      edits=1 valid=True gpu_s=17.8 wall=18.1 think=229/word
[p1_gen] s2 t2-wb1020-gain-0142      edits=1 valid=True gpu_s=16.4 wall=16.7 think=196/word
[p1_gen] s2 t2-wb1020-gain-0159      edits=1 valid=True gpu_s=18.4 wall=18.8 think=241/word
[p1_gen] s2 t2-wb1020-gain-0160      edits=1 valid=True gpu_s=8.3 wall=8.6 think=4/word
[p1_gen] s2 t2-wb1020-gain-0161      edits=1 valid=True gpu_s=18.4 wall=18.7 think=261/word
[p1_gen] s2 t2-wb1020-gain-0182      edits=1 valid=True gpu_s=18.1 wall=18.5 think=279/word
[p1_gen] s2 t2-wb1020-gain-0183      edits=1 valid=True gpu_s=20.5 wall=20.9 think=310/word
[p1_gen] s2 t2-wb1020-gain-0184      edits=1 valid=True gpu_s=14.6 wall=15.0 think=200/word
[p1_gen] s2 t2-wb1020-gain-0205      edits=1 valid=True gpu_s=6.9 wall=7.2 think=3/word
[p1_gen] s2 t2-wb1020-gain-0206      edits=1 valid=True gpu_s=19.2 wall=19.5 think=275/word
[p1_gen] s2 t2-wb1020-gain-0207      edits=1 valid=True gpu_s=15.4 wall=15.7 think=171/word
[p1_gen] s2 t2-wb1020-gain-0223      edits=1 valid=True gpu_s=15.4 wall=15.8 think=224/word
[p1_gen] s2 v2b-wb0824-gain-188      edits=1 valid=True gpu_s=17.9 wall=18.3 think=224/word
[p1_gen] s2 v2b-wb1020-noise-217     edits=1 valid=True gpu_s=23.2 wall=23.6 think=345/word
[p1_gen] s3 t2-nb090-noise-0012      edits=1 valid=True gpu_s=16.1 wall=16.4 think=225/word
[p1_gen] s3 t2-nb090-noise-0013      edits=1 valid=True gpu_s=13.5 wall=13.8 think=169/word
[p1_gen] s3 t2-nb090-noise-0047      edits=1 valid=True gpu_s=18.0 wall=18.3 think=248/word
[p1_gen] s3 t2-nb090-noise-0068      edits=1 valid=True gpu_s=15.8 wall=16.1 think=231/word
[p1_gen] s3 t2-nb090-noise-0129      edits=1 valid=True gpu_s=18.8 wall=19.1 think=256/word
[p1_gen] s3 t2-nb090-noise-0143      edits=1 valid=True gpu_s=17.1 wall=17.4 think=207/word
[p1_gen] s3 t2-nb090-noise-0240      edits=1 valid=True gpu_s=21.8 wall=22.1 think=313/word
[p1_gen] s3 t2-nb090-noise-0254      edits=1 valid=True gpu_s=7.4 wall=7.8 think=4/word
[p1_gen] s3 t2-nb090-noise-0269      edits=1 valid=True gpu_s=19.2 wall=19.5 think=274/word
[p1_gen] s3 t2-nb090-noise-0286      edits=1 valid=True gpu_s=16.9 wall=17.3 think=253/word
[p1_gen] s3 t2-nb090-noise-0287      edits=1 valid=True gpu_s=19.1 wall=19.4 think=252/word
[p1_gen] s3 t2-nb090-noise-0291      edits=1 valid=True gpu_s=18.0 wall=18.3 think=246/word
[p1_gen] s3 t2-nb090-noise-0300      edits=1 valid=True gpu_s=18.1 wall=18.5 think=285/word
[p1_gen] s3 t2-nb090-noise-0307      edits=1 valid=True gpu_s=15.8 wall=16.1 think=204/word
[p1_gen] s3 t2-nb090-noise-0312      edits=1 valid=True gpu_s=19.6 wall=19.9 think=295/word
[p1_gen] s3 t2-nb090-noise-0322      edits=1 valid=True gpu_s=15.8 wall=16.1 think=203/word
[p1_gen] s3 t2-nb090-noise-0323      edits=1 valid=True gpu_s=18.7 wall=19.0 think=296/word
[p1_gen] s3 t2-nb090-noise-0349      edits=1 valid=True gpu_s=17.0 wall=17.4 think=232/word
[p1_gen] s3 t2-nb090-noise-0350      edits=1 valid=True gpu_s=17.3 wall=17.7 think=263/word
[p1_gen] s3 t2-nb090-noise-0351      edits=1 valid=True gpu_s=18.8 wall=19.2 think=299/word
[p1_gen] s3 t2-nb090-noise-0363      edits=1 valid=True gpu_s=17.9 wall=18.3 think=261/word
[p1_gen] s3 t2-nb090-noise-0375      edits=1 valid=True gpu_s=15.8 wall=16.1 think=203/word
[p1_gen] s3 t2-nb090-noise-0387      edits=1 valid=True gpu_s=16.8 wall=17.2 think=207/word
[p1_gen] s3 t2-nb090-noise-0397      edits=1 valid=True gpu_s=19.1 wall=19.4 think=274/word
[p1_gen] s3 t2-nb090-noise-0411      edits=1 valid=True gpu_s=23.8 wall=24.1 think=416/word
[p1_gen] s3 t2-wb1020-gain-0001      edits=1 valid=True gpu_s=15.2 wall=15.6 think=182/word
[p1_gen] s3 t2-wb1020-gain-0010      edits=1 valid=True gpu_s=17.2 wall=17.5 think=216/word
[p1_gen] s3 t2-wb1020-gain-0026      edits=1 valid=True gpu_s=18.2 wall=18.6 think=253/word
[p1_gen] s3 t2-wb1020-gain-0027      edits=1 valid=True gpu_s=18.7 wall=19.1 think=229/word
[p1_gen] s3 t2-wb1020-gain-0028      edits=1 valid=True gpu_s=20.1 wall=20.4 think=273/word
[p1_gen] s3 t2-wb1020-gain-0043      edits=1 valid=True gpu_s=6.0 wall=6.3 think=7/word
[p1_gen] s3 t2-wb1020-gain-0044      edits=1 valid=True gpu_s=15.6 wall=15.9 think=219/word
[p1_gen] s3 t2-wb1020-gain-0045      edits=1 valid=True gpu_s=15.5 wall=15.8 think=175/word
[p1_gen] s3 t2-wb1020-gain-0046      edits=1 valid=True gpu_s=19.8 wall=20.2 think=263/word
[p1_gen] s3 t2-wb1020-gain-0065      edits=1 valid=True gpu_s=19.9 wall=20.2 think=288/word
[p1_gen] s3 t2-wb1020-gain-0066      edits=1 valid=True gpu_s=8.3 wall=8.6 think=3/word
[p1_gen] s3 t2-wb1020-gain-0067      edits=1 valid=True gpu_s=18.5 wall=18.8 think=236/word
[p1_gen] s3 t2-wb1020-gain-0088      edits=1 valid=True gpu_s=15.1 wall=15.4 think=228/word
[p1_gen] s3 t2-wb1020-gain-0089      edits=1 valid=True gpu_s=17.2 wall=17.5 think=214/word
[p1_gen] s3 t2-wb1020-gain-0107      edits=1 valid=True gpu_s=18.8 wall=19.1 think=266/word
[p1_gen] s3 t2-wb1020-gain-0108      edits=1 valid=True gpu_s=15.5 wall=15.8 think=174/word
[p1_gen] s3 t2-wb1020-gain-0109      edits=1 valid=True gpu_s=18.1 wall=18.4 think=232/word
[p1_gen] s3 t2-wb1020-gain-0126      edits=1 valid=True gpu_s=15.1 wall=15.4 think=250/word
[p1_gen] s3 t2-wb1020-gain-0127      edits=1 valid=True gpu_s=18.7 wall=19.0 think=241/word
[p1_gen] s3 t2-wb1020-gain-0128      edits=1 valid=True gpu_s=15.4 wall=15.8 think=173/word
[p1_gen] s3 t2-wb1020-gain-0142      edits=1 valid=True gpu_s=20.3 wall=20.6 think=288/word
[p1_gen] s3 t2-wb1020-gain-0159      edits=1 valid=True gpu_s=8.3 wall=8.6 think=4/word
[p1_gen] s3 t2-wb1020-gain-0160      edits=1 valid=True gpu_s=16.0 wall=16.3 think=216/word
[p1_gen] s3 t2-wb1020-gain-0161      edits=1 valid=True gpu_s=16.9 wall=17.3 think=199/word
[p1_gen] s3 t2-wb1020-gain-0182      edits=1 valid=True gpu_s=15.7 wall=16.0 think=198/word
[p1_gen] s3 t2-wb1020-gain-0183      edits=1 valid=True gpu_s=19.7 wall=20.0 think=288/word
[p1_gen] s3 t2-wb1020-gain-0184      edits=1 valid=True gpu_s=18.3 wall=18.7 think=288/word
[p1_gen] s3 t2-wb1020-gain-0205      edits=1 valid=True gpu_s=15.3 wall=15.7 think=226/word
[p1_gen] s3 t2-wb1020-gain-0206      edits=1 valid=True gpu_s=20.9 wall=21.2 think=316/word
[p1_gen] s3 t2-wb1020-gain-0207      edits=1 valid=True gpu_s=18.0 wall=18.4 think=227/word
[p1_gen] s3 t2-wb1020-gain-0223      edits=1 valid=True gpu_s=16.3 wall=16.6 think=257/word
[p1_gen] s3 v2b-wb0824-gain-188      edits=1 valid=True gpu_s=17.9 wall=18.2 think=230/word
[p1_gen] s3 v2b-wb1020-noise-217     edits=1 valid=True gpu_s=19.4 wall=19.7 think=256/word
[p1_gen] s4 t2-nb090-noise-0012      edits=1 valid=True gpu_s=15.8 wall=16.2 think=200/word
[p1_gen] s4 t2-nb090-noise-0013      edits=1 valid=True gpu_s=18.4 wall=18.7 think=246/word
[p1_gen] s4 t2-nb090-noise-0047      edits=1 valid=True gpu_s=6.6 wall=6.9 think=6/word
[p1_gen] s4 t2-nb090-noise-0068      edits=1 valid=True gpu_s=17.9 wall=18.2 think=221/word
[p1_gen] s4 t2-nb090-noise-0129      edits=1 valid=True gpu_s=18.8 wall=19.1 think=256/word
[p1_gen] s4 t2-nb090-noise-0143      edits=1 valid=True gpu_s=18.0 wall=18.3 think=224/word
[p1_gen] s4 t2-nb090-noise-0240      edits=1 valid=True gpu_s=19.9 wall=20.3 think=269/word
[p1_gen] s4 t2-nb090-noise-0254      edits=1 valid=True gpu_s=6.4 wall=6.7 think=4/word
[p1_gen] s4 t2-nb090-noise-0269      edits=1 valid=True gpu_s=15.0 wall=15.3 think=185/word
[p1_gen] s4 t2-nb090-noise-0286      edits=1 valid=True gpu_s=16.8 wall=17.1 think=235/word
[p1_gen] s4 t2-nb090-noise-0287      edits=1 valid=True gpu_s=18.8 wall=19.1 think=264/word
[p1_gen] s4 t2-nb090-noise-0291      edits=1 valid=True gpu_s=19.0 wall=19.4 think=280/word
[p1_gen] s4 t2-nb090-noise-0300      edits=1 valid=True gpu_s=16.6 wall=17.0 think=248/word
[p1_gen] s4 t2-nb090-noise-0307      edits=1 valid=True gpu_s=15.2 wall=15.5 think=188/word
[p1_gen] s4 t2-nb090-noise-0312      edits=1 valid=True gpu_s=16.5 wall=16.8 think=244/word
[p1_gen] s4 t2-nb090-noise-0322      edits=1 valid=True gpu_s=17.9 wall=18.3 think=244/word
[p1_gen] s4 t2-nb090-noise-0323      edits=1 valid=True gpu_s=17.7 wall=18.1 think=249/word
[p1_gen] s4 t2-nb090-noise-0349      edits=1 valid=True gpu_s=17.0 wall=17.3 think=213/word
[p1_gen] s4 t2-nb090-noise-0350      edits=1 valid=True gpu_s=7.4 wall=7.7 think=3/word
[p1_gen] s4 t2-nb090-noise-0351      edits=1 valid=True gpu_s=17.7 wall=18.1 think=239/word
[p1_gen] s4 t2-nb090-noise-0363      edits=1 valid=True gpu_s=17.3 wall=17.6 think=238/word
[p1_gen] s4 t2-nb090-noise-0375      edits=1 valid=True gpu_s=18.5 wall=18.9 think=258/word
[p1_gen] s4 t2-nb090-noise-0387      edits=1 valid=True gpu_s=7.4 wall=7.8 think=4/word
[p1_gen] s4 t2-nb090-noise-0397      edits=1 valid=True gpu_s=18.0 wall=18.3 think=255/word
[p1_gen] s4 t2-nb090-noise-0411      edits=1 valid=True gpu_s=6.3 wall=6.7 think=3/word
[p1_gen] s4 t2-wb1020-gain-0001      edits=1 valid=True gpu_s=15.8 wall=16.1 think=213/word
[p1_gen] s4 t2-wb1020-gain-0010      edits=1 valid=True gpu_s=15.5 wall=15.8 think=221/word
[p1_gen] s4 t2-wb1020-gain-0026      edits=1 valid=True gpu_s=18.9 wall=19.2 think=270/word
[p1_gen] s4 t2-wb1020-gain-0027      edits=1 valid=True gpu_s=16.6 wall=17.0 think=202/word
[p1_gen] s4 t2-wb1020-gain-0028      edits=1 valid=True gpu_s=19.6 wall=19.9 think=281/word
[p1_gen] s4 t2-wb1020-gain-0043      edits=1 valid=True gpu_s=18.1 wall=18.4 think=257/word
[p1_gen] s4 t2-wb1020-gain-0044      edits=1 valid=True gpu_s=14.1 wall=14.4 think=183/word
[p1_gen] s4 t2-wb1020-gain-0045      edits=1 valid=True gpu_s=19.4 wall=19.7 think=257/word
[p1_gen] s4 t2-wb1020-gain-0046      edits=1 valid=True gpu_s=15.4 wall=15.8 think=174/word
[p1_gen] s4 t2-wb1020-gain-0065      edits=1 valid=True gpu_s=15.7 wall=16.1 think=181/word
[p1_gen] s4 t2-wb1020-gain-0066      edits=1 valid=True gpu_s=17.7 wall=18.0 think=215/word
[p1_gen] s4 t2-wb1020-gain-0067      edits=1 valid=True gpu_s=19.1 wall=19.4 think=250/word
[p1_gen] s4 t2-wb1020-gain-0088      edits=1 valid=True gpu_s=18.1 wall=18.4 think=250/word
[p1_gen] s4 t2-wb1020-gain-0089      edits=1 valid=True gpu_s=8.3 wall=8.6 think=4/word
[p1_gen] s4 t2-wb1020-gain-0107      edits=1 valid=True gpu_s=18.8 wall=19.1 think=295/word
[p1_gen] s4 t2-wb1020-gain-0108      edits=1 valid=True gpu_s=17.6 wall=17.9 think=218/word
[p1_gen] s4 t2-wb1020-gain-0109      edits=1 valid=True gpu_s=18.5 wall=18.9 think=243/word
[p1_gen] s4 t2-wb1020-gain-0126      edits=1 valid=True gpu_s=19.0 wall=19.3 think=271/word
[p1_gen] s4 t2-wb1020-gain-0127      edits=1 valid=True gpu_s=20.6 wall=20.9 think=287/word
[p1_gen] s4 t2-wb1020-gain-0128      edits=1 valid=True gpu_s=20.3 wall=20.7 think=275/word
[p1_gen] s4 t2-wb1020-gain-0142      edits=1 valid=True gpu_s=7.9 wall=8.3 think=4/word
[p1_gen] s4 t2-wb1020-gain-0159      edits=1 valid=True gpu_s=15.6 wall=15.9 think=208/word
[p1_gen] s4 t2-wb1020-gain-0160      edits=1 valid=True gpu_s=8.3 wall=8.6 think=4/word
[p1_gen] s4 t2-wb1020-gain-0161      edits=1 valid=True gpu_s=15.4 wall=15.7 think=182/word
[p1_gen] s4 t2-wb1020-gain-0182      edits=1 valid=True gpu_s=16.3 wall=16.7 think=224/word
[p1_gen] s4 t2-wb1020-gain-0183      edits=1 valid=True gpu_s=15.7 wall=16.0 think=207/word
[p1_gen] s4 t2-wb1020-gain-0184      edits=1 valid=True gpu_s=14.2 wall=14.5 think=190/word
[p1_gen] s4 t2-wb1020-gain-0205      edits=1 valid=True gpu_s=17.1 wall=17.4 think=260/word
[p1_gen] s4 t2-wb1020-gain-0206      edits=1 valid=True gpu_s=18.6 wall=19.0 think=263/word
[p1_gen] s4 t2-wb1020-gain-0207      edits=1 valid=True gpu_s=16.3 wall=16.7 think=186/word
[p1_gen] s4 t2-wb1020-gain-0223      edits=1 valid=True gpu_s=19.5 wall=19.8 think=283/word
[p1_gen] s4 v2b-wb0824-gain-188      edits=1 valid=True gpu_s=15.8 wall=16.2 think=229/word
[p1_gen] s4 v2b-wb1020-noise-217     edits=1 valid=True gpu_s=19.4 wall=19.7 think=259/word
[p1_gen] s5 t2-nb090-noise-0012      edits=1 valid=True gpu_s=16.5 wall=16.8 think=215/word
[p1_gen] s5 t2-nb090-noise-0013      edits=1 valid=True gpu_s=15.4 wall=15.7 think=221/word
[p1_gen] s5 t2-nb090-noise-0047      edits=1 valid=True gpu_s=16.5 wall=16.8 think=222/word
[p1_gen] s5 t2-nb090-noise-0068      edits=1 valid=True gpu_s=16.5 wall=16.8 think=202/word
[p1_gen] s5 t2-nb090-noise-0129      edits=1 valid=True gpu_s=17.1 wall=17.4 think=227/word
[p1_gen] s5 t2-nb090-noise-0143      edits=1 valid=True gpu_s=18.8 wall=19.2 think=280/word
[p1_gen] s5 t2-nb090-noise-0240      edits=1 valid=True gpu_s=7.8 wall=8.1 think=3/word
[p1_gen] s5 t2-nb090-noise-0254      edits=1 valid=True gpu_s=21.2 wall=21.5 think=356/word
[p1_gen] s5 t2-nb090-noise-0269      edits=1 valid=True gpu_s=16.6 wall=16.9 think=222/word
[p1_gen] s5 t2-nb090-noise-0286      edits=1 valid=True gpu_s=19.3 wall=19.6 think=277/word
[p1_gen] s5 t2-nb090-noise-0287      edits=1 valid=True gpu_s=17.3 wall=17.7 think=264/word
[p1_gen] s5 t2-nb090-noise-0291      edits=1 valid=True gpu_s=18.5 wall=18.9 think=259/word
[p1_gen] s5 t2-nb090-noise-0300      edits=1 valid=True gpu_s=16.4 wall=16.8 think=208/word
[p1_gen] s5 t2-nb090-noise-0307      edits=1 valid=True gpu_s=17.1 wall=17.5 think=226/word
[p1_gen] s5 t2-nb090-noise-0312      edits=1 valid=True gpu_s=19.2 wall=19.6 think=309/word
[p1_gen] s5 t2-nb090-noise-0322      edits=1 valid=True gpu_s=17.9 wall=18.2 think=278/word
[p1_gen] s5 t2-nb090-noise-0323      edits=1 valid=True gpu_s=16.7 wall=17.0 think=225/word
[p1_gen] s5 t2-nb090-noise-0349      edits=1 valid=True gpu_s=18.2 wall=18.5 think=230/word
[p1_gen] s5 t2-nb090-noise-0350      edits=1 valid=True gpu_s=22.6 wall=23.0 think=390/word
[p1_gen] s5 t2-nb090-noise-0351      edits=1 valid=True gpu_s=21.1 wall=21.4 think=353/word
[p1_gen] s5 t2-nb090-noise-0363      edits=1 valid=True gpu_s=19.2 wall=19.6 think=309/word
[p1_gen] s5 t2-nb090-noise-0375      edits=1 valid=True gpu_s=17.0 wall=17.3 think=230/word
[p1_gen] s5 t2-nb090-noise-0387      edits=1 valid=True gpu_s=16.7 wall=17.0 think=224/word
[p1_gen] s5 t2-nb090-noise-0397      edits=1 valid=True gpu_s=18.7 wall=19.1 think=298/word
[p1_gen] s5 t2-nb090-noise-0411      edits=1 valid=True gpu_s=6.3 wall=6.7 think=3/word
[p1_gen] s5 t2-wb1020-gain-0001      edits=1 valid=True gpu_s=6.6 wall=6.9 think=6/word
[p1_gen] s5 t2-wb1020-gain-0010      edits=1 valid=True gpu_s=18.0 wall=18.3 think=234/word
[p1_gen] s5 t2-wb1020-gain-0026      edits=1 valid=True gpu_s=18.3 wall=18.7 think=274/word
[p1_gen] s5 t2-wb1020-gain-0027      edits=1 valid=True gpu_s=7.9 wall=8.2 think=3/word
[p1_gen] s5 t2-wb1020-gain-0028      edits=1 valid=True gpu_s=19.2 wall=19.5 think=254/word
[p1_gen] s5 t2-wb1020-gain-0043      edits=1 valid=True gpu_s=16.1 wall=16.5 think=232/word
[p1_gen] s5 t2-wb1020-gain-0044      edits=1 valid=True gpu_s=16.3 wall=16.6 think=229/word
[p1_gen] s5 t2-wb1020-gain-0045      edits=1 valid=True gpu_s=15.3 wall=15.6 think=164/word
[p1_gen] s5 t2-wb1020-gain-0046      edits=1 valid=True gpu_s=16.6 wall=16.9 think=201/word
[p1_gen] s5 t2-wb1020-gain-0065      edits=1 valid=True gpu_s=8.3 wall=8.6 think=4/word
[p1_gen] s5 t2-wb1020-gain-0066      edits=1 valid=True gpu_s=8.2 wall=8.5 think=4/word
[p1_gen] s5 t2-wb1020-gain-0067      edits=1 valid=True gpu_s=18.9 wall=19.2 think=233/word
[p1_gen] s5 t2-wb1020-gain-0088      edits=1 valid=True gpu_s=19.5 wall=19.8 think=274/word
[p1_gen] s5 t2-wb1020-gain-0089      edits=1 valid=True gpu_s=15.5 wall=15.8 think=176/word
[p1_gen] s5 t2-wb1020-gain-0107      edits=1 valid=True gpu_s=16.6 wall=16.9 think=215/word
[p1_gen] s5 t2-wb1020-gain-0108      edits=1 valid=True gpu_s=17.3 wall=17.7 think=220/word
[p1_gen] s5 t2-wb1020-gain-0109      edits=1 valid=True gpu_s=8.5 wall=8.8 think=4/word
[p1_gen] s5 t2-wb1020-gain-0126      edits=1 valid=True gpu_s=19.2 wall=19.5 think=275/word
[p1_gen] s5 t2-wb1020-gain-0127      edits=1 valid=True gpu_s=15.4 wall=15.7 think=172/word
[p1_gen] s5 t2-wb1020-gain-0128      edits=1 valid=True gpu_s=17.3 wall=17.7 think=218/word
[p1_gen] s5 t2-wb1020-gain-0142      edits=1 valid=True gpu_s=16.6 wall=16.9 think=200/word
[p1_gen] s5 t2-wb1020-gain-0159      edits=1 valid=True gpu_s=16.4 wall=16.7 think=197/word
[p1_gen] s5 t2-wb1020-gain-0160      edits=1 valid=True gpu_s=19.0 wall=19.4 think=249/word
[p1_gen] s5 t2-wb1020-gain-0161      edits=1 valid=True gpu_s=7.9 wall=8.2 think=4/word
[p1_gen] s5 t2-wb1020-gain-0182      edits=1 valid=True gpu_s=16.6 wall=16.9 think=223/word
[p1_gen] s5 t2-wb1020-gain-0183      edits=1 valid=True gpu_s=18.0 wall=18.3 think=248/word
[p1_gen] s5 t2-wb1020-gain-0184      edits=1 valid=True gpu_s=16.4 wall=16.7 think=243/word
[p1_gen] s5 t2-wb1020-gain-0205      edits=1 valid=True gpu_s=21.4 wall=21.7 think=328/word
[p1_gen] s5 t2-wb1020-gain-0206      edits=1 valid=True gpu_s=18.1 wall=18.4 think=249/word
[p1_gen] s5 t2-wb1020-gain-0207      edits=1 valid=True gpu_s=15.8 wall=16.2 think=182/word
[p1_gen] s5 t2-wb1020-gain-0223      edits=1 valid=True gpu_s=16.7 wall=17.0 think=217/word
[p1_gen] s5 v2b-wb0824-gain-188      edits=1 valid=True gpu_s=21.1 wall=21.4 think=299/word
[p1_gen] s5 v2b-wb1020-noise-217     edits=1 valid=True gpu_s=19.2 wall=19.5 think=253/word
[p1_gen] s6 t2-nb090-noise-0012      edits=1 valid=True gpu_s=14.7 wall=15.1 think=218/word
[p1_gen] s6 t2-nb090-noise-0013      edits=1 valid=True gpu_s=14.5 wall=14.8 think=202/word
[p1_gen] s6 t2-nb090-noise-0047      edits=1 valid=True gpu_s=15.3 wall=15.6 think=222/word
[p1_gen] s6 t2-nb090-noise-0068      edits=1 valid=True gpu_s=16.9 wall=17.2 think=214/word
[p1_gen] s6 t2-nb090-noise-0129      edits=1 valid=True gpu_s=17.5 wall=17.8 think=272/word
[p1_gen] s6 t2-nb090-noise-0143      edits=1 valid=True gpu_s=19.7 wall=20.0 think=287/word
[p1_gen] s6 t2-nb090-noise-0240      edits=1 valid=True gpu_s=7.8 wall=8.1 think=4/word
[p1_gen] s6 t2-nb090-noise-0254      edits=1 valid=True gpu_s=21.5 wall=21.8 think=363/word
[p1_gen] s6 t2-nb090-noise-0269      edits=1 valid=True gpu_s=14.7 wall=15.1 think=202/word
[p1_gen] s6 t2-nb090-noise-0286      edits=1 valid=True gpu_s=18.2 wall=18.6 think=285/word
[p1_gen] s6 t2-nb090-noise-0287      edits=1 valid=True gpu_s=17.0 wall=17.4 think=232/word
[p1_gen] s6 t2-nb090-noise-0291      edits=1 valid=True gpu_s=18.6 wall=19.0 think=247/word
[p1_gen] s6 t2-nb090-noise-0300      edits=1 valid=True gpu_s=18.8 wall=19.2 think=255/word
[p1_gen] s6 t2-nb090-noise-0307      edits=1 valid=True gpu_s=18.3 wall=18.6 think=262/word
[p1_gen] s6 t2-nb090-noise-0312      edits=1 valid=True gpu_s=6.3 wall=6.7 think=3/word
[p1_gen] s6 t2-nb090-noise-0322      edits=1 valid=True gpu_s=18.6 wall=18.9 think=286/word
[p1_gen] s6 t2-nb090-noise-0323      edits=1 valid=True gpu_s=18.6 wall=19.0 think=269/word
[p1_gen] s6 t2-nb090-noise-0349      edits=1 valid=True gpu_s=17.7 wall=18.1 think=231/word
[p1_gen] s6 t2-nb090-noise-0350      edits=1 valid=True gpu_s=15.4 wall=15.7 think=218/word
[p1_gen] s6 t2-nb090-noise-0351      edits=1 valid=True gpu_s=15.8 wall=16.2 think=203/word
[p1_gen] s6 t2-nb090-noise-0363      edits=1 valid=True gpu_s=18.5 wall=18.8 think=283/word
[p1_gen] s6 t2-nb090-noise-0375      edits=1 valid=True gpu_s=16.6 wall=16.9 think=211/word
[p1_gen] s6 t2-nb090-noise-0387      edits=1 valid=True gpu_s=19.4 wall=19.7 think=314/word
[p1_gen] s6 t2-nb090-noise-0397      edits=1 valid=True gpu_s=17.0 wall=17.3 think=230/word
[p1_gen] s6 t2-nb090-noise-0411      edits=1 valid=True gpu_s=15.9 wall=16.3 think=205/word
[p1_gen] s6 t2-wb1020-gain-0001      edits=1 valid=True gpu_s=17.6 wall=17.9 think=238/word
[p1_gen] s6 t2-wb1020-gain-0010      edits=1 valid=True gpu_s=18.4 wall=18.7 think=233/word
[p1_gen] s6 t2-wb1020-gain-0026      edits=1 valid=True gpu_s=16.5 wall=16.8 think=256/word
[p1_gen] s6 t2-wb1020-gain-0027      edits=1 valid=True gpu_s=17.0 wall=17.3 think=201/word
[p1_gen] s6 t2-wb1020-gain-0028      edits=1 valid=True gpu_s=7.9 wall=8.2 think=4/word
[p1_gen] s6 t2-wb1020-gain-0043      edits=1 valid=True gpu_s=18.1 wall=18.4 think=258/word
[p1_gen] s6 t2-wb1020-gain-0044      edits=1 valid=True gpu_s=16.3 wall=16.6 think=237/word
[p1_gen] s6 t2-wb1020-gain-0045      edits=1 valid=True gpu_s=14.5 wall=14.8 think=198/word
[p1_gen] s6 t2-wb1020-gain-0046      edits=1 valid=True gpu_s=20.8 wall=21.1 think=309/word
[p1_gen] s6 t2-wb1020-gain-0065      edits=1 valid=True gpu_s=17.1 wall=17.4 think=234/word
[p1_gen] s6 t2-wb1020-gain-0066      edits=1 valid=True gpu_s=16.4 wall=16.7 think=205/word
[p1_gen] s6 t2-wb1020-gain-0067      edits=1 valid=True gpu_s=17.4 wall=17.7 think=219/word
[p1_gen] s6 t2-wb1020-gain-0088      edits=1 valid=True gpu_s=17.4 wall=17.8 think=227/word
[p1_gen] s6 t2-wb1020-gain-0089      edits=1 valid=True gpu_s=19.0 wall=19.3 think=228/word
[p1_gen] s6 t2-wb1020-gain-0107      edits=1 valid=True gpu_s=15.6 wall=16.0 think=213/word
[p1_gen] s6 t2-wb1020-gain-0108      edits=1 valid=True gpu_s=18.1 wall=18.4 think=237/word
[p1_gen] s6 t2-wb1020-gain-0109      edits=1 valid=True gpu_s=7.8 wall=8.2 think=3/word
[p1_gen] s6 t2-wb1020-gain-0126      edits=1 valid=True gpu_s=20.0 wall=20.3 think=267/word
[p1_gen] s6 t2-wb1020-gain-0127      edits=1 valid=True gpu_s=16.0 wall=16.3 think=234/word
[p1_gen] s6 t2-wb1020-gain-0128      edits=1 valid=True gpu_s=18.0 wall=18.3 think=224/word
[p1_gen] s6 t2-wb1020-gain-0142      edits=1 valid=True gpu_s=8.5 wall=8.8 think=4/word
[p1_gen] s6 t2-wb1020-gain-0159      edits=1 valid=True gpu_s=17.6 wall=17.9 think=217/word
[p1_gen] s6 t2-wb1020-gain-0160      edits=1 valid=True gpu_s=16.6 wall=17.0 think=192/word
[p1_gen] s6 t2-wb1020-gain-0161      edits=1 valid=True gpu_s=14.2 wall=14.5 think=190/word
[p1_gen] s6 t2-wb1020-gain-0182      edits=1 valid=True gpu_s=6.2 wall=6.6 think=4/word
[p1_gen] s6 t2-wb1020-gain-0183      edits=1 valid=True gpu_s=18.2 wall=18.4 think=261/word
[p1_gen] s6 t2-wb1020-gain-0184      edits=1 valid=True gpu_s=16.8 wall=17.1 think=253/word
[p1_gen] s6 t2-wb1020-gain-0205      edits=1 valid=True gpu_s=17.1 wall=17.4 think=271/word
[p1_gen] s6 t2-wb1020-gain-0206      edits=1 valid=True gpu_s=7.4 wall=7.7 think=4/word
[p1_gen] s6 t2-wb1020-gain-0207      edits=1 valid=True gpu_s=15.6 wall=15.8 think=176/word
[p1_gen] s6 t2-wb1020-gain-0223      edits=1 valid=True gpu_s=17.7 wall=18.0 think=238/word
[p1_gen] s6 v2b-wb0824-gain-188      edits=1 valid=True gpu_s=18.2 wall=18.6 think=241/word
[p1_gen] s6 v2b-wb1020-noise-217     edits=1 valid=True gpu_s=19.5 wall=19.8 think=261/word
[p1_gen] s7 t2-nb090-noise-0012      edits=1 valid=True gpu_s=19.3 wall=19.7 think=281/word
[p1_gen] s7 t2-nb090-noise-0013      edits=1 valid=True gpu_s=19.2 wall=19.5 think=312/word
[p1_gen] s7 t2-nb090-noise-0047      edits=1 valid=True gpu_s=13.4 wall=13.7 think=157/word
[p1_gen] s7 t2-nb090-noise-0068      edits=1 valid=True gpu_s=19.0 wall=19.3 think=278/word
[p1_gen] s7 t2-nb090-noise-0129      edits=1 valid=True gpu_s=19.9 wall=20.2 think=277/word
[p1_gen] s7 t2-nb090-noise-0143      edits=1 valid=True gpu_s=16.0 wall=16.4 think=192/word
[p1_gen] s7 t2-nb090-noise-0240      edits=1 valid=True gpu_s=15.6 wall=15.9 think=171/word
[p1_gen] s7 t2-nb090-noise-0254      edits=1 valid=True gpu_s=14.5 wall=14.8 think=198/word
[p1_gen] s7 t2-nb090-noise-0269      edits=1 valid=True gpu_s=19.4 wall=19.8 think=289/word
[p1_gen] s7 t2-nb090-noise-0286      edits=1 valid=True gpu_s=19.0 wall=19.3 think=270/word
[p1_gen] s7 t2-nb090-noise-0287      edits=1 valid=False gpu_s=22.4 wall=22.8 think=350/word
[p1_gen] s7 t2-nb090-noise-0291      edits=1 valid=True gpu_s=18.4 wall=18.8 think=289/word
[p1_gen] s7 t2-nb090-noise-0300      edits=1 valid=True gpu_s=17.4 wall=17.7 think=266/word
[p1_gen] s7 t2-nb090-noise-0307      edits=1 valid=True gpu_s=17.3 wall=17.6 think=262/word
[p1_gen] s7 t2-nb090-noise-0312      edits=1 valid=True gpu_s=6.4 wall=6.7 think=4/word
[p1_gen] s7 t2-nb090-noise-0322      edits=1 valid=True gpu_s=15.9 wall=16.2 think=206/word
[p1_gen] s7 t2-nb090-noise-0323      edits=1 valid=True gpu_s=15.1 wall=15.4 think=211/word
[p1_gen] s7 t2-nb090-noise-0349      edits=1 valid=True gpu_s=14.7 wall=15.1 think=177/word
[p1_gen] s7 t2-nb090-noise-0350      edits=1 valid=True gpu_s=16.1 wall=16.5 think=201/word
[p1_gen] s7 t2-nb090-noise-0351      edits=1 valid=True gpu_s=17.8 wall=18.1 think=250/word
[p1_gen] s7 t2-nb090-noise-0363      edits=1 valid=True gpu_s=17.1 wall=17.4 think=235/word
[p1_gen] s7 t2-nb090-noise-0375      edits=1 valid=True gpu_s=16.3 wall=16.6 think=206/word
[p1_gen] s7 t2-nb090-noise-0387      edits=1 valid=True gpu_s=16.6 wall=17.0 think=223/word
[p1_gen] s7 t2-nb090-noise-0397      edits=1 valid=True gpu_s=16.6 wall=17.0 think=247/word
[p1_gen] s7 t2-nb090-noise-0411      edits=1 valid=True gpu_s=20.7 wall=21.0 think=344/word
[p1_gen] s7 t2-wb1020-gain-0001      edits=1 valid=True gpu_s=16.2 wall=16.5 think=234/word
[p1_gen] s7 t2-wb1020-gain-0010      edits=1 valid=True gpu_s=19.1 wall=19.4 think=259/word
[p1_gen] s7 t2-wb1020-gain-0026      edits=1 valid=True gpu_s=6.5 wall=6.8 think=3/word
[p1_gen] s7 t2-wb1020-gain-0027      edits=1 valid=True gpu_s=18.4 wall=18.6 think=225/word
[p1_gen] s7 t2-wb1020-gain-0028      edits=1 valid=True gpu_s=18.3 wall=18.6 think=252/word
[p1_gen] s7 t2-wb1020-gain-0043      edits=1 valid=True gpu_s=12.9 wall=13.2 think=185/word
[p1_gen] s7 t2-wb1020-gain-0044      edits=1 valid=True gpu_s=16.2 wall=16.5 think=206/word
[p1_gen] s7 t2-wb1020-gain-0045      edits=1 valid=True gpu_s=18.5 wall=18.8 think=222/word
[p1_gen] s7 t2-wb1020-gain-0046      edits=1 valid=True gpu_s=18.6 wall=18.9 think=243/word
[p1_gen] s7 t2-wb1020-gain-0065      edits=1 valid=True gpu_s=17.4 wall=17.7 think=195/word
[p1_gen] s7 t2-wb1020-gain-0066      edits=1 valid=True gpu_s=17.4 wall=17.8 think=221/word
[p1_gen] s7 t2-wb1020-gain-0067      edits=1 valid=True gpu_s=19.5 wall=19.9 think=271/word
[p1_gen] s7 t2-wb1020-gain-0088      edits=1 valid=True gpu_s=18.9 wall=19.3 think=270/word
[p1_gen] s7 t2-wb1020-gain-0089      edits=1 valid=True gpu_s=8.3 wall=8.6 think=4/word
[p1_gen] s7 t2-wb1020-gain-0107      edits=1 valid=True gpu_s=19.8 wall=20.1 think=292/word
[p1_gen] s7 t2-wb1020-gain-0108      edits=1 valid=True gpu_s=18.0 wall=18.3 think=243/word
[p1_gen] s7 t2-wb1020-gain-0109      edits=1 valid=True gpu_s=19.9 wall=20.2 think=275/word
[p1_gen] s7 t2-wb1020-gain-0126      edits=1 valid=True gpu_s=6.7 wall=7.0 think=7/word
[p1_gen] s7 t2-wb1020-gain-0127      edits=1 valid=True gpu_s=16.3 wall=16.5 think=202/word
[p1_gen] s7 t2-wb1020-gain-0128      edits=1 valid=True gpu_s=8.4 wall=8.7 think=3/word
[p1_gen] s7 t2-wb1020-gain-0142      edits=1 valid=True gpu_s=18.7 wall=19.0 think=260/word
[p1_gen] s7 t2-wb1020-gain-0159      edits=1 valid=True gpu_s=16.4 wall=16.7 think=206/word
[p1_gen] s7 t2-wb1020-gain-0160      edits=1 valid=True gpu_s=19.9 wall=20.2 think=267/word
[p1_gen] s7 t2-wb1020-gain-0161      edits=1 valid=True gpu_s=8.2 wall=8.6 think=3/word
[p1_gen] s7 t2-wb1020-gain-0182      edits=1 valid=True gpu_s=16.7 wall=17.0 think=245/word
[p1_gen] s7 t2-wb1020-gain-0183      edits=1 valid=True gpu_s=20.7 wall=21.0 think=312/word
[p1_gen] s7 t2-wb1020-gain-0184      edits=1 valid=True gpu_s=19.4 wall=19.7 think=268/word
[p1_gen] s7 t2-wb1020-gain-0205      edits=1 valid=True gpu_s=15.7 wall=16.0 think=223/word
[p1_gen] s7 t2-wb1020-gain-0206      edits=1 valid=True gpu_s=17.8 wall=18.1 think=251/word
[p1_gen] s7 t2-wb1020-gain-0207      edits=1 valid=True gpu_s=17.5 wall=17.9 think=223/word
[p1_gen] s7 t2-wb1020-gain-0223      edits=1 valid=True gpu_s=16.5 wall=16.8 think=269/word
[p1_gen] s7 v2b-wb0824-gain-188      edits=1 valid=True gpu_s=18.3 wall=18.6 think=242/word
[p1_gen] s7 v2b-wb1020-noise-217     edits=1 valid=True gpu_s=18.0 wall=18.3 think=233/word
[p1_gen] s8 t2-nb090-noise-0012      edits=1 valid=True gpu_s=17.7 wall=18.1 think=243/word
[p1_gen] s8 t2-nb090-noise-0013      edits=1 valid=True gpu_s=15.9 wall=16.2 think=188/word
[p1_gen] s8 t2-nb090-noise-0047      edits=1 valid=True gpu_s=17.1 wall=17.5 think=229/word
[p1_gen] s8 t2-nb090-noise-0068      edits=1 valid=True gpu_s=17.7 wall=18.0 think=221/word
[p1_gen] s8 t2-nb090-noise-0129      edits=1 valid=True gpu_s=16.2 wall=16.5 think=193/word
[p1_gen] s8 t2-nb090-noise-0143      edits=1 valid=True gpu_s=20.2 wall=20.6 think=278/word
[p1_gen] s8 t2-nb090-noise-0240      edits=1 valid=True gpu_s=8.2 wall=8.5 think=4/word
[p1_gen] s8 t2-nb090-noise-0254      edits=1 valid=True gpu_s=18.1 wall=18.4 think=281/word
[p1_gen] s8 t2-nb090-noise-0269      edits=1 valid=True gpu_s=17.9 wall=18.3 think=252/word
[p1_gen] s8 t2-nb090-noise-0286      edits=1 valid=True gpu_s=22.0 wall=22.3 think=328/word
[p1_gen] s8 t2-nb090-noise-0287      edits=1 valid=True gpu_s=15.9 wall=16.2 think=195/word
[p1_gen] s8 t2-nb090-noise-0291      edits=1 valid=True gpu_s=17.3 wall=17.6 think=264/word
[p1_gen] s8 t2-nb090-noise-0300      edits=1 valid=True gpu_s=16.5 wall=16.8 think=210/word
[p1_gen] s8 t2-nb090-noise-0307      edits=1 valid=True gpu_s=16.5 wall=16.9 think=219/word
[p1_gen] s8 t2-nb090-noise-0312      edits=1 valid=True gpu_s=18.7 wall=19.0 think=257/word
[p1_gen] s8 t2-nb090-noise-0322      edits=1 valid=True gpu_s=16.0 wall=16.3 think=207/word
[p1_gen] s8 t2-nb090-noise-0323      edits=1 valid=True gpu_s=16.5 wall=16.9 think=219/word
[p1_gen] s8 t2-nb090-noise-0349      edits=1 valid=True gpu_s=15.8 wall=16.1 think=226/word
[p1_gen] s8 t2-nb090-noise-0350      edits=1 valid=True gpu_s=13.8 wall=14.2 think=181/word
[p1_gen] s8 t2-nb090-noise-0351      edits=1 valid=True gpu_s=15.6 wall=15.9 think=187/word
[p1_gen] s8 t2-nb090-noise-0363      edits=1 valid=True gpu_s=14.6 wall=14.9 think=198/word
[p1_gen] s8 t2-nb090-noise-0375      edits=1 valid=True gpu_s=20.0 wall=20.3 think=293/word
[p1_gen] s8 t2-nb090-noise-0387      edits=1 valid=True gpu_s=20.3 wall=20.7 think=335/word
[p1_gen] s8 t2-nb090-noise-0397      edits=1 valid=True gpu_s=15.5 wall=15.9 think=222/word
[p1_gen] s8 t2-nb090-noise-0411      edits=1 valid=True gpu_s=18.0 wall=18.3 think=246/word
[p1_gen] s8 t2-wb1020-gain-0001      edits=1 valid=True gpu_s=16.4 wall=16.8 think=248/word
[p1_gen] s8 t2-wb1020-gain-0010      edits=1 valid=True gpu_s=17.0 wall=17.3 think=240/word
[p1_gen] s8 t2-wb1020-gain-0026      edits=1 valid=True gpu_s=15.9 wall=16.3 think=231/word
[p1_gen] s8 t2-wb1020-gain-0027      edits=1 valid=True gpu_s=16.4 wall=16.7 think=197/word
[p1_gen] s8 t2-wb1020-gain-0028      edits=1 valid=True gpu_s=19.6 wall=19.9 think=273/word
[p1_gen] s8 t2-wb1020-gain-0043      edits=1 valid=True gpu_s=17.7 wall=18.0 think=241/word
[p1_gen] s8 t2-wb1020-gain-0044      edits=1 valid=True gpu_s=15.5 wall=15.8 think=188/word
[p1_gen] s8 t2-wb1020-gain-0045      edits=1 valid=True gpu_s=7.9 wall=8.2 think=4/word
[p1_gen] s8 t2-wb1020-gain-0046      edits=1 valid=True gpu_s=15.6 wall=15.9 think=177/word
[p1_gen] s8 t2-wb1020-gain-0065      edits=1 valid=True gpu_s=18.2 wall=18.6 think=241/word
[p1_gen] s8 t2-wb1020-gain-0066      edits=1 valid=True gpu_s=18.1 wall=18.5 think=225/word
[p1_gen] s8 t2-wb1020-gain-0067      edits=1 valid=True gpu_s=15.6 wall=15.9 think=227/word
[p1_gen] s8 t2-wb1020-gain-0088      edits=1 valid=True gpu_s=5.8 wall=6.2 think=4/word
[p1_gen] s8 t2-wb1020-gain-0089      edits=1 valid=True gpu_s=16.9 wall=17.2 think=193/word
[p1_gen] s8 t2-wb1020-gain-0107      edits=1 valid=True gpu_s=18.4 wall=18.8 think=257/word
[p1_gen] s8 t2-wb1020-gain-0108      edits=1 valid=True gpu_s=18.7 wall=19.0 think=240/word
[p1_gen] s8 t2-wb1020-gain-0109      edits=1 valid=True gpu_s=20.2 wall=20.5 think=303/word
[p1_gen] s8 t2-wb1020-gain-0126      edits=1 valid=True gpu_s=15.6 wall=16.0 think=211/word
[p1_gen] s8 t2-wb1020-gain-0127      edits=1 valid=True gpu_s=17.8 wall=18.1 think=221/word
[p1_gen] s8 t2-wb1020-gain-0128      edits=1 valid=True gpu_s=7.9 wall=8.3 think=4/word
[p1_gen] s8 t2-wb1020-gain-0142      edits=1 valid=True gpu_s=15.3 wall=15.6 think=171/word
[p1_gen] s8 t2-wb1020-gain-0159      edits=1 valid=True gpu_s=19.6 wall=19.9 think=259/word
[p1_gen] s8 t2-wb1020-gain-0160      edits=1 valid=True gpu_s=16.7 wall=17.0 think=202/word
[p1_gen] s8 t2-wb1020-gain-0161      edits=1 valid=True gpu_s=16.8 wall=17.2 think=202/word
[p1_gen] s8 t2-wb1020-gain-0182      edits=1 valid=True gpu_s=15.6 wall=15.9 think=239/word
[p1_gen] s8 t2-wb1020-gain-0183      edits=1 valid=True gpu_s=15.2 wall=15.5 think=182/word
[p1_gen] s8 t2-wb1020-gain-0184      edits=1 valid=True gpu_s=15.0 wall=15.3 think=208/word
[p1_gen] s8 t2-wb1020-gain-0205      edits=1 valid=True gpu_s=15.3 wall=15.6 think=232/word
[p1_gen] s8 t2-wb1020-gain-0206      edits=1 valid=True gpu_s=18.0 wall=18.3 think=248/word
[p1_gen] s8 t2-wb1020-gain-0207      edits=1 valid=True gpu_s=18.1 wall=18.5 think=239/word
[p1_gen] s8 t2-wb1020-gain-0223      edits=1 valid=True gpu_s=16.7 wall=17.0 think=236/word
[p1_gen] s8 v2b-wb0824-gain-188      edits=1 valid=True gpu_s=16.9 wall=17.2 think=209/word
[p1_gen] s8 v2b-wb1020-noise-217     edits=1 valid=True gpu_s=19.0 wall=19.3 think=259/word
[p1_gen] eval done: 464 new completions
