[launch-aux] 2026-09-15T21:27:05+05:30 aux 0/3 era-bnull-afee00fc (Amendment 1)
[shard 0/3] 175 pairs classes=['lna', 'balun', 'mixer'] order=asc  era-bnull-afee00fc DIRTY-TREE
[shard 0/3] 1/175 bnl-wb-r15-s16-24__lna-a5-commongate ran any_feasible=False wall=170.3s
[shard 0/3] 2/175 bnl-wb-r15-s16-24__lna-a2-current-reuse ran any_feasible=False wall=174.7s
[shard 0/3] 3/175 bnl-wb-r20-s14-23__lna-a4-twostage ran any_feasible=False wall=166.0s
[shard 0/3] 4/175 bnl-wb-r20-s14-23__lna-a1-inddegen-cascode ran any_feasible=False wall=165.2s
[shard 0/3] 5/175 bnl-wb-r15-s18-22__lna-a3-shunt-feedback ran any_feasible=False wall=160.6s
[shard 0/3] 6/175 bnl-wb-r10-s18-21__lna-a5-commongate ran any_feasible=False wall=164.1s
[shard 0/3] 7/175 bnl-wb-r10-s18-21__lna-a2-current-reuse ran any_feasible=False wall=170.8s
[shard 0/3] 8/175 bnl-wb-r10-s10-20__lna-a4-twostage ran any_feasible=False wall=165.9s
[shard 0/3] 9/175 bnl-wb-r10-s10-20__lna-a1-inddegen-cascode ran any_feasible=False wall=164.2s
[shard 0/3] 10/175 bnl-wb-r20-s16-19__lna-a3-shunt-feedback ran any_feasible=False wall=160.4s
[shard 0/3] 11/175 bnl-wb-r10-s12-18__lna-a5-commongate ran any_feasible=False wall=162.8s
[shard 0/3] 12/175 bnl-wb-r10-s12-18__lna-a2-current-reuse ran any_feasible=False wall=170.4s
[shard 0/3] 13/175 bnl-wb-r15-s12-17__lna-a4-twostage ran any_feasible=False wall=166.0s
[shard 0/3] 14/175 bnl-wb-r15-s12-17__lna-a1-inddegen-cascode ran any_feasible=False wall=165.0s
[shard 0/3] 15/175 bnl-wb-r15-s14-16__lna-a3-shunt-feedback ran any_feasible=False wall=160.5s
[shard 0/3] 16/175 bnl-wb-r10-s14-15__lna-a5-commongate ran any_feasible=False wall=162.5s
[shard 0/3] 17/175 bnl-wb-r10-s14-15__lna-a2-current-reuse ran any_feasible=False wall=171.2s
[shard 0/3] 18/175 bnl-wb-r10-s16-14__lna-a4-twostage ran any_feasible=False wall=166.0s
[shard 0/3] 19/175 bnl-wb-r10-s16-14__lna-a1-inddegen-cascode ran any_feasible=False wall=164.6s
[shard 0/3] 20/175 bnl-wb-r10-s14-13__lna-a3-shunt-feedback ran any_feasible=False wall=160.4s
[shard 0/3] 21/175 bnl-wb-r10-s12-12__lna-a5-commongate ran any_feasible=False wall=163.0s
[shard 0/3] 22/175 bnl-wb-r10-s12-12__lna-a2-current-reuse ran any_feasible=False wall=172.0s
[shard 0/3] 23/175 bnl-wb-r10-s10-11__lna-a4-twostage ran any_feasible=False wall=166.4s
[shard 0/3] 24/175 bnl-wb-r10-s10-11__lna-a1-inddegen-cascode ran any_feasible=False wall=165.2s
[shard 0/3] 25/175 bnl-wb-r15-s14-10__lna-a3-shunt-feedback ran any_feasible=False wall=160.4s
[shard 0/3] 26/175 bnl-wb-r15-s12-09__lna-a5-commongate ran any_feasible=False wall=163.0s
[shard 0/3] 27/175 bnl-wb-r15-s12-09__lna-a2-current-reuse ran any_feasible=False wall=171.5s
[shard 0/3] 28/175 bnl-wb-r15-s10-08__lna-a4-twostage ran any_feasible=False wall=167.0s
[shard 0/3] 29/175 bnl-wb-r15-s10-08__lna-a1-inddegen-cascode ran any_feasible=False wall=165.1s
[shard 0/3] 30/175 bnl-wb-r20-s16-07__lna-a3-shunt-feedback ran any_feasible=False wall=160.9s
[shard 0/3] 31/175 bnl-wb-r20-s14-06__lna-a5-commongate ran any_feasible=False wall=163.7s
[shard 0/3] 32/175 bnl-wb-r20-s14-06__lna-a2-current-reuse ran any_feasible=False wall=171.1s
[shard 0/3] 33/175 bnl-wb-r20-s12-05__lna-a4-twostage ran any_feasible=False wall=166.1s
[shard 0/3] 34/175 bnl-wb-r20-s12-05__lna-a1-inddegen-cascode ran any_feasible=False wall=164.9s
[shard 0/3] 35/175 bnl-wb-r20-s10-04__lna-a3-shunt-feedback ran any_feasible=False wall=161.2s
[shard 0/3] 36/175 bnl-wb-r25-s16-03__lna-a5-commongate ran any_feasible=False wall=164.1s
[shard 0/3] 37/175 bnl-wb-r25-s16-03__lna-a2-current-reuse ran any_feasible=False wall=171.0s
[shard 0/3] 38/175 bnl-wb-r25-s14-02__lna-a4-twostage ran any_feasible=False wall=166.1s
[shard 0/3] 39/175 bnl-wb-r25-s14-02__lna-a1-inddegen-cascode ran any_feasible=False wall=165.1s
[shard 0/3] 40/175 bnl-wb-r25-s12-01__lna-a3-shunt-feedback ran any_feasible=False wall=161.2s
[shard 0/3] 41/175 bnl-wb-r25-s10-00__lna-a5-commongate ran any_feasible=False wall=163.5s
[shard 0/3] 42/175 bnl-wb-r25-s10-00__lna-a2-current-reuse ran any_feasible=False wall=170.5s
[shard 0/3] 43/175 bnl-58-lown-n0__lna-a4-twostage ran any_feasible=False wall=164.8s
[shard 0/3] 44/175 bnl-58-lown-n0__lna-a1-inddegen-cascode ran any_feasible=True wall=164.4s
[shard 0/3] 45/175 bnl-58-powe-p1__lna-a3-shunt-feedback ran any_feasible=False wall=161.1s
[shard 0/3] 46/175 bnl-58-powe-p0__lna-a5-commongate ran any_feasible=False wall=163.4s
[shard 0/3] 47/175 bnl-58-powe-p0__lna-a2-current-reuse ran any_feasible=False wall=171.6s
[shard 0/3] 48/175 bnl-58-gain-g1__lna-a4-twostage ran any_feasible=True wall=164.6s
[shard 0/3] 49/175 bnl-58-gain-g1__lna-a1-inddegen-cascode ran any_feasible=False wall=165.2s
[shard 0/3] 50/175 bnl-58-gain-g0__lna-a3-shunt-feedback ran any_feasible=False wall=161.0s
[shard 0/3] 51/175 bnl-58-diag-t4__lna-a5-commongate ran any_feasible=False wall=162.8s
[shard 0/3] 52/175 bnl-58-diag-t4__lna-a2-current-reuse ran any_feasible=False wall=170.9s
[shard 0/3] 53/175 bnl-58-diag-t3__lna-a4-twostage ran any_feasible=True wall=164.6s
[shard 0/3] 54/175 bnl-58-diag-t3__lna-a1-inddegen-cascode ran any_feasible=True wall=164.9s
[shard 0/3] 55/175 bnl-58-diag-t2__lna-a3-shunt-feedback ran any_feasible=False wall=161.2s
[shard 0/3] 56/175 bnl-58-diag-t1__lna-a5-commongate ran any_feasible=False wall=163.5s
[shard 0/3] 57/175 bnl-58-diag-t1__lna-a2-current-reuse ran any_feasible=False wall=171.5s
[shard 0/3] 58/175 bnl-58-diag-t0__lna-a4-twostage ran any_feasible=True wall=164.6s
[shard 0/3] 59/175 bnl-58-diag-t0__lna-a1-inddegen-cascode ran any_feasible=True wall=164.7s
[shard 0/3] 60/175 bnl-35-lown-n0__lna-a3-shunt-feedback ran any_feasible=False wall=161.7s
[shard 0/3] 61/175 bnl-35-powe-p1__lna-a5-commongate ran any_feasible=False wall=162.4s
[shard 0/3] 62/175 bnl-35-powe-p1__lna-a2-current-reuse ran any_feasible=False wall=170.6s
[shard 0/3] 63/175 bnl-35-powe-p0__lna-a4-twostage ran any_feasible=False wall=164.9s
[shard 0/3] 64/175 bnl-35-powe-p0__lna-a1-inddegen-cascode ran any_feasible=True wall=165.2s
[shard 0/3] 65/175 bnl-35-gain-g1__lna-a3-shunt-feedback ran any_feasible=False wall=161.3s
[shard 0/3] 66/175 bnl-35-gain-g0__lna-a5-commongate ran any_feasible=False wall=163.2s
[shard 0/3] 67/175 bnl-35-gain-g0__lna-a2-current-reuse ran any_feasible=False wall=170.8s
[shard 0/3] 68/175 bnl-35-diag-t4__lna-a4-twostage ran any_feasible=False wall=165.2s
[shard 0/3] 69/175 bnl-35-diag-t4__lna-a1-inddegen-cascode ran any_feasible=False wall=164.6s
[shard 0/3] 70/175 bnl-35-diag-t3__lna-a3-shunt-feedback ran any_feasible=False wall=161.4s
[shard 0/3] 71/175 bnl-35-diag-t2__lna-a5-commongate ran any_feasible=False wall=163.9s
[shard 0/3] 72/175 bnl-35-diag-t2__lna-a2-current-reuse ran any_feasible=False wall=171.5s
[shard 0/3] 73/175 bnl-35-diag-t1__lna-a4-twostage ran any_feasible=True wall=165.2s
[shard 0/3] 74/175 bnl-35-diag-t1__lna-a1-inddegen-cascode ran any_feasible=True wall=164.0s
[shard 0/3] 75/175 bnl-35-diag-t0__lna-a3-shunt-feedback ran any_feasible=False wall=161.1s
[shard 0/3] 76/175 bnl-24-lown-n0__lna-a5-commongate ran any_feasible=False wall=162.7s
[shard 0/3] 77/175 bnl-24-lown-n0__lna-a2-current-reuse ran any_feasible=False wall=170.3s
[shard 0/3] 78/175 bnl-24-powe-p1__lna-a4-twostage ran any_feasible=False wall=164.2s
[shard 0/3] 79/175 bnl-24-powe-p1__lna-a1-inddegen-cascode ran any_feasible=False wall=164.1s
[shard 0/3] 80/175 bnl-24-powe-p0__lna-a3-shunt-feedback ran any_feasible=False wall=161.2s
[shard 0/3] 81/175 bnl-24-gain-g1__lna-a5-commongate ran any_feasible=False wall=163.0s
[shard 0/3] 82/175 bnl-24-gain-g1__lna-a2-current-reuse ran any_feasible=False wall=170.7s
[shard 0/3] 83/175 bnl-24-gain-g0__lna-a4-twostage ran any_feasible=True wall=164.9s
[shard 0/3] 84/175 bnl-24-gain-g0__lna-a1-inddegen-cascode ran any_feasible=True wall=165.3s
[shard 0/3] 85/175 bnl-24-diag-t4__lna-a3-shunt-feedback ran any_feasible=False wall=160.4s
[shard 0/3] 86/175 bnl-24-diag-t3__lna-a5-commongate ran any_feasible=False wall=162.8s
[shard 0/3] 87/175 bnl-24-diag-t3__lna-a2-current-reuse ran any_feasible=False wall=170.5s
[shard 0/3] 88/175 bnl-24-diag-t2__lna-a4-twostage ran any_feasible=False wall=165.2s
[shard 0/3] 89/175 bnl-24-diag-t2__lna-a1-inddegen-cascode ran any_feasible=False wall=165.2s
[shard 0/3] 90/175 bnl-24-diag-t1__lna-a3-shunt-feedback ran any_feasible=False wall=161.2s
[shard 0/3] 91/175 bnl-24-diag-t0__lna-a5-commongate ran any_feasible=False wall=163.3s
[shard 0/3] 92/175 bnl-24-diag-t0__lna-a2-current-reuse ran any_feasible=True wall=170.9s
[shard 0/3] 93/175 bnl-1575-lown-n0__lna-a4-twostage ran any_feasible=False wall=165.9s
[shard 0/3] 94/175 bnl-1575-lown-n0__lna-a1-inddegen-cascode ran any_feasible=False wall=164.3s
[shard 0/3] 95/175 bnl-1575-powe-p1__lna-a3-shunt-feedback ran any_feasible=False wall=160.8s
[shard 0/3] 96/175 bnl-1575-powe-p0__lna-a5-commongate ran any_feasible=False wall=163.8s
[shard 0/3] 97/175 bnl-1575-powe-p0__lna-a2-current-reuse ran any_feasible=False wall=171.3s
[shard 0/3] 98/175 bnl-1575-gain-g1__lna-a4-twostage ran any_feasible=False wall=164.8s
[shard 0/3] 99/175 bnl-1575-gain-g1__lna-a1-inddegen-cascode ran any_feasible=False wall=165.1s
[shard 0/3] 100/175 bnl-1575-gain-g0__lna-a3-shunt-feedback ran any_feasible=False wall=160.8s
[shard 0/3] 101/175 bnl-1575-diag-t4__lna-a5-commongate ran any_feasible=False wall=163.6s
[shard 0/3] 102/175 bnl-1575-diag-t4__lna-a2-current-reuse ran any_feasible=False wall=171.1s
[shard 0/3] 103/175 bnl-1575-diag-t3__lna-a4-twostage ran any_feasible=False wall=165.1s
[shard 0/3] 104/175 bnl-1575-diag-t3__lna-a1-inddegen-cascode ran any_feasible=False wall=165.2s
[shard 0/3] 105/175 bnl-1575-diag-t2__lna-a3-shunt-feedback ran any_feasible=False wall=160.6s
[shard 0/3] 106/175 bnl-1575-diag-t1__lna-a5-commongate ran any_feasible=False wall=162.5s
[shard 0/3] 107/175 bnl-1575-diag-t1__lna-a2-current-reuse ran any_feasible=False wall=170.3s
[shard 0/3] 108/175 bnl-1575-diag-t0__lna-a4-twostage ran any_feasible=False wall=165.3s
[shard 0/3] 109/175 bnl-1575-diag-t0__lna-a1-inddegen-cascode ran any_feasible=False wall=164.9s
[shard 0/3] 110/175 bnl-09-lown-n0__lna-a3-shunt-feedback ran any_feasible=False wall=160.5s
[shard 0/3] 111/175 bnl-09-powe-p1__lna-a5-commongate ran any_feasible=False wall=162.7s
[shard 0/3] 112/175 bnl-09-powe-p1__lna-a2-current-reuse ran any_feasible=False wall=170.6s
[shard 0/3] 113/175 bnl-09-powe-p0__lna-a4-twostage ran any_feasible=False wall=164.6s
[shard 0/3] 114/175 bnl-09-powe-p0__lna-a1-inddegen-cascode ran any_feasible=False wall=165.2s
[shard 0/3] 115/175 bnl-09-gain-g1__lna-a3-shunt-feedback ran any_feasible=False wall=160.3s
[shard 0/3] 116/175 bnl-09-gain-g0__lna-a5-commongate ran any_feasible=False wall=162.5s
[shard 0/3] 117/175 bnl-09-gain-g0__lna-a2-current-reuse ran any_feasible=False wall=170.9s
[shard 0/3] 118/175 bnl-09-diag-t4__lna-a4-twostage ran any_feasible=False wall=165.5s
[shard 0/3] 119/175 bnl-09-diag-t4__lna-a1-inddegen-cascode ran any_feasible=False wall=164.6s
[shard 0/3] 120/175 bnl-09-diag-t3__lna-a3-shunt-feedback ran any_feasible=False wall=160.4s
[shard 0/3] 121/175 bnl-09-diag-t2__lna-a5-commongate ran any_feasible=False wall=163.1s
[shard 0/3] 122/175 bnl-09-diag-t2__lna-a2-current-reuse ran any_feasible=False wall=170.7s
[shard 0/3] 123/175 bnl-09-diag-t1__lna-a4-twostage ran any_feasible=False wall=165.0s
[shard 0/3] 124/175 bnl-09-diag-t1__lna-a1-inddegen-cascode ran any_feasible=False wall=164.4s
[shard 0/3] 125/175 bnl-09-diag-t0__lna-a3-shunt-feedback ran any_feasible=False wall=160.3s
[shard 0/3] 126/175 bbl-24-g14-c33-a022-x__bl-a2-cs-cg-split ran any_feasible=False wall=259.1s
[shard 0/3] 127/175 bbl-09-g16-c38-a018-x__bl-a1-noisecancel ran any_feasible=False wall=261.7s
[shard 0/3] 128/175 bbl-09-g15-c35-a02-x__bl-a2-cs-cg-split ran any_feasible=False wall=257.7s
[shard 0/3] 129/175 bbl-24-g15-c35-a02-x__bl-a1-noisecancel ran any_feasible=False wall=261.2s
[shard 0/3] 130/175 bbl-24-g12-c25-a05-x__bl-a2-cs-cg-split ran any_feasible=False wall=258.3s
[shard 0/3] 131/175 bbl-09-g18-c40-a015-x__bl-a1-noisecancel ran any_feasible=False wall=262.4s
[shard 0/3] 132/175 bbl-09-g15-c30-a01-imb__bl-a2-cs-cg-split ran any_feasible=False wall=258.0s
[shard 0/3] 133/175 bbl-09-g15-c30-a015-imb__bl-a1-noisecancel ran any_feasible=False wall=261.1s
[shard 0/3] 134/175 bbl-09-g15-c30-a04-imb__bl-a2-cs-cg-split ran any_feasible=False wall=258.8s
[shard 0/3] 135/175 bbl-09-g18-c40-a015__bl-a1-noisecancel ran any_feasible=False wall=261.9s
[shard 0/3] 136/175 bbl-09-g18-c20-a05__bl-a2-cs-cg-split ran any_feasible=False wall=258.6s
[shard 0/3] 137/175 bbl-09-g15-c40-a015__bl-a1-noisecancel ran any_feasible=False wall=261.6s
[shard 0/3] 138/175 bbl-09-g15-c20-a05__bl-a2-cs-cg-split ran any_feasible=False wall=259.0s
[shard 0/3] 139/175 bbl-09-g12-c40-a015__bl-a1-noisecancel ran any_feasible=False wall=263.3s
[shard 0/3] 140/175 bbl-09-g12-c20-a05__bl-a2-cs-cg-split ran any_feasible=False wall=257.9s
[shard 0/3] 141/175 bbl-24-g15-c30-a01-imb__bl-a1-noisecancel ran any_feasible=False wall=262.0s
[shard 0/3] 142/175 bbl-24-g15-c30-a025-imb__bl-a2-cs-cg-split ran any_feasible=False wall=257.8s
[shard 0/3] 143/175 bbl-24-g15-c30-a04-imb__bl-a1-noisecancel ran any_feasible=False wall=262.5s
[shard 0/3] 144/175 bbl-24-g18-c30-a03__bl-a2-cs-cg-split ran any_feasible=False wall=257.1s
[shard 0/3] 145/175 bbl-24-g18-c20-a05__bl-a1-noisecancel ran any_feasible=False wall=263.2s
[shard 0/3] 146/175 bbl-24-g15-c30-a03__bl-a2-cs-cg-split ran any_feasible=False wall=259.6s
[shard 0/3] 147/175 bbl-24-g15-c20-a05__bl-a1-noisecancel ran any_feasible=False wall=262.2s
[shard 0/3] 148/175 bbl-24-g12-c30-a03__bl-a2-cs-cg-split ran any_feasible=False wall=258.7s
[shard 0/3] 149/175 bbl-24-g12-c20-a05__bl-a1-noisecancel ran any_feasible=False wall=262.0s
[shard 0/3] 150/175 bmx-09-cg9-ip0-iso40-iso__mx-a2-dualgate ran any_feasible=False wall=1064.4s
[shard 0/3] 151/175 bmx-09-cg9-ip0-iso35-iso__mx-a1-gatepumped ran any_feasible=False wall=1096.6s
[shard 0/3] 152/175 bmx-09-cg15-ip10-iso40__mx-a2-dualgate ran any_feasible=False wall=1037.1s
[shard 0/3] 153/175 bmx-09-cg15-ip5-iso40__mx-a1-gatepumped ran any_feasible=False wall=1072.7s
[shard 0/3] 154/175 bmx-09-cg15-ipn5-iso30__mx-a2-dualgate ran any_feasible=False wall=1064.6s
[shard 0/3] 155/175 bmx-09-cg12-ip10-iso40__mx-a1-gatepumped ran any_feasible=False wall=1072.5s
[shard 0/3] 156/175 bmx-09-cg12-ip0-iso30__mx-a2-dualgate ran any_feasible=False wall=1062.3s
[shard 0/3] 157/175 bmx-09-cg12-ipn5-iso30__mx-a1-gatepumped ran any_feasible=False wall=1119.3s
[shard 0/3] 158/175 bmx-09-cg9-ip5-iso30__mx-a2-dualgate ran any_feasible=False wall=1062.0s
[shard 0/3] 159/175 bmx-09-cg9-ip0-iso30__mx-a1-gatepumped ran any_feasible=False wall=1095.9s
[shard 0/3] 160/175 bmx-09-cg6-ip10-iso30__mx-a2-dualgate ran any_feasible=False wall=1037.8s
[shard 0/3] 161/175 bmx-09-cg6-ip5-iso30__mx-a1-gatepumped ran any_feasible=False wall=1045.6s
[shard 0/3] 162/175 bmx-09-cg6-ipn5-iso20__mx-a2-dualgate ran any_feasible=False wall=1036.5s
[shard 0/3] 163/175 bmx-24-cg9-ip0-iso45-iso__mx-a1-gatepumped ran any_feasible=False wall=1233.4s
[shard 0/3] 164/175 bmx-24-cg9-ip0-iso35-iso__mx-a2-dualgate ran any_feasible=False wall=1275.6s
[shard 0/3] 165/175 bmx-24-cg9-ip0-iso25-iso__mx-a1-gatepumped ran any_feasible=False wall=1692.3s
[shard 0/3] 166/175 bmx-24-cg15-ip5-iso40__mx-a2-dualgate ran any_feasible=False wall=1238.8s
[launch-aux] 2026-09-16T10:30:34+05:30 aux 0/3 era-bnull-afee00fc (Amendment 1)
[shard 0/3] 175 pairs classes=['lna', 'balun', 'mixer'] order=asc  era-bnull-afee00fc DIRTY-TREE
[shard 0/3] 1/175 bnl-wb-r15-s16-24__lna-a5-commongate skipped any_feasible=False wall=170.3s
[shard 0/3] 2/175 bnl-wb-r15-s16-24__lna-a2-current-reuse skipped any_feasible=False wall=174.7s
[shard 0/3] 3/175 bnl-wb-r20-s14-23__lna-a4-twostage skipped any_feasible=False wall=166.0s
[shard 0/3] 4/175 bnl-wb-r20-s14-23__lna-a1-inddegen-cascode skipped any_feasible=False wall=165.2s
[shard 0/3] 5/175 bnl-wb-r15-s18-22__lna-a3-shunt-feedback skipped any_feasible=False wall=160.6s
[shard 0/3] 6/175 bnl-wb-r10-s18-21__lna-a5-commongate skipped any_feasible=False wall=164.1s
[shard 0/3] 7/175 bnl-wb-r10-s18-21__lna-a2-current-reuse skipped any_feasible=False wall=170.8s
[shard 0/3] 8/175 bnl-wb-r10-s10-20__lna-a4-twostage skipped any_feasible=False wall=165.9s
[shard 0/3] 9/175 bnl-wb-r10-s10-20__lna-a1-inddegen-cascode skipped any_feasible=False wall=164.2s
[shard 0/3] 10/175 bnl-wb-r20-s16-19__lna-a3-shunt-feedback skipped any_feasible=False wall=160.4s
[shard 0/3] 11/175 bnl-wb-r10-s12-18__lna-a5-commongate skipped any_feasible=False wall=162.8s
[shard 0/3] 12/175 bnl-wb-r10-s12-18__lna-a2-current-reuse skipped any_feasible=False wall=170.4s
[shard 0/3] 13/175 bnl-wb-r15-s12-17__lna-a4-twostage skipped any_feasible=False wall=166.0s
[shard 0/3] 14/175 bnl-wb-r15-s12-17__lna-a1-inddegen-cascode skipped any_feasible=False wall=165.0s
[shard 0/3] 15/175 bnl-wb-r15-s14-16__lna-a3-shunt-feedback skipped any_feasible=False wall=160.5s
[shard 0/3] 16/175 bnl-wb-r10-s14-15__lna-a5-commongate skipped any_feasible=False wall=162.5s
[shard 0/3] 17/175 bnl-wb-r10-s14-15__lna-a2-current-reuse skipped any_feasible=False wall=171.2s
[shard 0/3] 18/175 bnl-wb-r10-s16-14__lna-a4-twostage skipped any_feasible=False wall=166.0s
[shard 0/3] 19/175 bnl-wb-r10-s16-14__lna-a1-inddegen-cascode skipped any_feasible=False wall=164.6s
[shard 0/3] 20/175 bnl-wb-r10-s14-13__lna-a3-shunt-feedback skipped any_feasible=False wall=160.4s
[shard 0/3] 21/175 bnl-wb-r10-s12-12__lna-a5-commongate skipped any_feasible=False wall=163.0s
[shard 0/3] 22/175 bnl-wb-r10-s12-12__lna-a2-current-reuse skipped any_feasible=False wall=172.0s
[shard 0/3] 23/175 bnl-wb-r10-s10-11__lna-a4-twostage skipped any_feasible=False wall=166.4s
[shard 0/3] 24/175 bnl-wb-r10-s10-11__lna-a1-inddegen-cascode skipped any_feasible=False wall=165.2s
[shard 0/3] 25/175 bnl-wb-r15-s14-10__lna-a3-shunt-feedback skipped any_feasible=False wall=160.4s
[shard 0/3] 26/175 bnl-wb-r15-s12-09__lna-a5-commongate skipped any_feasible=False wall=163.0s
[shard 0/3] 27/175 bnl-wb-r15-s12-09__lna-a2-current-reuse skipped any_feasible=False wall=171.5s
[shard 0/3] 28/175 bnl-wb-r15-s10-08__lna-a4-twostage skipped any_feasible=False wall=167.0s
[shard 0/3] 29/175 bnl-wb-r15-s10-08__lna-a1-inddegen-cascode skipped any_feasible=False wall=165.1s
[shard 0/3] 30/175 bnl-wb-r20-s16-07__lna-a3-shunt-feedback skipped any_feasible=False wall=160.9s
[shard 0/3] 31/175 bnl-wb-r20-s14-06__lna-a5-commongate skipped any_feasible=False wall=163.7s
[shard 0/3] 32/175 bnl-wb-r20-s14-06__lna-a2-current-reuse skipped any_feasible=False wall=171.1s
[shard 0/3] 33/175 bnl-wb-r20-s12-05__lna-a4-twostage skipped any_feasible=False wall=166.1s
[shard 0/3] 34/175 bnl-wb-r20-s12-05__lna-a1-inddegen-cascode skipped any_feasible=False wall=164.9s
[shard 0/3] 35/175 bnl-wb-r20-s10-04__lna-a3-shunt-feedback skipped any_feasible=False wall=161.2s
[shard 0/3] 36/175 bnl-wb-r25-s16-03__lna-a5-commongate skipped any_feasible=False wall=164.1s
[shard 0/3] 37/175 bnl-wb-r25-s16-03__lna-a2-current-reuse skipped any_feasible=False wall=171.0s
[shard 0/3] 38/175 bnl-wb-r25-s14-02__lna-a4-twostage skipped any_feasible=False wall=166.1s
[shard 0/3] 39/175 bnl-wb-r25-s14-02__lna-a1-inddegen-cascode skipped any_feasible=False wall=165.1s
[shard 0/3] 40/175 bnl-wb-r25-s12-01__lna-a3-shunt-feedback skipped any_feasible=False wall=161.2s
[shard 0/3] 41/175 bnl-wb-r25-s10-00__lna-a5-commongate skipped any_feasible=False wall=163.5s
[shard 0/3] 42/175 bnl-wb-r25-s10-00__lna-a2-current-reuse skipped any_feasible=False wall=170.5s
[shard 0/3] 43/175 bnl-58-lown-n0__lna-a4-twostage skipped any_feasible=False wall=164.8s
[shard 0/3] 44/175 bnl-58-lown-n0__lna-a1-inddegen-cascode skipped any_feasible=True wall=164.4s
[shard 0/3] 45/175 bnl-58-powe-p1__lna-a3-shunt-feedback skipped any_feasible=False wall=161.1s
[shard 0/3] 46/175 bnl-58-powe-p0__lna-a5-commongate skipped any_feasible=False wall=163.4s
[shard 0/3] 47/175 bnl-58-powe-p0__lna-a2-current-reuse skipped any_feasible=False wall=171.6s
[shard 0/3] 48/175 bnl-58-gain-g1__lna-a4-twostage skipped any_feasible=True wall=164.6s
[shard 0/3] 49/175 bnl-58-gain-g1__lna-a1-inddegen-cascode skipped any_feasible=False wall=165.2s
[shard 0/3] 50/175 bnl-58-gain-g0__lna-a3-shunt-feedback skipped any_feasible=False wall=161.0s
[shard 0/3] 51/175 bnl-58-diag-t4__lna-a5-commongate skipped any_feasible=False wall=162.8s
[shard 0/3] 52/175 bnl-58-diag-t4__lna-a2-current-reuse skipped any_feasible=False wall=170.9s
[shard 0/3] 53/175 bnl-58-diag-t3__lna-a4-twostage skipped any_feasible=True wall=164.6s
[shard 0/3] 54/175 bnl-58-diag-t3__lna-a1-inddegen-cascode skipped any_feasible=True wall=164.9s
[shard 0/3] 55/175 bnl-58-diag-t2__lna-a3-shunt-feedback skipped any_feasible=False wall=161.2s
[shard 0/3] 56/175 bnl-58-diag-t1__lna-a5-commongate skipped any_feasible=False wall=163.5s
[shard 0/3] 57/175 bnl-58-diag-t1__lna-a2-current-reuse skipped any_feasible=False wall=171.5s
[shard 0/3] 58/175 bnl-58-diag-t0__lna-a4-twostage skipped any_feasible=True wall=164.6s
[shard 0/3] 59/175 bnl-58-diag-t0__lna-a1-inddegen-cascode skipped any_feasible=True wall=164.7s
[shard 0/3] 60/175 bnl-35-lown-n0__lna-a3-shunt-feedback skipped any_feasible=False wall=161.7s
[shard 0/3] 61/175 bnl-35-powe-p1__lna-a5-commongate skipped any_feasible=False wall=162.4s
[shard 0/3] 62/175 bnl-35-powe-p1__lna-a2-current-reuse skipped any_feasible=False wall=170.6s
[shard 0/3] 63/175 bnl-35-powe-p0__lna-a4-twostage skipped any_feasible=False wall=164.9s
[shard 0/3] 64/175 bnl-35-powe-p0__lna-a1-inddegen-cascode skipped any_feasible=True wall=165.2s
[shard 0/3] 65/175 bnl-35-gain-g1__lna-a3-shunt-feedback skipped any_feasible=False wall=161.3s
[shard 0/3] 66/175 bnl-35-gain-g0__lna-a5-commongate skipped any_feasible=False wall=163.2s
[shard 0/3] 67/175 bnl-35-gain-g0__lna-a2-current-reuse skipped any_feasible=False wall=170.8s
[shard 0/3] 68/175 bnl-35-diag-t4__lna-a4-twostage skipped any_feasible=False wall=165.2s
[shard 0/3] 69/175 bnl-35-diag-t4__lna-a1-inddegen-cascode skipped any_feasible=False wall=164.6s
[shard 0/3] 70/175 bnl-35-diag-t3__lna-a3-shunt-feedback skipped any_feasible=False wall=161.4s
[shard 0/3] 71/175 bnl-35-diag-t2__lna-a5-commongate skipped any_feasible=False wall=163.9s
[shard 0/3] 72/175 bnl-35-diag-t2__lna-a2-current-reuse skipped any_feasible=False wall=171.5s
[shard 0/3] 73/175 bnl-35-diag-t1__lna-a4-twostage skipped any_feasible=True wall=165.2s
[shard 0/3] 74/175 bnl-35-diag-t1__lna-a1-inddegen-cascode skipped any_feasible=True wall=164.0s
[shard 0/3] 75/175 bnl-35-diag-t0__lna-a3-shunt-feedback skipped any_feasible=False wall=161.1s
[shard 0/3] 76/175 bnl-24-lown-n0__lna-a5-commongate skipped any_feasible=False wall=162.7s
[shard 0/3] 77/175 bnl-24-lown-n0__lna-a2-current-reuse skipped any_feasible=False wall=170.3s
[shard 0/3] 78/175 bnl-24-powe-p1__lna-a4-twostage skipped any_feasible=False wall=164.2s
[shard 0/3] 79/175 bnl-24-powe-p1__lna-a1-inddegen-cascode skipped any_feasible=False wall=164.1s
[shard 0/3] 80/175 bnl-24-powe-p0__lna-a3-shunt-feedback skipped any_feasible=False wall=161.2s
[shard 0/3] 81/175 bnl-24-gain-g1__lna-a5-commongate skipped any_feasible=False wall=163.0s
[shard 0/3] 82/175 bnl-24-gain-g1__lna-a2-current-reuse skipped any_feasible=False wall=170.7s
[shard 0/3] 83/175 bnl-24-gain-g0__lna-a4-twostage skipped any_feasible=True wall=164.9s
[shard 0/3] 84/175 bnl-24-gain-g0__lna-a1-inddegen-cascode skipped any_feasible=True wall=165.3s
[shard 0/3] 85/175 bnl-24-diag-t4__lna-a3-shunt-feedback skipped any_feasible=False wall=160.4s
[shard 0/3] 86/175 bnl-24-diag-t3__lna-a5-commongate skipped any_feasible=False wall=162.8s
[shard 0/3] 87/175 bnl-24-diag-t3__lna-a2-current-reuse skipped any_feasible=False wall=170.5s
[shard 0/3] 88/175 bnl-24-diag-t2__lna-a4-twostage skipped any_feasible=False wall=165.2s
[shard 0/3] 89/175 bnl-24-diag-t2__lna-a1-inddegen-cascode skipped any_feasible=False wall=165.2s
[shard 0/3] 90/175 bnl-24-diag-t1__lna-a3-shunt-feedback skipped any_feasible=False wall=161.2s
[shard 0/3] 91/175 bnl-24-diag-t0__lna-a5-commongate skipped any_feasible=False wall=163.3s
[shard 0/3] 92/175 bnl-24-diag-t0__lna-a2-current-reuse skipped any_feasible=True wall=170.9s
[shard 0/3] 93/175 bnl-1575-lown-n0__lna-a4-twostage skipped any_feasible=False wall=165.9s
[shard 0/3] 94/175 bnl-1575-lown-n0__lna-a1-inddegen-cascode skipped any_feasible=False wall=164.3s
[shard 0/3] 95/175 bnl-1575-powe-p1__lna-a3-shunt-feedback skipped any_feasible=False wall=160.8s
[shard 0/3] 96/175 bnl-1575-powe-p0__lna-a5-commongate skipped any_feasible=False wall=163.8s
[shard 0/3] 97/175 bnl-1575-powe-p0__lna-a2-current-reuse skipped any_feasible=False wall=171.3s
[shard 0/3] 98/175 bnl-1575-gain-g1__lna-a4-twostage skipped any_feasible=False wall=164.8s
[shard 0/3] 99/175 bnl-1575-gain-g1__lna-a1-inddegen-cascode skipped any_feasible=False wall=165.1s
[shard 0/3] 100/175 bnl-1575-gain-g0__lna-a3-shunt-feedback skipped any_feasible=False wall=160.8s
[shard 0/3] 101/175 bnl-1575-diag-t4__lna-a5-commongate skipped any_feasible=False wall=163.6s
[shard 0/3] 102/175 bnl-1575-diag-t4__lna-a2-current-reuse skipped any_feasible=False wall=171.1s
[shard 0/3] 103/175 bnl-1575-diag-t3__lna-a4-twostage skipped any_feasible=False wall=165.1s
[shard 0/3] 104/175 bnl-1575-diag-t3__lna-a1-inddegen-cascode skipped any_feasible=False wall=165.2s
[shard 0/3] 105/175 bnl-1575-diag-t2__lna-a3-shunt-feedback skipped any_feasible=False wall=160.6s
[shard 0/3] 106/175 bnl-1575-diag-t1__lna-a5-commongate skipped any_feasible=False wall=162.5s
[shard 0/3] 107/175 bnl-1575-diag-t1__lna-a2-current-reuse skipped any_feasible=False wall=170.3s
[shard 0/3] 108/175 bnl-1575-diag-t0__lna-a4-twostage skipped any_feasible=False wall=165.3s
[shard 0/3] 109/175 bnl-1575-diag-t0__lna-a1-inddegen-cascode skipped any_feasible=False wall=164.9s
[shard 0/3] 110/175 bnl-09-lown-n0__lna-a3-shunt-feedback skipped any_feasible=False wall=160.5s
[shard 0/3] 111/175 bnl-09-powe-p1__lna-a5-commongate skipped any_feasible=False wall=162.7s
[shard 0/3] 112/175 bnl-09-powe-p1__lna-a2-current-reuse skipped any_feasible=False wall=170.6s
[shard 0/3] 113/175 bnl-09-powe-p0__lna-a4-twostage skipped any_feasible=False wall=164.6s
[shard 0/3] 114/175 bnl-09-powe-p0__lna-a1-inddegen-cascode skipped any_feasible=False wall=165.2s
[shard 0/3] 115/175 bnl-09-gain-g1__lna-a3-shunt-feedback skipped any_feasible=False wall=160.3s
[shard 0/3] 116/175 bnl-09-gain-g0__lna-a5-commongate skipped any_feasible=False wall=162.5s
[shard 0/3] 117/175 bnl-09-gain-g0__lna-a2-current-reuse skipped any_feasible=False wall=170.9s
[shard 0/3] 118/175 bnl-09-diag-t4__lna-a4-twostage skipped any_feasible=False wall=165.5s
[shard 0/3] 119/175 bnl-09-diag-t4__lna-a1-inddegen-cascode skipped any_feasible=False wall=164.6s
[shard 0/3] 120/175 bnl-09-diag-t3__lna-a3-shunt-feedback skipped any_feasible=False wall=160.4s
[shard 0/3] 121/175 bnl-09-diag-t2__lna-a5-commongate skipped any_feasible=False wall=163.1s
[shard 0/3] 122/175 bnl-09-diag-t2__lna-a2-current-reuse skipped any_feasible=False wall=170.7s
[shard 0/3] 123/175 bnl-09-diag-t1__lna-a4-twostage skipped any_feasible=False wall=165.0s
[shard 0/3] 124/175 bnl-09-diag-t1__lna-a1-inddegen-cascode skipped any_feasible=False wall=164.4s
[shard 0/3] 125/175 bnl-09-diag-t0__lna-a3-shunt-feedback skipped any_feasible=False wall=160.3s
[shard 0/3] 126/175 bbl-24-g14-c33-a022-x__bl-a2-cs-cg-split skipped any_feasible=False wall=259.1s
[shard 0/3] 127/175 bbl-09-g16-c38-a018-x__bl-a1-noisecancel skipped any_feasible=False wall=261.7s
[shard 0/3] 128/175 bbl-09-g15-c35-a02-x__bl-a2-cs-cg-split skipped any_feasible=False wall=257.7s
[shard 0/3] 129/175 bbl-24-g15-c35-a02-x__bl-a1-noisecancel skipped any_feasible=False wall=261.2s
[shard 0/3] 130/175 bbl-24-g12-c25-a05-x__bl-a2-cs-cg-split skipped any_feasible=False wall=258.3s
[shard 0/3] 131/175 bbl-09-g18-c40-a015-x__bl-a1-noisecancel skipped any_feasible=False wall=262.4s
[shard 0/3] 132/175 bbl-09-g15-c30-a01-imb__bl-a2-cs-cg-split skipped any_feasible=False wall=258.0s
[shard 0/3] 133/175 bbl-09-g15-c30-a015-imb__bl-a1-noisecancel skipped any_feasible=False wall=261.1s
[shard 0/3] 134/175 bbl-09-g15-c30-a04-imb__bl-a2-cs-cg-split skipped any_feasible=False wall=258.8s
[shard 0/3] 135/175 bbl-09-g18-c40-a015__bl-a1-noisecancel skipped any_feasible=False wall=261.9s
[shard 0/3] 136/175 bbl-09-g18-c20-a05__bl-a2-cs-cg-split skipped any_feasible=False wall=258.6s
[shard 0/3] 137/175 bbl-09-g15-c40-a015__bl-a1-noisecancel skipped any_feasible=False wall=261.6s
[shard 0/3] 138/175 bbl-09-g15-c20-a05__bl-a2-cs-cg-split skipped any_feasible=False wall=259.0s
[shard 0/3] 139/175 bbl-09-g12-c40-a015__bl-a1-noisecancel skipped any_feasible=False wall=263.3s
[shard 0/3] 140/175 bbl-09-g12-c20-a05__bl-a2-cs-cg-split skipped any_feasible=False wall=257.9s
[shard 0/3] 141/175 bbl-24-g15-c30-a01-imb__bl-a1-noisecancel skipped any_feasible=False wall=262.0s
[shard 0/3] 142/175 bbl-24-g15-c30-a025-imb__bl-a2-cs-cg-split skipped any_feasible=False wall=257.8s
[shard 0/3] 143/175 bbl-24-g15-c30-a04-imb__bl-a1-noisecancel skipped any_feasible=False wall=262.5s
[shard 0/3] 144/175 bbl-24-g18-c30-a03__bl-a2-cs-cg-split skipped any_feasible=False wall=257.1s
[shard 0/3] 145/175 bbl-24-g18-c20-a05__bl-a1-noisecancel skipped any_feasible=False wall=263.2s
[shard 0/3] 146/175 bbl-24-g15-c30-a03__bl-a2-cs-cg-split skipped any_feasible=False wall=259.6s
[shard 0/3] 147/175 bbl-24-g15-c20-a05__bl-a1-noisecancel skipped any_feasible=False wall=262.2s
[shard 0/3] 148/175 bbl-24-g12-c30-a03__bl-a2-cs-cg-split skipped any_feasible=False wall=258.7s
[shard 0/3] 149/175 bbl-24-g12-c20-a05__bl-a1-noisecancel skipped any_feasible=False wall=262.0s
[shard 0/3] 150/175 bmx-09-cg9-ip0-iso40-iso__mx-a2-dualgate skipped any_feasible=False wall=1064.4s
[shard 0/3] 151/175 bmx-09-cg9-ip0-iso35-iso__mx-a1-gatepumped skipped any_feasible=False wall=1096.6s
[shard 0/3] 152/175 bmx-09-cg15-ip10-iso40__mx-a2-dualgate skipped any_feasible=False wall=1037.1s
[shard 0/3] 153/175 bmx-09-cg15-ip5-iso40__mx-a1-gatepumped skipped any_feasible=False wall=1072.7s
[shard 0/3] 154/175 bmx-09-cg15-ipn5-iso30__mx-a2-dualgate skipped any_feasible=False wall=1064.6s
[shard 0/3] 155/175 bmx-09-cg12-ip10-iso40__mx-a1-gatepumped skipped any_feasible=False wall=1072.5s
[shard 0/3] 156/175 bmx-09-cg12-ip0-iso30__mx-a2-dualgate skipped any_feasible=False wall=1062.3s
[shard 0/3] 157/175 bmx-09-cg12-ipn5-iso30__mx-a1-gatepumped skipped any_feasible=False wall=1119.3s
[shard 0/3] 158/175 bmx-09-cg9-ip5-iso30__mx-a2-dualgate skipped any_feasible=False wall=1062.0s
[shard 0/3] 159/175 bmx-09-cg9-ip0-iso30__mx-a1-gatepumped skipped any_feasible=False wall=1095.9s
[shard 0/3] 160/175 bmx-09-cg6-ip10-iso30__mx-a2-dualgate skipped any_feasible=False wall=1037.8s
[shard 0/3] 161/175 bmx-09-cg6-ip5-iso30__mx-a1-gatepumped skipped any_feasible=False wall=1045.6s
[shard 0/3] 162/175 bmx-09-cg6-ipn5-iso20__mx-a2-dualgate skipped any_feasible=False wall=1036.5s
[shard 0/3] 163/175 bmx-24-cg9-ip0-iso45-iso__mx-a1-gatepumped skipped any_feasible=False wall=1233.4s
[shard 0/3] 164/175 bmx-24-cg9-ip0-iso35-iso__mx-a2-dualgate skipped any_feasible=False wall=1275.6s
[shard 0/3] 165/175 bmx-24-cg9-ip0-iso25-iso__mx-a1-gatepumped skipped any_feasible=False wall=1692.3s
[shard 0/3] 166/175 bmx-24-cg15-ip5-iso40__mx-a2-dualgate skipped any_feasible=False wall=1238.8s
[shard 0/3] 167/175 bmx-24-cg15-ip0-iso40__mx-a1-gatepumped ran any_feasible=False wall=1357.1s
[shard 0/3] 168/175 bmx-24-cg12-ip10-iso40__mx-a2-dualgate ran any_feasible=False wall=1263.5s
[shard 0/3] 169/175 bmx-24-cg12-ip5-iso40__mx-a1-gatepumped ran any_feasible=False wall=1413.3s
[shard 0/3] 170/175 bmx-24-cg12-ipn5-iso30__mx-a2-dualgate ran any_feasible=False wall=1247.5s
[shard 0/3] 171/175 bmx-24-cg9-ip10-iso40__mx-a1-gatepumped ran any_feasible=False wall=1466.5s
[shard 0/3] 172/175 bmx-24-cg9-ip0-iso30__mx-a2-dualgate ran any_feasible=False wall=1225.0s
[shard 0/3] 173/175 bmx-24-cg9-ipn5-iso20__mx-a1-gatepumped ran any_feasible=False wall=1778.0s
[shard 0/3] 174/175 bmx-24-cg6-ip5-iso30__mx-a2-dualgate ran any_feasible=False wall=1261.6s
[shard 0/3] 175/175 bmx-24-cg6-ip0-iso20__mx-a1-gatepumped ran any_feasible=False wall=1675.7s
