screen tasks pending: 2168
[20/2168 4.1min eta 436min] v12-wb-s11n10-g10-b0530 72945e70a2a1:021 s1 feas=False worst=['s11_max_db', -0.606948] secs=77.23752784729004
[40/2168 6.6min eta 352min] v12-wb-s11n10-g10-b0530 72945e70a2a1:039 s1 feas=False worst=['s11_max_db', -0.35495599999999994] secs=75.28412890434265
[43/2168 7.9min eta 389min] v12-wb-s11n10-g10-b0530 72945e70a2a1:042 s1 feas=True worst=['s11_max_db', 0.002480000000000082] secs=75.63378739356995
[49/2168 9.1min eta 395min] v12-wb-s11n10-g10-b0530 72945e70a2a1:048 s1 feas=True worst=['s11_max_db', 0.005410000000000003] secs=75.98533630371094
[56/2168 9.2min eta 346min] v12-wb-s11n10-g10-b0530 72945e70a2a1:053 s1 feas=True worst=['s11_max_db', 0.0006199999999999761] secs=76.80355548858643
[58/2168 10.4min eta 378min] v12-wb-s11n10-g10-b0530 72945e70a2a1:056 s1 feas=True worst=['s11_max_db', 0.0022999999999999687] secs=75.11536478996277
[60/2168 10.4min eta 367min] v12-wb-s11n10-g10-b0530 72945e70a2a1:059 s1 feas=False worst=['s11_max_db', -0.624595] secs=75.76306939125061
[80/2168 13.1min eta 341min] v12-wb-s11n10-g10-b0530 72945e70a2a1:079 s1 feas=False worst=['s11_max_db', -0.49907599999999996] secs=78.22558903694153
[100/2168 16.8min eta 347min] v12-wb-s11n10-g10-b0530 72945e70a2a1:099 s1 feas=False worst=['s11_max_db', -0.376146] secs=70.52826189994812
[120/2168 19.4min eta 330min] v12-wb-s11n10-g10-b0530 72945e70a2a1:119 s1 feas=False worst=['s11_max_db', -0.48167299999999996] secs=78.8004515171051
[121/2168 20.7min eta 350min] v12-wb-s11n10-g10-b0530 72945e70a2a1:120 s1 feas=True worst=['s21_db', 7.999999999999118e-05] secs=84.00517964363098
[126/2168 20.8min eta 337min] v12-wb-s11n10-g10-b0530 72945e70a2a1:126 s1 feas=True worst=['s11_max_db', 0.0032600000000000406] secs=84.16316246986389
[140/2168 23.6min eta 342min] v12-wb-s11n10-g10-b0530 72945e70a2a1:139 s1 feas=False worst=['s11_max_db', -0.361241] secs=84.8600697517395
[144/2168 23.6min eta 332min] v12-wb-s11n10-g10-b0530 72945e70a2a1:143 s1 feas=True worst=['s11_max_db', 0.004020000000000046] secs=85.586190700531
[160/2168 26.4min eta 332min] v12-wb-s11n10-g10-b0530 72945e70a2a1:158 s1 feas=True worst=['s11_max_db', 0.0018499999999999517] secs=83.6597855091095
[180/2168 30.6min eta 338min] v12-wb-s11n10-g10-b0824 72945e70a2a1:001 s1 feas=False worst=['s11_max_db', -0.06508299999999992] secs=83.37017011642456
[181/2168 30.7min eta 337min] v12-wb-s11n10-g10-b0824 72945e70a2a1:002 s1 feas=True worst=['s11_max_db', 0.000990000000000002] secs=83.64995431900024
[190/2168 32.1min eta 334min] v12-wb-s11n10-g10-b0824 72945e70a2a1:011 s1 feas=True worst=['s11_max_db', 0.000990000000000002] secs=84.20999598503113
[200/2168 33.5min eta 330min] v12-wb-s11n10-g10-b0824 72945e70a2a1:021 s1 feas=False worst=['s11_max_db', -0.22059300000000004] secs=83.062424659729
[208/2168 34.9min eta 329min] v12-wb-s11n10-g10-b0824 72945e70a2a1:030 s1 feas=True worst=['s11_max_db', 0.0026799999999999715] secs=84.24473261833191
[214/2168 36.3min eta 331min] v12-wb-s11n10-g10-b0824 72945e70a2a1:035 s1 feas=True worst=['s11_max_db', 0.000990000000000002] secs=84.07927179336548
[218/2168 36.3min eta 325min] v12-wb-s11n10-g10-b0824 72945e70a2a1:038 s1 feas=True worst=['s11_max_db', 0.00015000000000000568] secs=84.30070185661316
[220/2168 37.7min eta 334min] v12-wb-s11n10-g10-b0824 72945e70a2a1:041 s1 feas=True worst=['s11_max_db', 0.0001200000000000756] secs=85.42137837409973
[221/2168 37.7min eta 332min] v12-wb-s11n10-g10-b0824 72945e70a2a1:042 s1 feas=True worst=['s11_max_db', 0.00022999999999999686] secs=85.02005648612976
[226/2168 37.8min eta 324min] v12-wb-s11n10-g10-b0824 72945e70a2a1:047 s1 feas=True worst=['s11_max_db', 8.999999999996789e-05] secs=84.8380994796753
[227/2168 39.1min eta 334min] v12-wb-s11n10-g10-b0824 72945e70a2a1:048 s1 feas=True worst=['s11_max_db', 0.0025600000000000735] secs=84.54333281517029
[230/2168 39.2min eta 330min] v12-wb-s11n10-g10-b0824 72945e70a2a1:051 s1 feas=True worst=['s11_max_db', 0.00023999999999997358] secs=85.24377346038818
[232/2168 39.2min eta 327min] v12-wb-s11n10-g10-b0824 72945e70a2a1:053 s1 feas=True worst=['s11_max_db', 0.0008399999999999963] secs=85.36625623703003
[235/2168 40.5min eta 333min] v12-wb-s11n10-g10-b0824 72945e70a2a1:056 s1 feas=True worst=['s11_max_db', 0.013330000000000019] secs=84.04729390144348
[239/2168 40.6min eta 327min] v12-wb-s11n10-g10-b0824 72945e70a2a1:060 s1 feas=True worst=['s11_max_db', 0.001159999999999961] secs=84.16209173202515
[240/2168 40.6min eta 326min] v12-wb-s11n10-g10-b0824 72945e70a2a1:061 s1 feas=False worst=['s21_db', -1.0898952] secs=83.91344237327576
[242/2168 40.6min eta 323min] v12-wb-s11n10-g10-b0824 72945e70a2a1:063 s1 feas=True worst=['s11_max_db', 1.9999999999953388e-05] secs=83.82881164550781
[249/2168 42.0min eta 324min] v12-wb-s11n10-g10-b0824 72945e70a2a1:069 s1 feas=True worst=['s11_max_db', 0.006889999999999929] secs=84.0835771560669
[254/2168 43.4min eta 327min] v12-wb-s11n10-g10-b0824 72945e70a2a1:075 s1 feas=True worst=['s11_max_db', 0.00257000000000005] secs=84.86691546440125
[260/2168 44.8min eta 329min] v12-wb-s11n10-g10-b0824 72945e70a2a1:080 s1 feas=True worst=['s11_max_db', 0.0009199999999999875] secs=86.06229710578918
[280/2168 47.7min eta 322min] v12-wb-s11n10-g10-b0824 72945e70a2a1:101 s1 feas=False worst=['s11_max_db', -0.07802399999999991] secs=86.34698748588562
[283/2168 49.1min eta 327min] v12-wb-s11n10-g10-b0824 72945e70a2a1:105 s1 feas=True worst=['s11_max_db', 0.00367999999999995] secs=85.66627907752991
[290/2168 49.2min eta 318min] v12-wb-s11n10-g10-b0824 72945e70a2a1:111 s1 feas=True worst=['s11_max_db', 0.0013199999999999434] secs=85.57594609260559
[295/2168 50.6min eta 321min] v12-wb-s11n10-g10-b0824 72945e70a2a1:116 s1 feas=True worst=['s11_max_db', 0.0043400000000000105] secs=86.49281907081604
[300/2168 52.0min eta 324min] v12-wb-s11n10-g10-b0824 72945e70a2a1:120 s1 feas=True worst=['s11_max_db', 0.0006800000000000139] secs=87.55490016937256
[305/2168 52.1min eta 318min] v12-wb-s11n10-g10-b0824 72945e70a2a1:126 s1 feas=True worst=['s11_max_db', 0.0008800000000000807] secs=87.4687442779541
[308/2168 53.5min eta 323min] v12-wb-s11n10-g10-b0824 72945e70a2a1:129 s1 feas=True worst=['s11_max_db', 0.000569999999999915] secs=86.11919093132019
[310/2168 53.5min eta 321min] v12-wb-s11n10-g10-b0824 72945e70a2a1:131 s1 feas=True worst=['s11_max_db', 0.0015499999999999403] secs=85.87914085388184
[314/2168 53.5min eta 316min] v12-wb-s11n10-g10-b0824 72945e70a2a1:135 s1 feas=True worst=['s11_max_db', 0.0016899999999999693] secs=85.41729211807251
[319/2168 54.9min eta 318min] v12-wb-s11n10-g10-b0824 72945e70a2a1:141 s1 feas=True worst=['s11_max_db', 0.0003600000000000492] secs=83.07075810432434
[320/2168 54.9min eta 317min] v12-wb-s11n10-g10-b0824 72945e70a2a1:140 s1 feas=False worst=['s11_max_db', -0.04631699999999998] secs=83.21466183662415
[322/2168 54.9min eta 315min] v12-wb-s11n10-g10-b0824 72945e70a2a1:143 s1 feas=True worst=['s11_max_db', 0.0016700000000000159] secs=83.93229079246521
[323/2168 56.3min eta 321min] v12-wb-s11n10-g10-b0824 72945e70a2a1:144 s1 feas=True worst=['s11_max_db', 6.00000000000378e-05] secs=84.47299790382385
[325/2168 56.3min eta 319min] v12-wb-s11n10-g10-b0824 72945e70a2a1:146 s1 feas=True worst=['s11_max_db', 0.0018599999999999283] secs=84.4057822227478
[326/2168 56.3min eta 318min] v12-wb-s11n10-g10-b0824 72945e70a2a1:147 s1 feas=True worst=['s11_max_db', 0.004840000000000089] secs=84.48065066337585
[332/2168 57.7min eta 319min] v12-wb-s11n10-g10-b0824 72945e70a2a1:152 s1 feas=True worst=['s11_max_db', 0.00038000000000000257] secs=83.57586288452148
[333/2168 57.7min eta 318min] v12-wb-s11n10-g10-b0824 72945e70a2a1:155 s1 feas=True worst=['s11_max_db', 0.0006099999999999994] secs=83.80624842643738
[335/2168 57.7min eta 316min] v12-wb-s11n10-g10-b0824 72945e70a2a1:156 s1 feas=True worst=['s11_max_db', 0.0007199999999999207] secs=83.4074854850769
[336/2168 57.7min eta 315min] v12-wb-s11n10-g10-b0824 72945e70a2a1:157 s1 feas=True worst=['s11_max_db', 0.0014599999999999724] secs=83.13426685333252
[338/2168 57.7min eta 312min] v12-wb-s11n10-g10-b0824 72945e70a2a1:158 s1 feas=True worst=['s11_max_db', 0.004640000000000022] secs=83.73510527610779
[339/2168 57.7min eta 311min] v12-wb-s11n10-g10-b0824 72945e70a2a1:159 s1 feas=True worst=['s11_max_db', 0.004100000000000037] secs=83.97448968887329
[340/2168 59.2min eta 318min] v12-wb-s11n10-g10-b0824 72945e70a2a1:160 s1 feas=False worst=['s11_max_db', -0.05591899999999992] secs=89.42147326469421
[341/2168 59.2min eta 317min] v12-wb-s11n10-g10-b0824 72945e70a2a1:161 s1 feas=True worst=['s11_max_db', 0.000990000000000002] secs=89.74363613128662
[345/2168 59.2min eta 313min] v12-wb-s11n10-g10-b0824 72945e70a2a1:164 s1 feas=True worst=['s11_max_db', 0.0004599999999999937] secs=90.00493669509888
[359/2168 62.0min eta 312min] v12-wb-s11n10-g12-b0824 72945e70a2a1:002 s1 feas=True worst=['s11_max_db', 0.00025999999999992696] secs=83.53850793838501
[360/2168 62.0min eta 311min] v12-wb-s11n10-g12-b0824 72945e70a2a1:003 s1 feas=False worst=['s11_max_db', -0.238774] secs=83.45185375213623
[369/2168 63.5min eta 309min] v12-wb-s11n10-g12-b0824 72945e70a2a1:011 s1 feas=True worst=['s11_max_db', 0.0003500000000000725] secs=88.2970278263092
[380/2168 64.9min eta 305min] v12-wb-s11n10-g12-b0824 72945e70a2a1:023 s1 feas=False worst=['s11_max_db', -0.09894200000000009] secs=83.78668522834778
[387/2168 66.3min eta 305min] v12-wb-s11n10-g12-b0824 72945e70a2a1:030 s1 feas=True worst=['s21_db', 0.004708333333333314] secs=85.90368866920471
[394/2168 67.8min eta 305min] v12-wb-s11n10-g12-b0824 72945e70a2a1:035 s1 feas=True worst=['s11_max_db', 0.00025999999999992696] secs=87.25844931602478
[396/2168 67.8min eta 303min] v12-wb-s11n10-g12-b0824 72945e70a2a1:038 s1 feas=True worst=['s11_max_db', 0.0005000000000000782] secs=86.69850945472717
[398/2168 69.1min eta 307min] v12-wb-s11n10-g12-b0824 72945e70a2a1:041 s1 feas=True worst=['s11_max_db', 0.0] secs=82.8588719367981
[399/2168 69.1min eta 307min] v12-wb-s11n10-g12-b0824 72945e70a2a1:042 s1 feas=True worst=['s11_max_db', 0.0009800000000000253] secs=82.32581615447998
[400/2168 69.2min eta 306min] v12-wb-s11n10-g12-b0824 72945e70a2a1:045 s1 feas=False worst=['s11_max_db', -0.260239] secs=82.72559452056885
[403/2168 69.2min eta 303min] v12-wb-s11n10-g12-b0824 72945e70a2a1:047 s1 feas=True worst=['s11_max_db', 9.999999999994457e-05] secs=82.67128443717957
[405/2168 70.6min eta 307min] v12-wb-s11n10-g12-b0824 72945e70a2a1:048 s1 feas=True worst=['s11_max_db', 0.0024100000000000675] secs=88.02714204788208
[412/2168 70.7min eta 301min] v12-wb-s11n10-g12-b0824 72945e70a2a1:053 s1 feas=True worst=['s21_ripple_db', 0.004399999999999515] secs=88.40157866477966
[413/2168 72.0min eta 306min] v12-wb-s11n10-g12-b0824 72945e70a2a1:056 s1 feas=True worst=['s11_max_db', 0.0010500000000000398] secs=87.3179087638855
[416/2168 72.1min eta 304min] v12-wb-s11n10-g12-b0824 72945e70a2a1:060 s1 feas=True worst=['s11_max_db', 1.9999999999953388e-05] secs=87.38121676445007
[420/2168 72.1min eta 300min] v12-wb-s11n10-g12-b0824 72945e70a2a1:062 s1 feas=False worst=['s21_db', -1.0332665833333332] secs=87.76663661003113
[437/2168 76.4min eta 303min] v12-wb-s11n10-g12-b0824 72945e70a2a1:080 s1 feas=True worst=['s11_max_db', 0.0001200000000000756] secs=86.9970633983612
[440/2168 76.4min eta 300min] v12-wb-s11n10-g12-b0824 72945e70a2a1:084 s1 feas=False worst=['s11_max_db', -0.06741600000000006] secs=85.93570709228516
[460/2168 79.4min eta 295min] v12-wb-s11n10-g12-b0824 72945e70a2a1:101 s1 feas=False worst=['s11_max_db', -0.09372900000000009] secs=89.78080034255981
[462/2168 80.7min eta 298min] v12-wb-s11n10-g12-b0824 72945e70a2a1:105 s1 feas=True worst=['s21_ripple_db', 0.001300000000000523] secs=87.36844897270203
[467/2168 80.8min eta 294min] v12-wb-s11n10-g12-b0824 72945e70a2a1:111 s1 feas=True worst=['s21_db', 0.0004083333333332699] secs=87.94675874710083
[473/2168 82.3min eta 295min] v12-wb-s11n10-g12-b0824 72945e70a2a1:116 s1 feas=True worst=['s11_max_db', 0.007469999999999999] secs=87.84989857673645
[477/2168 83.7min eta 297min] v12-wb-s11n10-g12-b0824 72945e70a2a1:120 s1 feas=True worst=['s21_db', 0.001875000000000071] secs=89.3070924282074
[480/2168 83.8min eta 295min] v12-wb-s11n10-g12-b0824 72945e70a2a1:123 s1 feas=False worst=['s11_max_db', -0.04111399999999996] secs=88.84619450569153
[483/2168 83.8min eta 292min] v12-wb-s11n10-g12-b0824 72945e70a2a1:126 s1 feas=True worst=['s21_db', 0.002441666666666601] secs=89.11076068878174
[489/2168 85.2min eta 293min] v12-wb-s11n10-g12-b0824 72945e70a2a1:131 s1 feas=True worst=['s21_db', 0.0013750000000000522] secs=86.32702422142029
[492/2168 85.2min eta 290min] v12-wb-s11n10-g12-b0824 72945e70a2a1:135 s1 feas=True worst=['s11_max_db', 0.0006999999999999674] secs=85.72607755661011
[497/2168 86.8min eta 292min] v12-wb-s11n10-g12-b0824 72945e70a2a1:141 s1 feas=True worst=['s21_db', 0.0024249999999999736] secs=94.78181576728821
[500/2168 86.8min eta 290min] v12-wb-s11n10-g12-b0824 72945e70a2a1:143 s1 feas=True worst=['s21_db', 0.003049999999999997] secs=95.05677890777588
[501/2168 88.2min eta 293min] v12-wb-s11n10-g12-b0824 72945e70a2a1:144 s1 feas=True worst=['s11_max_db', 9.999999999994457e-05] secs=87.43462252616882
[503/2168 88.2min eta 292min] v12-wb-s11n10-g12-b0824 72945e70a2a1:146 s1 feas=True worst=['s11_max_db', 0.001130000000000031] secs=87.16204738616943
[504/2168 88.3min eta 291min] v12-wb-s11n10-g12-b0824 72945e70a2a1:147 s1 feas=True worst=['s11_max_db', 0.0013799999999999813] secs=87.1196882724762
[510/2168 89.6min eta 291min] v12-wb-s11n10-g12-b0824 72945e70a2a1:152 s1 feas=True worst=['s11_max_db', 6.00000000000378e-05] secs=86.83023858070374
[512/2168 89.7min eta 290min] v12-wb-s11n10-g12-b0824 72945e70a2a1:156 s1 feas=True worst=['s11_max_db', 0.0016799999999999927] secs=86.19738912582397
[514/2168 89.7min eta 289min] v12-wb-s11n10-g12-b0824 72945e70a2a1:157 s1 feas=True worst=['s11_max_db', 0.0006299999999999529] secs=85.98797941207886
[516/2168 89.7min eta 287min] v12-wb-s11n10-g12-b0824 72945e70a2a1:158 s1 feas=True worst=['s21_db', 0.014558333333333303] secs=86.78694462776184
[517/2168 89.7min eta 287min] v12-wb-s11n10-g12-b0824 72945e70a2a1:159 s1 feas=True worst=['s21_db', 0.0028249999999999296] secs=86.6883635520935
[519/2168 91.2min eta 290min] v12-wb-s11n10-g12-b0824 72945e70a2a1:161 s1 feas=True worst=['s11_max_db', 0.005749999999999922] secs=90.36510944366455
[520/2168 91.2min eta 289min] v12-wb-s11n10-g12-b0824 72945e70a2a1:162 s1 feas=False worst=['s11_max_db', -0.04954400000000003] secs=89.98839402198792
[523/2168 91.2min eta 287min] v12-wb-s11n10-g12-b0824 72945e70a2a1:164 s1 feas=True worst=['s11_max_db', 0.0001200000000000756] secs=90.38982439041138
[538/2168 94.1min eta 285min] v12-wb-s11n11-g10-b0824 72945e70a2a1:002 s1 feas=True worst=['s11_max_db', 0.0008000000000000733] secs=87.5743305683136
[540/2168 94.1min eta 284min] v12-wb-s11n11-g10-b0824 72945e70a2a1:005 s1 feas=False worst=['s11_max_db', -0.3630618181818182] secs=87.2092661857605
[546/2168 95.6min eta 284min] v12-wb-s11n11-g10-b0824 72945e70a2a1:011 s1 feas=True worst=['s11_max_db', 0.0002999999999999468] secs=88.96059679985046
[560/2168 98.4min eta 283min] v12-wb-s11n11-g10-b0824 72945e70a2a1:025 s1 feas=False worst=['s11_max_db', -0.5810281818181818] secs=86.29288482666016
[565/2168 98.5min eta 280min] v12-wb-s11n11-g10-b0824 72945e70a2a1:030 s1 feas=True worst=['s11_max_db', 0.00027272727272728304] secs=87.40891551971436
[570/2168 100.0min eta 280min] v12-wb-s11n11-g10-b0824 72945e70a2a1:035 s1 feas=True worst=['s11_max_db', 0.0008000000000000733] secs=88.99904251098633
[576/2168 101.4min eta 280min] v12-wb-s11n11-g10-b0824 72945e70a2a1:041 s1 feas=True worst=['s11_max_db', 0.00033636363636365985] secs=89.09948420524597
[577/2168 101.5min eta 280min] v12-wb-s11n11-g10-b0824 72945e70a2a1:042 s1 feas=True worst=['s11_max_db', 0.00037272727272721147] secs=88.67681550979614
[580/2168 101.5min eta 278min] v12-wb-s11n11-g10-b0824 72945e70a2a1:044 s1 feas=False worst=['s21_db', -1.0412966000000001] secs=88.96660017967224
[582/2168 101.6min eta 277min] v12-wb-s11n11-g10-b0824 72945e70a2a1:047 s1 feas=True worst=['s11_max_db', 0.00022727272727268206] secs=88.60122561454773
[583/2168 102.9min eta 280min] v12-wb-s11n11-g10-b0824 72945e70a2a1:048 s1 feas=True worst=['s11_max_db', 0.00501818181818175] secs=85.85669040679932
[589/2168 103.0min eta 276min] v12-wb-s11n11-g10-b0824 72945e70a2a1:053 s1 feas=True worst=['s11_max_db', 0.0010181818181818675] secs=87.13877439498901
[591/2168 104.3min eta 278min] v12-wb-s11n11-g10-b0824 72945e70a2a1:056 s1 feas=True worst=['s11_max_db', 0.001390909090909079] secs=88.35534024238586
[598/2168 104.5min eta 274min] v12-wb-s11n11-g10-b0824 72945e70a2a1:063 s1 feas=True worst=['s21_db', 0.005749999999999922] secs=87.6805067062378
[600/2168 105.8min eta 277min] v12-wb-s11n11-g10-b0824 72945e70a2a1:065 s1 feas=False worst=['s21_db', -1.0510821] secs=86.7429141998291
[610/2168 107.3min eta 274min] v12-wb-s11n11-g10-b0824 72945e70a2a1:075 s1 feas=True worst=['s11_max_db', 0.0002999999999999468] secs=87.33125829696655
[620/2168 108.8min eta 272min] v12-wb-s11n11-g10-b0824 72945e70a2a1:085 s1 feas=False worst=['s11_max_db', -0.15363454545454547] secs=86.6556122303009
[640/2168 113.2min eta 270min] v12-wb-s11n11-g10-b0824 72945e70a2a1:105 s1 feas=True worst=['s11_max_db', 0.005509090909090989] secs=86.65675139427185
[646/2168 113.4min eta 267min] v12-wb-s11n11-g10-b0824 72945e70a2a1:111 s1 feas=True worst=['s21_ripple_db', 0.0024999999999995026] secs=86.04712796211243
[651/2168 114.7min eta 267min] v12-wb-s11n11-g10-b0824 72945e70a2a1:116 s1 feas=True worst=['s11_max_db', 0.03140909090909086] secs=83.60032391548157
[655/2168 116.1min eta 268min] v12-wb-s11n11-g10-b0824 72945e70a2a1:120 s1 feas=True worst=['s11_max_db', 0.0009181818181817777] secs=90.35336256027222
[660/2168 116.2min eta 266min] v12-wb-s11n11-g10-b0824 72945e70a2a1:126 s1 feas=True worst=['s11_max_db', 0.0029181818181817994] secs=89.8721706867218
[667/2168 117.6min eta 265min] v12-wb-s11n11-g10-b0824 72945e70a2a1:131 s1 feas=True worst=['s11_max_db', 0.0004636363636364135] secs=84.04553055763245
[669/2168 117.6min eta 264min] v12-wb-s11n11-g10-b0824 72945e70a2a1:134 s1 feas=True worst=['s11_max_db', 0.0020363636363635736] secs=83.60881519317627
[670/2168 117.7min eta 263min] v12-wb-s11n11-g10-b0824 72945e70a2a1:135 s1 feas=True worst=['s11_max_db', 0.0003909090909091488] secs=82.73419117927551
[676/2168 118.7min eta 262min] v12-wb-s11n11-g10-b0824 72945e70a2a1:141 s1 feas=True worst=['s11_max_db', 6.363636363637681e-05] secs=65.71628665924072
[678/2168 118.8min eta 261min] v12-wb-s11n11-g10-b0824 72945e70a2a1:143 s1 feas=True worst=['s11_max_db', 0.0002999999999999468] secs=65.07906222343445
[679/2168 119.9min eta 263min] v12-wb-s11n11-g10-b0824 72945e70a2a1:144 s1 feas=True worst=['s11_max_db', 0.0016545454545454743] secs=72.64812326431274
[680/2168 119.9min eta 262min] v12-wb-s11n11-g10-b0824 72945e70a2a1:145 s1 feas=False worst=['s11_max_db', -0.3629936363636364] secs=72.74818921089172
[681/2168 119.9min eta 262min] v12-wb-s11n11-g10-b0824 72945e70a2a1:146 s1 feas=True worst=['s11_max_db', 0.0015454545454544964] secs=72.73110055923462
[682/2168 119.9min eta 261min] v12-wb-s11n11-g10-b0824 72945e70a2a1:147 s1 feas=True worst=['s11_max_db', 0.0004090909090909246] secs=72.58842873573303
[688/2168 120.9min eta 260min] v12-wb-s11n11-g10-b0824 72945e70a2a1:152 s1 feas=True worst=['s11_max_db', 0.0004727272727273014] secs=64.14663124084473
[690/2168 121.0min eta 259min] v12-wb-s11n11-g10-b0824 72945e70a2a1:156 s1 feas=True worst=['s11_max_db', 0.000327272727272772] secs=63.96602702140808
[691/2168 121.0min eta 259min] v12-wb-s11n11-g10-b0824 72945e70a2a1:155 s1 feas=True worst=['s11_max_db', 0.0026454545454545164] secs=64.3960108757019
[692/2168 121.0min eta 258min] v12-wb-s11n11-g10-b0824 72945e70a2a1:157 s1 feas=True worst=['s11_max_db', 0.0012727272727272134] secs=63.92898678779602
[694/2168 121.0min eta 257min] v12-wb-s11n11-g10-b0824 72945e70a2a1:158 s1 feas=True worst=['s11_max_db', 0.023490909090909087] secs=64.46083092689514
[695/2168 121.1min eta 257min] v12-wb-s11n11-g10-b0824 72945e70a2a1:159 s1 feas=True worst=['s11_max_db', 0.0009909090909090423] secs=63.95938181877136
[697/2168 122.1min eta 258min] v12-wb-s11n11-g10-b0824 72945e70a2a1:161 s1 feas=True worst=['s11_max_db', 0.00016363636363630525] secs=66.03535342216492
[700/2168 122.1min eta 256min] v12-wb-s11n11-g10-b0824 72945e70a2a1:163 s1 feas=False worst=['s11_max_db', -0.11371545454545462] secs=65.45142316818237
[715/2168 124.3min eta 253min] v12-wb-s11n11-g12-b0824 72945e70a2a1:002 s1 feas=True worst=['s11_max_db', 6.363636363637681e-05] secs=65.53254723548889
[720/2168 124.3min eta 250min] v12-wb-s11n11-g12-b0824 72945e70a2a1:007 s1 feas=False worst=['s11_max_db', -0.17514272727272726] secs=64.92640233039856
[724/2168 125.3min eta 250min] v12-wb-s11n11-g12-b0824 72945e70a2a1:011 s1 feas=True worst=['s11_max_db', 0.00023636363636356995] secs=63.32841086387634
[740/2168 127.5min eta 246min] v12-wb-s11n11-g12-b0824 72945e70a2a1:027 s1 feas=False worst=['s11_max_db', -0.29551] secs=64.85390043258667
[748/2168 128.6min eta 244min] v12-wb-s11n11-g12-b0824 72945e70a2a1:035 s1 feas=True worst=['s11_max_db', 6.363636363637681e-05] secs=64.60038614273071
[754/2168 129.7min eta 243min] v12-wb-s11n11-g12-b0824 72945e70a2a1:042 s1 feas=True worst=['s11_max_db', 0.0005636363636363419] secs=64.97080874443054
[755/2168 129.7min eta 243min] v12-wb-s11n11-g12-b0824 72945e70a2a1:041 s1 feas=True worst=['s21_db', 0.0006583333333332794] secs=65.24417614936829
[760/2168 129.7min eta 240min] v12-wb-s11n11-g12-b0824 72945e70a2a1:047 s1 feas=True worst=['s21_db', 0.0014500000000000253] secs=65.03112578392029
[761/2168 130.7min eta 242min] v12-wb-s11n11-g12-b0824 72945e70a2a1:048 s1 feas=True worst=['s11_max_db', 0.004772727272727292] secs=64.46646451950073
[767/2168 130.8min eta 239min] v12-wb-s11n11-g12-b0824 72945e70a2a1:053 s1 feas=True worst=['s11_max_db', 0.0071545454545454135] secs=64.97657895088196
[769/2168 131.8min eta 240min] v12-wb-s11n11-g12-b0824 72945e70a2a1:056 s1 feas=True worst=['s11_max_db', 0.0004999999999999651] secs=64.53853368759155
[780/2168 133.1min eta 237min] v12-wb-s11n11-g12-b0824 72945e70a2a1:067 s1 feas=False worst=['s11_max_db', -0.13987181818181812] secs=72.36340284347534
[793/2168 135.2min eta 234min] v12-wb-s11n11-g12-b0824 72945e70a2a1:080 s1 feas=True worst=['s21_db', 0.006166666666666654] secs=64.9279556274414
[800/2168 135.3min eta 231min] v12-wb-s11n11-g12-b0824 72945e70a2a1:087 s1 feas=False worst=['s11_max_db', -0.2789836363636363] secs=64.75527858734131
[820/2168 138.5min eta 228min] v12-wb-s11n11-g12-b0824 72945e70a2a1:107 s1 feas=False worst=['s21_db', -1.0452445000000001] secs=65.2049651145935
[824/2168 138.6min eta 226min] v12-wb-s11n11-g12-b0824 72945e70a2a1:111 s1 feas=True worst=['s11_max_db', 0.00037272727272721147] secs=64.98716187477112
[829/2168 139.6min eta 225min] v12-wb-s11n11-g12-b0824 72945e70a2a1:116 s1 feas=True worst=['s11_max_db', 0.0002999999999999468] secs=64.343341588974
[833/2168 140.6min eta 225min] v12-wb-s11n11-g12-b0824 72945e70a2a1:120 s1 feas=True worst=['s11_max_db', 0.00016363636363630525] secs=64.74700260162354
[839/2168 140.7min eta 223min] v12-wb-s11n11-g12-b0824 72945e70a2a1:126 s1 feas=True worst=['s21_db', 0.002799999999999988] secs=64.46417737007141
[840/2168 140.7min eta 222min] v12-wb-s11n11-g12-b0824 72945e70a2a1:127 s1 feas=False worst=['s21_db', -1.0640615833333333] secs=64.7553825378418
[844/2168 141.7min eta 222min] v12-wb-s11n11-g12-b0824 72945e70a2a1:131 s1 feas=True worst=['s11_max_db', 0.0077727272727272445] secs=64.73621654510498
[848/2168 141.8min eta 221min] v12-wb-s11n11-g12-b0824 72945e70a2a1:135 s1 feas=True worst=['s21_db', 0.0003750000000000142] secs=64.38125205039978
[857/2168 144.1min eta 220min] v12-wb-s11n11-g12-b0824 72945e70a2a1:144 s1 feas=True worst=['s11_max_db', 9.090909090904053e-05] secs=72.7541172504425
[859/2168 144.1min eta 220min] v12-wb-s11n11-g12-b0824 72945e70a2a1:146 s1 feas=True worst=['s11_max_db', 9.090909090904053e-05] secs=72.94991421699524
[860/2168 144.1min eta 219min] v12-wb-s11n11-g12-b0824 72945e70a2a1:147 s1 feas=True worst=['s21_db', 0.0007333333333334006] secs=72.98372888565063
[865/2168 145.1min eta 219min] v12-wb-s11n11-g12-b0824 72945e70a2a1:152 s1 feas=True worst=['s11_max_db', 0.00010909090909097782] secs=64.43445706367493
[870/2168 145.2min eta 217min] v12-wb-s11n11-g12-b0824 72945e70a2a1:157 s1 feas=True worst=['s21_db', 0.0017166666666666626] secs=64.24057960510254
[872/2168 145.2min eta 216min] v12-wb-s11n11-g12-b0824 72945e70a2a1:158 s1 feas=True worst=['s21_ripple_db', 0.0008500000000006835] secs=64.92861938476562
[873/2168 145.2min eta 215min] v12-wb-s11n11-g12-b0824 72945e70a2a1:159 s1 feas=True worst=['s11_max_db', 0.0018090909090908915] secs=63.77527070045471
[874/2168 146.2min eta 217min] v12-wb-s11n11-g12-b0824 72945e70a2a1:161 s1 feas=True worst=['s11_max_db', 0.0004090909090909246] secs=65.29102325439453
[875/2168 146.2min eta 216min] v12-wb-s11n11-g12-b0824 72945e70a2a1:160 s1 feas=True worst=['s11_max_db', 0.0005727272727272299] secs=65.35824084281921
[880/2168 146.3min eta 214min] v12-wb-s11n11-g12-b0824 72945e70a2a1:167 s1 feas=False worst=['nf_db', -8.098736666666666] secs=64.69107747077942
[891/2168 148.4min eta 213min] v12-wb-s11n8-g10-b0530 72945e70a2a1:000 s1 feas=True worst=['s11_max_db', 0.0004937499999999595] secs=64.77634525299072
[900/2168 149.5min eta 211min] v12-wb-s11n8-g10-b0530 72945e70a2a1:009 s1 feas=False worst=['s11_max_db', -0.20737249999999996] secs=65.14891052246094
[920/2168 151.7min eta 206min] v12-wb-s11n8-g10-b0530 72945e70a2a1:029 s1 feas=False worst=['s11_max_db', -0.889052625] secs=64.38507080078125
[921/2168 151.7min eta 205min] v12-wb-s11n8-g10-b0530 72945e70a2a1:030 s1 feas=True worst=['s11_max_db', 0.00017624999999998892] secs=64.13024926185608
[924/2168 152.8min eta 206min] v12-wb-s11n8-g10-b0530 72945e70a2a1:033 s1 feas=True worst=['s11_max_db', 0.0004937499999999595] secs=64.24272179603577
[929/2168 152.8min eta 204min] v12-wb-s11n8-g10-b0530 72945e70a2a1:038 s1 feas=True worst=['s11_max_db', 7.249999999991985e-05] secs=64.0279712677002
[932/2168 153.8min eta 204min] v12-wb-s11n8-g10-b0530 72945e70a2a1:042 s1 feas=True worst=['s11_max_db', 0.0003975000000000506] secs=63.315234661102295
[933/2168 153.8min eta 204min] v12-wb-s11n8-g10-b0530 72945e70a2a1:041 s1 feas=True worst=['s11_max_db', 0.001691249999999922] secs=63.6412193775177
[938/2168 153.9min eta 202min] v12-wb-s11n8-g10-b0530 72945e70a2a1:047 s1 feas=True worst=['s11_max_db', 0.0008762499999999118] secs=63.37603974342346
[939/2168 154.9min eta 203min] v12-wb-s11n8-g10-b0530 72945e70a2a1:048 s1 feas=True worst=['s11_max_db', 0.004294999999999938] secs=63.59064078330994
[940/2168 154.9min eta 202min] v12-wb-s11n8-g10-b0530 72945e70a2a1:049 s1 feas=False worst=['s21_db', -1.0742371] secs=63.69727635383606
[944/2168 154.9min eta 201min] v12-wb-s11n8-g10-b0530 72945e70a2a1:053 s1 feas=True worst=['s11_max_db', 0.00677250000000007] secs=63.95067048072815
[945/2168 154.9min eta 200min] v12-wb-s11n8-g10-b0530 72945e70a2a1:054 s1 feas=True worst=['s11_max_db', 3.74999999999126e-05] secs=63.565770864486694
[947/2168 156.0min eta 201min] v12-wb-s11n8-g10-b0530 72945e70a2a1:056 s1 feas=True worst=['s11_max_db', 0.0019137499999999363] secs=64.07694602012634
[960/2168 157.1min eta 198min] v12-wb-s11n8-g10-b0530 72945e70a2a1:068 s1 feas=False worst=['s11_max_db', -0.20179875000000003] secs=65.8825695514679
[980/2168 160.3min eta 194min] v12-wb-s11n8-g10-b0530 72945e70a2a1:089 s1 feas=False worst=['s21_ripple_db', -0.6068950000000002] secs=64.03384852409363
[995/2168 162.5min eta 192min] v12-wb-s11n8-g10-b0530 72945e70a2a1:105 s1 feas=True worst=['s11_max_db', 0.003948749999999945] secs=65.44597339630127
[1000/2168 162.5min eta 190min] v12-wb-s11n8-g10-b0530 72945e70a2a1:109 s1 feas=False worst=['s11_max_db', -0.30381499999999995] secs=65.39799165725708
[1002/2168 162.5min eta 189min] v12-wb-s11n8-g10-b0530 72945e70a2a1:111 s1 feas=True worst=['s11_max_db', 0.00028249999999996334] secs=65.18093061447144
[1011/2168 164.7min eta 189min] v12-wb-s11n8-g10-b0530 72945e70a2a1:120 s1 feas=True worst=['s11_max_db', 0.0006162499999999849] secs=63.82468914985657
[1017/2168 164.8min eta 186min] v12-wb-s11n8-g10-b0530 72945e70a2a1:126 s1 feas=True worst=['s11_max_db', 0.004118749999999949] secs=64.12700343132019
[1020/2168 165.8min eta 187min] v12-wb-s11n8-g10-b0530 72945e70a2a1:132 s1 feas=False worst=['s11_max_db', -0.24551875] secs=63.642696142196655
[1024/2168 165.8min eta 185min] v12-wb-s11n8-g10-b0530 72945e70a2a1:131 s1 feas=True worst=['s11_max_db', 0.0017437499999999329] secs=64.47688961029053
[1025/2168 165.8min eta 185min] v12-wb-s11n8-g10-b0530 72945e70a2a1:134 s1 feas=True worst=['s11_max_db', 0.00769624999999996] secs=63.829256772994995
[1026/2168 165.8min eta 185min] v12-wb-s11n8-g10-b0530 72945e70a2a1:135 s1 feas=True worst=['s11_max_db', 0.0020487499999999326] secs=63.586079120635986
[1033/2168 166.9min eta 183min] v12-wb-s11n8-g10-b0530 72945e70a2a1:141 s1 feas=True worst=['s11_max_db', 0.0013099999999999223] secs=63.846450328826904
[1034/2168 166.9min eta 183min] v12-wb-s11n8-g10-b0530 72945e70a2a1:143 s1 feas=True worst=['s11_max_db', 0.0009612500000000246] secs=64.0955502986908
[1036/2168 168.0min eta 184min] v12-wb-s11n8-g10-b0530 72945e70a2a1:147 s1 feas=True worst=['s21_db', 0.0027300000000000323] secs=65.57381105422974
[1038/2168 168.0min eta 183min] v12-wb-s11n8-g10-b0530 72945e70a2a1:144 s1 feas=True worst=['s11_max_db', 0.000663749999999963] secs=65.71069622039795
[1040/2168 168.0min eta 182min] v12-wb-s11n8-g10-b0530 72945e70a2a1:146 s1 feas=True worst=['s11_max_db', 0.001263749999999897] secs=65.89028334617615
[1044/2168 169.2min eta 182min] v12-wb-s11n8-g10-b0530 72945e70a2a1:157 s1 feas=True worst=['s11_max_db', 0.005753750000000002] secs=70.31270837783813
[1048/2168 169.2min eta 181min] v12-wb-s11n8-g10-b0530 72945e70a2a1:156 s1 feas=True worst=['s11_max_db', 0.0030375000000000263] secs=70.62348079681396
[1049/2168 169.2min eta 180min] v12-wb-s11n8-g10-b0530 72945e70a2a1:159 s1 feas=True worst=['s11_max_db', 0.0011937500000001044] secs=70.50933194160461
[1050/2168 169.2min eta 180min] v12-wb-s11n8-g10-b0530 72945e70a2a1:158 s1 feas=True worst=['s11_max_db', 0.00017000000000000348] secs=70.72575974464417
[1055/2168 170.3min eta 180min] v12-wb-s11n8-g10-b0530 72945e70a2a1:161 s1 feas=True worst=['s11_max_db', 0.00019499999999994522] secs=64.79687595367432
[1060/2168 170.3min eta 178min] v12-wb-s11n8-g10-b0530 72945e70a2a1:168 s1 feas=False worst=['s11_max_db', -0.33543750000000006] secs=64.49143171310425
[1080/2168 173.5min eta 175min] v12-wb-s11n8-g12-b0530 72945e70a2a1:012 s1 feas=False worst=['s11_max_db', -0.26683749999999995] secs=64.46372389793396
[1100/2168 175.7min eta 171min] v12-wb-s11n8-g12-b0530 72945e70a2a1:031 s1 feas=False worst=['s21_db', -1.1147283333333333] secs=65.5653989315033
[1106/2168 176.8min eta 170min] v12-wb-s11n8-g12-b0530 72945e70a2a1:038 s1 feas=True worst=['s11_max_db', 0.0015037499999999149] secs=64.67802548408508
[1110/2168 177.9min eta 170min] v12-wb-s11n8-g12-b0530 72945e70a2a1:041 s1 feas=True worst=['s11_max_db', 0.0004900000000001015] secs=64.67214059829712
[1111/2168 177.9min eta 169min] v12-wb-s11n8-g12-b0530 72945e70a2a1:042 s1 feas=True worst=['s21_db', 0.0055916666666666615] secs=64.65004420280457
[1117/2168 179.0min eta 168min] v12-wb-s11n8-g12-b0530 72945e70a2a1:048 s1 feas=True worst=['s11_max_db', 0.0025574999999999903] secs=66.37652850151062
[1120/2168 179.0min eta 167min] v12-wb-s11n8-g12-b0530 72945e70a2a1:050 s1 feas=False worst=['s21_db', -1.0392610833333333] secs=66.53112626075745
[1122/2168 179.0min eta 167min] v12-wb-s11n8-g12-b0530 72945e70a2a1:053 s1 feas=True worst=['s11_max_db', 0.00018874999999995978] secs=66.46843791007996
[1128/2168 180.1min eta 166min] v12-wb-s11n8-g12-b0530 72945e70a2a1:056 s1 feas=True worst=['s11_max_db', 0.0025524999999999576] secs=65.27224707603455
[1140/2168 181.2min eta 163min] v12-wb-s11n8-g12-b0530 72945e70a2a1:071 s1 feas=False worst=['s21_db', -1.05411575] secs=65.51973414421082
[1160/2168 184.6min eta 160min] v12-wb-s11n8-g12-b0530 72945e70a2a1:093 s1 feas=False worst=['s11_max_db', -0.24052625000000005] secs=72.20708012580872
[1179/2168 186.8min eta 157min] v12-wb-s11n8-g12-b0530 72945e70a2a1:111 s1 feas=True worst=['s21_db', 0.0022999999999999687] secs=64.79810857772827
[1180/2168 186.8min eta 156min] v12-wb-s11n8-g12-b0530 72945e70a2a1:109 s1 feas=False worst=['s11_max_db', -0.55271375] secs=65.25016975402832
[1189/2168 189.3min eta 156min] v12-wb-s11n8-g12-b0530 72945e70a2a1:120 s1 feas=True worst=['s21_db', 0.001200000000000016] secs=82.9021725654602
[1196/2168 189.4min eta 154min] v12-wb-s11n8-g12-b0530 72945e70a2a1:126 s1 feas=True worst=['s11_max_db', 5.8749999999996305e-05] secs=84.97406554222107
[1200/2168 193.4min eta 156min] v12-wb-s11n8-g12-b0530 72945e70a2a1:130 s1 feas=False worst=['s11_max_db', -0.26093374999999996] secs=244.15842008590698
[1211/2168 195.3min eta 154min] v12-wb-s11n8-g12-b0530 72945e70a2a1:141 s1 feas=True worst=['s11_max_db', 0.00028249999999996334] secs=112.04246783256531
[1212/2168 195.3min eta 154min] v12-wb-s11n8-g12-b0530 72945e70a2a1:143 s1 feas=True worst=['s11_max_db', 7.874999999990528e-05] secs=112.4076898097992
[1220/2168 196.5min eta 153min] v12-wb-s11n8-g12-b0530 72945e70a2a1:151 s1 feas=False worst=['s11_max_db', -0.23775374999999999] secs=69.15136289596558
[1223/2168 197.6min eta 153min] v12-wb-s11n8-g12-b0530 72945e70a2a1:156 s1 feas=True worst=['s21_db', 6.666666666665932e-05] secs=63.927927017211914
[1227/2168 197.6min eta 152min] v12-wb-s11n8-g12-b0530 72945e70a2a1:158 s1 feas=True worst=['s11_max_db', 0.0028974999999999973] secs=64.62477087974548
[1230/2168 198.6min eta 151min] v12-wb-s11n8-g12-b0530 72945e70a2a1:161 s1 feas=True worst=['s21_db', 0.0034166666666666976] secs=61.39014005661011
[1240/2168 199.7min eta 149min] v12-wb-s11n8-g12-b0530 72945e70a2a1:170 s1 feas=False worst=['s11_max_db', -0.42646249999999997] secs=63.57237410545349
[1260/2168 201.8min eta 145min] v12-wb-s11n9-g10-b0530 72945e70a2a1:013 s1 feas=False worst=['s11_max_db', -0.3118866666666667] secs=64.22701501846313
[1277/2168 204.0min eta 142min] v12-wb-s11n9-g10-b0530 72945e70a2a1:030 s1 feas=True worst=['s21_db', 0.0006899999999999906] secs=66.07289958000183
[1280/2168 205.1min eta 142min] v12-wb-s11n9-g10-b0530 72945e70a2a1:033 s1 feas=False worst=['s11_max_db', -0.2961333333333333] secs=66.47930431365967
[1288/2168 206.2min eta 141min] v12-wb-s11n9-g10-b0530 72945e70a2a1:041 s1 feas=True worst=['s11_max_db', 0.00011111111111104953] secs=64.82426190376282
[1289/2168 206.2min eta 141min] v12-wb-s11n9-g10-b0530 72945e70a2a1:042 s1 feas=True worst=['s11_max_db', 0.0011855555555554769] secs=64.68097949028015
[1294/2168 206.2min eta 139min] v12-wb-s11n9-g10-b0530 72945e70a2a1:047 s1 feas=True worst=['s11_max_db', 8.777777777781005e-05] secs=64.89158368110657
[1295/2168 207.3min eta 140min] v12-wb-s11n9-g10-b0530 72945e70a2a1:048 s1 feas=True worst=['s11_max_db', 0.0035322222222223193] secs=65.09105396270752
[1300/2168 207.3min eta 138min] v12-wb-s11n9-g10-b0530 72945e70a2a1:055 s1 feas=False worst=['s11_max_db', -0.3602766666666667] secs=64.8251121044159
[1301/2168 207.3min eta 138min] v12-wb-s11n9-g10-b0530 72945e70a2a1:053 s1 feas=True worst=['s11_max_db', 0.002555555555555521] secs=65.36064672470093
[1305/2168 208.4min eta 138min] v12-wb-s11n9-g10-b0530 72945e70a2a1:056 s1 feas=True worst=['s11_max_db', 0.00032444444444439883] secs=64.92673778533936
[1320/2168 210.6min eta 135min] v12-wb-s11n9-g10-b0530 72945e70a2a1:072 s1 feas=False worst=['s11_max_db', -0.48266444444444445] secs=66.65111422538757
[1340/2168 212.8min eta 132min] v12-wb-s11n9-g10-b0530 72945e70a2a1:094 s1 feas=False worst=['s11_max_db', -0.45670666666666665] secs=66.10222005844116
[1352/2168 215.0min eta 130min] v12-wb-s11n9-g10-b0530 72945e70a2a1:105 s1 feas=True worst=['s11_max_db', 0.0026588888888888895] secs=64.04481792449951
[1357/2168 215.0min eta 128min] v12-wb-s11n9-g10-b0530 72945e70a2a1:111 s1 feas=True worst=['s11_max_db', 0.0016000000000000211] secs=64.25218892097473
[1360/2168 216.1min eta 128min] v12-wb-s11n9-g10-b0530 72945e70a2a1:113 s1 feas=False worst=['s21_db', -1.0738051] secs=64.69338941574097
[1368/2168 217.1min eta 127min] v12-wb-s11n9-g10-b0530 72945e70a2a1:120 s1 feas=True worst=['s11_max_db', 0.00023333333333338166] secs=64.65777325630188
[1373/2168 217.2min eta 126min] v12-wb-s11n9-g10-b0530 72945e70a2a1:126 s1 feas=True worst=['s11_max_db', 0.00012444444444447022] secs=64.53277730941772
[1380/2168 218.2min eta 125min] v12-wb-s11n9-g10-b0530 72945e70a2a1:133 s1 feas=False worst=['s11_max_db', -0.32680222222222227] secs=64.84611201286316
[1388/2168 219.4min eta 123min] v12-wb-s11n9-g10-b0530 72945e70a2a1:142 s1 feas=True worst=['s11_max_db', 0.0002044444444444022] secs=67.11932492256165
[1389/2168 219.4min eta 123min] v12-wb-s11n9-g10-b0530 72945e70a2a1:141 s1 feas=True worst=['s11_max_db', 0.003257777777777804] secs=67.24579906463623
[1390/2168 219.4min eta 123min] v12-wb-s11n9-g10-b0530 72945e70a2a1:143 s1 feas=True worst=['s11_max_db', 0.00819555555555556] secs=67.89275169372559
[1394/2168 221.4min eta 123min] v12-wb-s11n9-g10-b0530 72945e70a2a1:146 s1 feas=True worst=['s11_max_db', 0.009543333333333237] secs=124.79111528396606
[1400/2168 222.6min eta 122min] v12-wb-s11n9-g10-b0530 72945e70a2a1:153 s1 feas=False worst=['s11_max_db', -0.3048944444444444] secs=69.7335319519043
[1404/2168 222.6min eta 121min] v12-wb-s11n9-g10-b0530 72945e70a2a1:156 s1 feas=True worst=['s11_max_db', 0.0011222222222221727] secs=69.68262195587158
[1405/2168 222.6min eta 121min] v12-wb-s11n9-g10-b0530 72945e70a2a1:158 s1 feas=True worst=['s11_max_db', 0.0021466666666667164] secs=69.34013390541077
[1407/2168 222.6min eta 120min] v12-wb-s11n9-g10-b0530 72945e70a2a1:159 s1 feas=True worst=['s11_max_db', 0.0007622222222221827] secs=69.04414224624634
[1410/2168 223.8min eta 120min] v12-wb-s11n9-g10-b0530 72945e70a2a1:161 s1 feas=True worst=['s21_ripple_db', 3.499999999956316e-05] secs=73.37619090080261
[1420/2168 225.2min eta 119min] v12-wb-s11n9-g10-b0530 72945e70a2a1:174 s1 feas=False worst=['s11_max_db', -0.6346277777777778] secs=78.1673173904419
