screen tasks pending: 736
[20/736 2.0min eta 73min] v12-nb-f15-g12 d0be8b9bc6d6:027 s1 feas=False worst=['s21_db', -0.2957458333333333] secs=40.52126932144165
[27/736 2.7min eta 71min] v12-nb-f15-g12 d0be8b9bc6d6:032 s1 feas=True worst=['s11_db', 0.0016400000000000858] secs=40.08415746688843
[40/736 3.4min eta 59min] v12-nb-f15-g12 d0be8b9bc6d6:047 s1 feas=False worst=['s21_db', -0.6187408333333334] secs=40.171645402908325
[60/736 5.5min eta 62min] v12-nb-f15-g12 d0be8b9bc6d6:065 s1 feas=False worst=['s21_db', -0.311945] secs=40.00833177566528
[80/736 6.9min eta 57min] v12-nb-f15-g12 d0be8b9bc6d6:085 s1 feas=False worst=['nf_db', -8.531588888888889] secs=40.85953330993652
[100/736 8.9min eta 56min] v12-nb-f15-g14 d0be8b9bc6d6:014 s1 feas=False worst=['nf_db', -2.675589444444445] secs=39.09156513214111
[120/736 10.2min eta 53min] v12-nb-f15-g14 d0be8b9bc6d6:032 s1 feas=True worst=['nf_db', 0.0003500000000000725] secs=40.095324754714966
[140/736 12.3min eta 52min] v12-nb-f15-g14 d0be8b9bc6d6:055 s1 feas=False worst=['s21_db', -0.39975000000000005] secs=40.344154357910156
[160/736 13.6min eta 49min] v12-nb-f15-g14 d0be8b9bc6d6:075 s1 feas=False worst=['s21_db', -0.4074771428571428] secs=40.004876136779785
[180/736 15.0min eta 46min] v12-nb-f15-g16 d0be8b9bc6d6:001 s1 feas=False worst=['s21_db', -0.47283125000000004] secs=39.97116136550903
[200/736 17.0min eta 46min] v12-nb-f15-g16 d0be8b9bc6d6:021 s1 feas=False worst=['nf_db', -3.417342777777778] secs=40.10678768157959
[211/736 17.7min eta 44min] v12-nb-f15-g16 d0be8b9bc6d6:032 s1 feas=True worst=['s11_db', 0.0006800000000000139] secs=39.7374849319458
[220/736 18.4min eta 43min] v12-nb-f15-g16 d0be8b9bc6d6:041 s1 feas=False worst=['s21_db', -0.48168374999999997] secs=39.67527747154236
[240/736 20.5min eta 42min] v12-nb-f15-g16 d0be8b9bc6d6:061 s1 feas=False worst=['s21_db', -0.474905] secs=39.54487729072571
[260/736 21.9min eta 40min] v12-nb-f15-g16 d0be8b9bc6d6:080 s1 feas=False worst=['s21_db', -0.47348] secs=38.99529433250427
[280/736 23.8min eta 39min] v12-nb-f15-g18 d0be8b9bc6d6:008 s1 feas=False worst=['idd_ma', -16.8800275] secs=39.90419363975525
[300/736 25.2min eta 37min] v12-nb-f15-g18 d0be8b9bc6d6:027 s1 feas=False worst=['s21_db', -0.5318505555555555] secs=40.01955223083496
[304/736 25.8min eta 37min] v12-nb-f15-g18 d0be8b9bc6d6:032 s1 feas=True worst=['s21_db', 0.02609444444444442] secs=39.46759796142578
[320/736 27.2min eta 35min] v12-nb-f15-g18 d0be8b9bc6d6:047 s1 feas=False worst=['s21_db', -0.7428477777777778] secs=39.95662546157837
[340/736 28.6min eta 33min] v12-nb-f15-g18 d0be8b9bc6d6:068 s1 feas=False worst=['nf_db', -3.818887222222222] secs=40.7683846950531
[360/736 29.9min eta 31min] v12-nb-f15-g18 d0be8b9bc6d6:085 s1 feas=False worst=['nf_db', -8.53126111111111] secs=40.40719175338745
[380/736 31.9min eta 30min] v12-nb-f24-g12 d0be8b9bc6d6:015 s1 feas=False worst=['s21_db', -0.2281566666666667] secs=39.41764783859253
[397/736 33.3min eta 28min] v12-nb-f24-g12 d0be8b9bc6d6:032 s1 feas=True worst=['nf_db', 0.01100944444444443] secs=38.6543128490448
[400/736 33.3min eta 28min] v12-nb-f24-g12 d0be8b9bc6d6:035 s1 feas=True worst=['s11_db', 0.002660000000000018] secs=38.693196058273315
[409/736 34.6min eta 28min] v12-nb-f24-g12 d0be8b9bc6d6:044 s1 feas=True worst=['s11_db', 0.00031999999999996474] secs=39.037344455718994
[420/736 35.5min eta 27min] v12-nb-f24-g12 d0be8b9bc6d6:055 s1 feas=False worst=['s21_db', -0.21088416666666662] secs=54.44517469406128
[440/736 36.9min eta 25min] v12-nb-f24-g12 d0be8b9bc6d6:075 s1 feas=False worst=['s21_db', -0.2272358333333333] secs=40.717164039611816
[460/736 38.9min eta 23min] v12-nb-f24-g14 d0be8b9bc6d6:003 s1 feas=False worst=['s21_db', -0.32399999999999995] secs=39.807801723480225
[480/736 40.2min eta 21min] v12-nb-f24-g14 d0be8b9bc6d6:022 s1 feas=False worst=['s21_db', -1.0582589285714286] secs=39.59285068511963
[490/736 41.0min eta 21min] v12-nb-f24-g14 d0be8b9bc6d6:032 s1 feas=True worst=['nf_db', 0.0005972222222221873] secs=40.12356185913086
[493/736 41.6min eta 20min] v12-nb-f24-g14 d0be8b9bc6d6:035 s1 feas=True worst=['s11_db', 0.004170000000000051] secs=39.395957708358765
[500/736 42.2min eta 20min] v12-nb-f24-g14 d0be8b9bc6d6:042 s1 feas=False worst=['s21_db', -0.32375785714285715] secs=40.32115030288696
[502/736 42.3min eta 20min] v12-nb-f24-g14 d0be8b9bc6d6:044 s1 feas=True worst=['s11_db', 0.004229999999999912] secs=40.562039852142334
[520/736 43.6min eta 18min] v12-nb-f24-g14 d0be8b9bc6d6:062 s1 feas=False worst=['idd_ma', -7.9304025] secs=39.733988761901855
[540/736 45.1min eta 16min] v12-nb-f24-g14 d0be8b9bc6d6:088 s1 feas=False worst=None secs=0.006759166717529297
[560/736 47.1min eta 15min] v12-nb-f24-g16 d0be8b9bc6d6:009 s1 feas=False worst=['s21_db', -0.40957437500000005] secs=40.26185369491577
[580/736 48.6min eta 13min] v12-nb-f24-g16 d0be8b9bc6d6:029 s1 feas=False worst=['s21_db', -0.40840937499999996] secs=43.2195086479187
[583/736 49.2min eta 13min] v12-nb-f24-g16 d0be8b9bc6d6:032 s1 feas=True worst=['s11_db', 0.004720000000000013] secs=43.00367021560669
[600/736 50.6min eta 11min] v12-nb-f24-g16 d0be8b9bc6d6:049 s1 feas=False worst=['s21_db', -0.40778125] secs=42.05838489532471
[620/736 52.2min eta 10min] v12-nb-f24-g16 d0be8b9bc6d6:069 s1 feas=False worst=['s21_db', -0.41552187500000004] secs=48.78706955909729
[640/736 54.3min eta 8min] v12-nb-f24-g16 d0be8b9bc6d6:090 s1 feas=False worst=['nf_db', -1.815457222222222] secs=42.790234088897705
[660/736 55.9min eta 6min] v12-nb-f24-g18 d0be8b9bc6d6:016 s1 feas=False worst=['s21_db', -0.4857794444444445] secs=41.61081671714783
[676/736 57.3min eta 5min] v12-nb-f24-g18 d0be8b9bc6d6:032 s1 feas=True worst=['s11_db', 0.016409999999999945] secs=41.19633507728577
[680/736 58.0min eta 5min] v12-nb-f24-g18 d0be8b9bc6d6:036 s1 feas=False worst=['s21_db', -0.47389666666666663] secs=45.96766448020935
[700/736 59.7min eta 3min] v12-nb-f24-g18 d0be8b9bc6d6:057 s1 feas=False worst=['s21_db', -0.5384861111111111] secs=43.65997290611267
[720/736 61.9min eta 1min] v12-nb-f24-g18 d0be8b9bc6d6:076 s1 feas=False worst=['s21_db', -0.5017477777777777] secs=43.85649514198303
confirm tasks pending: 36
[1/36 0.9min eta 31min] v12-nb-f15-g16 d0be8b9bc6d6:032 s1 feas=True worst=['s11_db', 0.0006800000000000139] secs=53.10541009902954
[2/36 0.9min eta 15min] v12-nb-f15-g14 d0be8b9bc6d6:032 s3 feas=True worst=['s11_db', 4.0000000000084415e-05] secs=53.22891807556152
[3/36 0.9min eta 10min] v12-nb-f15-g12 d0be8b9bc6d6:032 s1 feas=True worst=['s11_db', 0.0016400000000000858] secs=53.271281480789185
[4/36 0.9min eta 7min] v12-nb-f15-g12 d0be8b9bc6d6:032 s2 feas=True worst=['s11_db', 0.008399999999999963] secs=53.288979053497314
[5/36 0.9min eta 6min] v12-nb-f15-g14 d0be8b9bc6d6:032 s2 feas=True worst=['s11_db', 7.999999999999118e-05] secs=53.305832624435425
[6/36 0.9min eta 4min] v12-nb-f15-g14 d0be8b9bc6d6:032 s1 feas=True worst=['nf_db', 0.0003500000000000725] secs=53.32714486122131
[7/36 0.9min eta 4min] v12-nb-f15-g16 d0be8b9bc6d6:032 s2 feas=True worst=['s11_db', 7.999999999999118e-05] secs=53.37215995788574
[8/36 0.9min eta 3min] v12-nb-f15-g12 d0be8b9bc6d6:032 s3 feas=True worst=['s11_db', 4.0000000000084415e-05] secs=53.40237259864807
[9/36 1.6min eta 5min] v12-nb-f24-g12 d0be8b9bc6d6:032 s1 feas=True worst=['nf_db', 0.01100944444444443] secs=40.27520251274109
[10/36 1.6min eta 4min] v12-nb-f15-g18 d0be8b9bc6d6:032 s1 feas=True worst=['s21_db', 0.02609444444444442] secs=40.42300271987915
[11/36 1.6min eta 4min] v12-nb-f15-g18 d0be8b9bc6d6:032 s2 feas=True worst=['s11_db', 7.00000000000145e-05] secs=40.38448214530945
[12/36 1.6min eta 3min] v12-nb-f24-g12 d0be8b9bc6d6:035 s1 feas=True worst=['s11_db', 0.002660000000000018] secs=40.43152642250061
[13/36 1.6min eta 3min] v12-nb-f15-g16 d0be8b9bc6d6:032 s3 feas=True worst=['s11_db', 0.0009700000000000486] secs=40.67635726928711
[14/36 1.6min eta 2min] v12-nb-f15-g18 d0be8b9bc6d6:032 s3 feas=True worst=['s11_db', 0.0036400000000000434] secs=40.55268573760986
[15/36 1.6min eta 2min] v12-nb-f24-g12 d0be8b9bc6d6:032 s2 feas=True worst=['s11_db', 0.00365000000000002] secs=40.57582211494446
[16/36 1.6min eta 2min] v12-nb-f24-g12 d0be8b9bc6d6:032 s3 feas=True worst=['s11_db', 0.00010999999999992128] secs=40.61382579803467
[18/36 2.3min eta 2min] v12-nb-f24-g12 d0be8b9bc6d6:044 s1 feas=True worst=['s11_db', 0.00031999999999996474] secs=41.45707035064697
[19/36 2.3min eta 2min] v12-nb-f24-g14 d0be8b9bc6d6:032 s1 feas=True worst=['nf_db', 0.0005972222222221873] secs=41.35607719421387
[20/36 2.3min eta 2min] v12-nb-f24-g12 d0be8b9bc6d6:035 s2 feas=False worst=['s21_db', -1.0737980833333334] secs=41.68591642379761
[21/36 2.3min eta 2min] v12-nb-f24-g14 d0be8b9bc6d6:032 s3 feas=True worst=['nf_db', 0.00041333333333337663] secs=41.554527759552
[22/36 2.3min eta 1min] v12-nb-f24-g14 d0be8b9bc6d6:032 s2 feas=True worst=['s11_db', 0.019149999999999955] secs=41.62046551704407
[25/36 3.0min eta 1min] v12-nb-f24-g14 d0be8b9bc6d6:035 s1 feas=True worst=['s11_db', 0.004170000000000051] secs=42.4744234085083
[28/36 3.0min eta 1min] v12-nb-f24-g14 d0be8b9bc6d6:044 s1 feas=True worst=['s11_db', 0.004229999999999912] secs=42.53153657913208
[29/36 3.0min eta 1min] v12-nb-f24-g16 d0be8b9bc6d6:032 s1 feas=True worst=['s11_db', 0.004720000000000013] secs=42.42232060432434
[33/36 3.5min eta 0min] v12-nb-f24-g16 d0be8b9bc6d6:032 s3 feas=True worst=['s11_db', 0.005899999999999928] secs=29.93845009803772
[34/36 3.5min eta 0min] v12-nb-f24-g18 d0be8b9bc6d6:032 s2 feas=True worst=['s11_db', 0.00023999999999997358] secs=29.918114185333252
[35/36 3.5min eta 0min] v12-nb-f24-g18 d0be8b9bc6d6:032 s1 feas=True worst=['s11_db', 0.016409999999999945] secs=30.06099033355713
