confirm-only (wb) tasks pending: 588
[1/588 1.4min eta 847min] v12-wb-s11n10-g10-b0530 72945e70a2a1:042 s1 feas=True worst=['s11_max_db', 0.002480000000000082] secs=86.08615040779114
[3/588 1.4min eta 282min] v12-wb-s11n10-g10-b0530 72945e70a2a1:042 s3 feas=True worst=['s11_max_db', 0.0037200000000000345] secs=86.19140529632568
[4/588 1.4min eta 211min] v12-wb-s11n10-g10-b0530 72945e70a2a1:048 s3 feas=True worst=['s21_ripple_db', 0.00025000000000030553] secs=86.21810173988342
[5/588 1.4min eta 169min] v12-wb-s11n10-g10-b0530 72945e70a2a1:053 s2 feas=True worst=['s11_max_db', 0.012040000000000006] secs=86.2509253025055
[6/588 1.4min eta 140min] v12-wb-s11n10-g10-b0530 72945e70a2a1:048 s1 feas=True worst=['s11_max_db', 0.005410000000000003] secs=86.33237957954407
[7/588 1.4min eta 120min] v12-wb-s11n10-g10-b0530 72945e70a2a1:053 s1 feas=True worst=['s11_max_db', 0.0006199999999999761] secs=86.32881259918213
[9/588 2.5min eta 162min] v12-wb-s11n10-g10-b0530 72945e70a2a1:120 s2 feas=True worst=['s11_max_db', 7.999999999999118e-05] secs=63.82447671890259
[10/588 2.5min eta 146min] v12-wb-s11n10-g10-b0530 72945e70a2a1:126 s1 feas=True worst=['s11_max_db', 0.0032600000000000406] secs=63.771289348602295
[11/588 2.5min eta 132min] v12-wb-s11n10-g10-b0530 72945e70a2a1:120 s1 feas=True worst=['s21_db', 7.999999999999118e-05] secs=64.0438883304596
[12/588 2.5min eta 121min] v12-wb-s11n10-g10-b0530 72945e70a2a1:056 s2 feas=True worst=['s11_max_db', 0.005860000000000021] secs=64.22735834121704
[13/588 2.5min eta 112min] v12-wb-s11n10-g10-b0530 72945e70a2a1:053 s3 feas=True worst=['s11_max_db', 0.017639999999999923] secs=64.28304123878479
[14/588 2.5min eta 104min] v12-wb-s11n10-g10-b0530 72945e70a2a1:056 s1 feas=True worst=['s11_max_db', 0.0022999999999999687] secs=64.33213424682617
[15/588 2.5min eta 97min] v12-wb-s11n10-g10-b0530 72945e70a2a1:056 s3 feas=True worst=['s11_max_db', 0.0006500000000000839] secs=64.28409147262573
[16/588 2.5min eta 90min] v12-wb-s11n10-g10-b0530 72945e70a2a1:120 s3 feas=True worst=['s11_max_db', 0.00016999999999995908] secs=64.19303727149963
[17/588 3.6min eta 121min] v12-wb-s11n10-g10-b0530 72945e70a2a1:126 s3 feas=True worst=['s21_db', 0.00038000000000000257] secs=64.23915791511536
[18/588 3.6min eta 114min] v12-wb-s11n10-g10-b0530 72945e70a2a1:126 s2 feas=True worst=['s11_max_db', 0.0026799999999999715] secs=64.2715904712677
[19/588 3.6min eta 108min] v12-wb-s11n10-g10-b0530 72945e70a2a1:143 s1 feas=True worst=['s11_max_db', 0.004020000000000046] secs=64.30397963523865
[20/588 3.6min eta 103min] v12-wb-s11n10-g10-b0530 72945e70a2a1:158 s2 feas=False worst=['s11_max_db', -0.07079000000000005] secs=64.51997470855713
[22/588 3.6min eta 93min] v12-wb-s11n10-g10-b0530 72945e70a2a1:158 s3 feas=True worst=['s11_max_db', 0.000140000000000029] secs=64.53829765319824
[23/588 3.6min eta 89min] v12-wb-s11n10-g10-b0530 72945e70a2a1:158 s1 feas=True worst=['s11_max_db', 0.0018499999999999517] secs=64.57966732978821
[24/588 3.6min eta 85min] v12-wb-s11n10-g10-b0530 72945e70a2a1:143 s3 feas=True worst=['s11_max_db', 0.00030000000000001136] secs=64.63376545906067
[25/588 4.8min eta 109min] v12-wb-s11n10-g10-b0824 72945e70a2a1:002 s1 feas=True worst=['s11_max_db', 0.000990000000000002] secs=73.39632964134216
[26/588 4.8min eta 105min] v12-wb-s11n10-g10-b0824 72945e70a2a1:002 s3 feas=True worst=['s11_max_db', 8.999999999996789e-05] secs=73.46071696281433
[27/588 4.8min eta 101min] v12-wb-s11n10-g10-b0824 72945e70a2a1:002 s2 feas=True worst=['s11_max_db', 0.0005800000000000694] secs=73.68611645698547
[28/588 4.8min eta 97min] v12-wb-s11n10-g10-b0824 72945e70a2a1:030 s1 feas=True worst=['s11_max_db', 0.0026799999999999715] secs=73.3281741142273
[29/588 4.8min eta 93min] v12-wb-s11n10-g10-b0824 72945e70a2a1:011 s1 feas=True worst=['s11_max_db', 0.000990000000000002] secs=73.41852331161499
[31/588 4.8min eta 87min] v12-wb-s11n10-g10-b0824 72945e70a2a1:011 s3 feas=True worst=['s11_max_db', 6.00000000000378e-05] secs=73.57109069824219
[32/588 4.8min eta 84min] v12-wb-s11n10-g10-b0824 72945e70a2a1:011 s2 feas=True worst=['s11_max_db', 0.0012299999999999755] secs=73.62788653373718
[33/588 5.9min eta 99min] v12-wb-s11n10-g10-b0824 72945e70a2a1:035 s1 feas=True worst=['s11_max_db', 0.000990000000000002] secs=63.99975562095642
[35/588 5.9min eta 94min] v12-wb-s11n10-g10-b0824 72945e70a2a1:035 s3 feas=True worst=['s11_max_db', 8.999999999996789e-05] secs=64.11612272262573
[36/588 5.9min eta 91min] v12-wb-s11n10-g10-b0824 72945e70a2a1:038 s1 feas=True worst=['s11_max_db', 0.00015000000000000568] secs=64.25344371795654
[37/588 5.9min eta 88min] v12-wb-s11n10-g10-b0824 72945e70a2a1:035 s2 feas=True worst=['s11_max_db', 0.0005800000000000694] secs=64.66629934310913
[38/588 5.9min eta 86min] v12-wb-s11n10-g10-b0824 72945e70a2a1:038 s3 feas=True worst=['s11_max_db', 0.0003600000000000492] secs=64.3469488620758
[39/588 5.9min eta 83min] v12-wb-s11n10-g10-b0824 72945e70a2a1:041 s1 feas=True worst=['s11_max_db', 0.0001200000000000756] secs=64.36745429039001
[40/588 5.9min eta 81min] v12-wb-s11n10-g10-b0824 72945e70a2a1:038 s2 feas=False worst=['s11_max_db', -0.401655] secs=64.60854077339172
[42/588 7.7min eta 100min] v12-wb-s11n10-g10-b0824 72945e70a2a1:042 s1 feas=True worst=['s11_max_db', 0.00022999999999999686] secs=106.86260485649109
[44/588 7.7min eta 95min] v12-wb-s11n10-g10-b0824 72945e70a2a1:042 s2 feas=True worst=['s11_max_db', 0.009880000000000066] secs=106.87691330909729
[45/588 7.7min eta 93min] v12-wb-s11n10-g10-b0824 72945e70a2a1:047 s1 feas=True worst=['s11_max_db', 8.999999999996789e-05] secs=106.79923176765442
[46/588 7.7min eta 91min] v12-wb-s11n10-g10-b0824 72945e70a2a1:042 s3 feas=True worst=['s11_max_db', 0.007959999999999922] secs=106.98985528945923
[47/588 7.7min eta 89min] v12-wb-s11n10-g10-b0824 72945e70a2a1:047 s2 feas=True worst=['s11_max_db', 0.0004899999999999239] secs=106.97361183166504
[48/588 7.7min eta 87min] v12-wb-s11n10-g10-b0824 72945e70a2a1:047 s3 feas=True worst=['s11_max_db', 0.0005399999999999849] secs=107.14024066925049
[49/588 9.5min eta 104min] v12-wb-s11n10-g10-b0824 72945e70a2a1:048 s1 feas=True worst=['s11_max_db', 0.0025600000000000735] secs=105.74332070350647
[51/588 9.5min eta 100min] v12-wb-s11n10-g10-b0824 72945e70a2a1:051 s1 feas=True worst=['s11_max_db', 0.00023999999999997358] secs=106.36371064186096
[52/588 9.5min eta 98min] v12-wb-s11n10-g10-b0824 72945e70a2a1:048 s3 feas=True worst=['s21_ripple_db', 0.005749999999999922] secs=106.60801291465759
[53/588 9.5min eta 96min] v12-wb-s11n10-g10-b0824 72945e70a2a1:051 s2 feas=True worst=['s11_max_db', 0.0004599999999999937] secs=106.48962378501892
[54/588 9.5min eta 94min] v12-wb-s11n10-g10-b0824 72945e70a2a1:051 s3 feas=True worst=['s11_max_db', 0.00046999999999997044] secs=106.4697105884552
[55/588 9.5min eta 92min] v12-wb-s11n10-g10-b0824 72945e70a2a1:053 s2 feas=True worst=['s11_max_db', 0.0003600000000000492] secs=106.39747714996338
[56/588 9.5min eta 90min] v12-wb-s11n10-g10-b0824 72945e70a2a1:053 s1 feas=True worst=['s11_max_db', 0.0008399999999999963] secs=106.89197731018066
[57/588 11.3min eta 105min] v12-wb-s11n10-g10-b0824 72945e70a2a1:053 s3 feas=True worst=['s11_max_db', 0.0011900000000000688] secs=109.42266082763672
[58/588 11.3min eta 103min] v12-wb-s11n10-g10-b0824 72945e70a2a1:056 s2 feas=True worst=['s11_max_db', 0.00025999999999992696] secs=108.8027720451355
[59/588 11.3min eta 101min] v12-wb-s11n10-g10-b0824 72945e70a2a1:056 s1 feas=True worst=['s11_max_db', 0.013330000000000019] secs=109.33692169189453
[60/588 11.3min eta 100min] v12-wb-s11n10-g10-b0824 72945e70a2a1:056 s3 feas=True worst=['s11_max_db', 0.002480000000000082] secs=109.00621700286865
[61/588 11.3min eta 98min] v12-wb-s11n10-g10-b0824 72945e70a2a1:060 s1 feas=True worst=['s11_max_db', 0.001159999999999961] secs=108.93639755249023
[64/588 11.3min eta 93min] v12-wb-s11n10-g10-b0824 72945e70a2a1:063 s1 feas=True worst=['s11_max_db', 1.9999999999953388e-05] secs=109.0621235370636
[66/588 13.1min eta 104min] v12-wb-s11n10-g10-b0824 72945e70a2a1:063 s3 feas=True worst=['s11_max_db', 5.0000000000061104e-05] secs=106.68866658210754
[67/588 13.1min eta 102min] v12-wb-s11n10-g10-b0824 72945e70a2a1:069 s1 feas=True worst=['s11_max_db', 0.006889999999999929] secs=106.74534845352173
[69/588 13.1min eta 99min] v12-wb-s11n10-g10-b0824 72945e70a2a1:069 s3 feas=True worst=['s11_max_db', 0.0007699999999999819] secs=107.02446985244751
[70/588 13.1min eta 97min] v12-wb-s11n10-g10-b0824 72945e70a2a1:075 s1 feas=True worst=['s11_max_db', 0.00257000000000005] secs=106.53467226028442
[72/588 13.1min eta 94min] v12-wb-s11n10-g10-b0824 72945e70a2a1:075 s3 feas=True worst=['s11_max_db', 0.00127000000000006] secs=106.87173056602478
[73/588 14.9min eta 105min] v12-wb-s11n10-g10-b0824 72945e70a2a1:080 s1 feas=True worst=['s11_max_db', 0.0009199999999999875] secs=108.72128510475159
[74/588 14.9min eta 104min] v12-wb-s11n10-g10-b0824 72945e70a2a1:080 s3 feas=True worst=['s11_max_db', 0.000140000000000029] secs=109.12562417984009
[75/588 14.9min eta 102min] v12-wb-s11n10-g10-b0824 72945e70a2a1:105 s1 feas=True worst=['s11_max_db', 0.00367999999999995] secs=108.81574177742004
[77/588 14.9min eta 99min] v12-wb-s11n10-g10-b0824 72945e70a2a1:105 s2 feas=True worst=['s11_max_db', 0.00686] secs=108.8538019657135
[78/588 14.9min eta 98min] v12-wb-s11n10-g10-b0824 72945e70a2a1:111 s1 feas=True worst=['s11_max_db', 0.0013199999999999434] secs=108.60372424125671
[79/588 15.0min eta 96min] v12-wb-s11n10-g10-b0824 72945e70a2a1:111 s2 feas=True worst=['s11_max_db', 0.00038999999999997923] secs=108.85554361343384
[80/588 15.0min eta 95min] v12-wb-s11n10-g10-b0824 72945e70a2a1:105 s3 feas=True worst=['s11_max_db', 0.00015000000000000568] secs=109.4741563796997
[81/588 16.7min eta 104min] v12-wb-s11n10-g10-b0824 72945e70a2a1:111 s3 feas=True worst=['s11_max_db', 5.0000000000061104e-05] secs=105.55311346054077
[82/588 16.7min eta 103min] v12-wb-s11n10-g10-b0824 72945e70a2a1:116 s3 feas=True worst=['s11_max_db', 0.0011400000000000078] secs=106.38341641426086
[83/588 16.7min eta 102min] v12-wb-s11n10-g10-b0824 72945e70a2a1:116 s1 feas=True worst=['s11_max_db', 0.0043400000000000105] secs=106.58362913131714
[84/588 16.7min eta 100min] v12-wb-s11n10-g10-b0824 72945e70a2a1:116 s2 feas=True worst=['s11_max_db', 0.006349999999999944] secs=106.57878232002258
[85/588 16.7min eta 99min] v12-wb-s11n10-g10-b0824 72945e70a2a1:120 s2 feas=True worst=['s11_max_db', 0.0004300000000000637] secs=106.2828586101532
[86/588 16.7min eta 98min] v12-wb-s11n10-g10-b0824 72945e70a2a1:120 s1 feas=True worst=['s11_max_db', 0.0006800000000000139] secs=106.45958995819092
[87/588 16.7min eta 96min] v12-wb-s11n10-g10-b0824 72945e70a2a1:126 s1 feas=True worst=['s11_max_db', 0.0008800000000000807] secs=105.93237376213074
[88/588 16.7min eta 95min] v12-wb-s11n10-g10-b0824 72945e70a2a1:120 s3 feas=True worst=['s11_max_db', 0.00040999999999993266] secs=106.1120753288269
[89/588 18.5min eta 104min] v12-wb-s11n10-g10-b0824 72945e70a2a1:126 s2 feas=True worst=['s11_max_db', 0.0004300000000000637] secs=107.86212635040283
[90/588 18.5min eta 102min] v12-wb-s11n10-g10-b0824 72945e70a2a1:129 s1 feas=True worst=['s11_max_db', 0.000569999999999915] secs=107.63007473945618
[91/588 18.5min eta 101min] v12-wb-s11n10-g10-b0824 72945e70a2a1:126 s3 feas=True worst=['s11_max_db', 0.00015999999999998237] secs=107.8519217967987
[94/588 18.5min eta 97min] v12-wb-s11n10-g10-b0824 72945e70a2a1:131 s2 feas=True worst=['s11_max_db', 0.0006999999999999674] secs=107.9167320728302
[95/588 18.5min eta 96min] v12-wb-s11n10-g10-b0824 72945e70a2a1:131 s1 feas=True worst=['s11_max_db', 0.0015499999999999403] secs=108.01177263259888
[96/588 18.5min eta 95min] v12-wb-s11n10-g10-b0824 72945e70a2a1:131 s3 feas=True worst=['s11_max_db', 0.008719999999999927] secs=108.27532076835632
[97/588 20.3min eta 103min] v12-wb-s11n10-g10-b0824 72945e70a2a1:135 s1 feas=True worst=['s11_max_db', 0.0016899999999999693] secs=106.93048095703125
[98/588 20.3min eta 102min] v12-wb-s11n10-g10-b0824 72945e70a2a1:135 s2 feas=True worst=['s11_max_db', 1.9999999999953388e-05] secs=106.52081871032715
[99/588 20.3min eta 100min] v12-wb-s11n10-g10-b0824 72945e70a2a1:141 s1 feas=True worst=['s11_max_db', 0.0003600000000000492] secs=106.78129172325134
[100/588 20.3min eta 99min] v12-wb-s11n10-g10-b0824 72945e70a2a1:135 s3 feas=True worst=['s11_max_db', 0.00237999999999996] secs=107.04753756523132
[101/588 20.3min eta 98min] v12-wb-s11n10-g10-b0824 72945e70a2a1:141 s2 feas=True worst=['s11_max_db', 0.0007799999999999585] secs=106.97522401809692
[102/588 20.3min eta 97min] v12-wb-s11n10-g10-b0824 72945e70a2a1:141 s3 feas=True worst=['s11_max_db', 7.00000000000145e-05] secs=106.92354345321655
[103/588 20.3min eta 96min] v12-wb-s11n10-g10-b0824 72945e70a2a1:143 s1 feas=True worst=['s11_max_db', 0.0016700000000000159] secs=106.83255338668823
[104/588 20.3min eta 95min] v12-wb-s11n10-g10-b0824 72945e70a2a1:143 s2 feas=True worst=['s21_db', 0.0006999999999999674] secs=106.8750057220459
[105/588 22.1min eta 102min] v12-wb-s11n10-g10-b0824 72945e70a2a1:143 s3 feas=True worst=['s11_max_db', 0.0009800000000000253] secs=109.60978102684021
[106/588 22.1min eta 101min] v12-wb-s11n10-g10-b0824 72945e70a2a1:144 s1 feas=True worst=['s11_max_db', 6.00000000000378e-05] secs=108.5112373828888
[107/588 22.1min eta 99min] v12-wb-s11n10-g10-b0824 72945e70a2a1:144 s2 feas=True worst=['s11_max_db', 0.0012299999999999755] secs=108.15684700012207
[108/588 22.1min eta 98min] v12-wb-s11n10-g10-b0824 72945e70a2a1:144 s3 feas=True worst=['s11_max_db', 0.000590000000000046] secs=108.25669574737549
[109/588 22.1min eta 97min] v12-wb-s11n10-g10-b0824 72945e70a2a1:146 s1 feas=True worst=['s11_max_db', 0.0018599999999999283] secs=108.4514729976654
[110/588 22.1min eta 96min] v12-wb-s11n10-g10-b0824 72945e70a2a1:146 s3 feas=True worst=['s11_max_db', 0.011580000000000012] secs=108.42460012435913
[111/588 22.1min eta 95min] v12-wb-s11n10-g10-b0824 72945e70a2a1:146 s2 feas=True worst=['s11_max_db', 0.000569999999999915] secs=108.47922825813293
[112/588 22.1min eta 94min] v12-wb-s11n10-g10-b0824 72945e70a2a1:147 s1 feas=True worst=['s11_max_db', 0.004840000000000089] secs=108.0203948020935
[113/588 24.0min eta 101min] v12-wb-s11n10-g10-b0824 72945e70a2a1:147 s2 feas=True worst=['s11_max_db', 0.0014200000000000657] secs=111.48689436912537
[114/588 24.0min eta 100min] v12-wb-s11n10-g10-b0824 72945e70a2a1:147 s3 feas=True worst=['s11_max_db', 0.0019099999999999894] secs=111.06491231918335
[115/588 24.0min eta 99min] v12-wb-s11n10-g10-b0824 72945e70a2a1:152 s1 feas=True worst=['s11_max_db', 0.00038000000000000257] secs=111.32429337501526
[119/588 24.0min eta 95min] v12-wb-s11n10-g10-b0824 72945e70a2a1:155 s1 feas=True worst=['s11_max_db', 0.0006099999999999994] secs=111.72389554977417
[120/588 24.0min eta 94min] v12-wb-s11n10-g10-b0824 72945e70a2a1:155 s3 feas=True worst=['s11_max_db', 0.01365999999999996] secs=111.99332642555237
[121/588 25.6min eta 99min] v12-wb-s11n10-g10-b0824 72945e70a2a1:156 s1 feas=True worst=['s11_max_db', 0.0007199999999999207] secs=96.12731504440308
[122/588 25.6min eta 98min] v12-wb-s11n10-g10-b0824 72945e70a2a1:156 s2 feas=True worst=['s11_max_db', 0.0005100000000000549] secs=95.95826315879822
[124/588 25.6min eta 96min] v12-wb-s11n10-g10-b0824 72945e70a2a1:157 s1 feas=True worst=['s11_max_db', 0.0014599999999999724] secs=96.03447461128235
[125/588 25.6min eta 95min] v12-wb-s11n10-g10-b0824 72945e70a2a1:157 s2 feas=True worst=['s11_max_db', 0.0013400000000000744] secs=96.12214946746826
[126/588 25.6min eta 94min] v12-wb-s11n10-g10-b0824 72945e70a2a1:157 s3 feas=True worst=['s11_max_db', 0.006109999999999971] secs=96.1069586277008
[127/588 25.6min eta 93min] v12-wb-s11n10-g10-b0824 72945e70a2a1:158 s1 feas=True worst=['s11_max_db', 0.004640000000000022] secs=96.14882373809814
[128/588 25.6min eta 92min] v12-wb-s11n10-g10-b0824 72945e70a2a1:158 s2 feas=True worst=['s11_max_db', 0.0035999999999999587] secs=96.15085554122925
[129/588 27.3min eta 97min] v12-wb-s11n10-g10-b0824 72945e70a2a1:158 s3 feas=True worst=['s11_max_db', 0.0008699999999999264] secs=103.35696578025818
[130/588 27.3min eta 96min] v12-wb-s11n10-g10-b0824 72945e70a2a1:159 s1 feas=True worst=['s11_max_db', 0.004100000000000037] secs=102.96704435348511
[131/588 27.3min eta 95min] v12-wb-s11n10-g10-b0824 72945e70a2a1:159 s2 feas=True worst=['s11_max_db', 0.0006199999999999761] secs=103.2270073890686
[132/588 27.3min eta 94min] v12-wb-s11n10-g10-b0824 72945e70a2a1:159 s3 feas=True worst=['s11_max_db', 0.0006700000000000372] secs=103.45044040679932
[133/588 27.4min eta 94min] v12-wb-s11n10-g10-b0824 72945e70a2a1:161 s3 feas=True worst=['s11_max_db', 0.0005200000000000315] secs=103.16073656082153
[134/588 27.4min eta 93min] v12-wb-s11n10-g10-b0824 72945e70a2a1:161 s2 feas=True worst=['s11_max_db', 0.0027599999999999626] secs=103.55724310874939
[135/588 27.4min eta 92min] v12-wb-s11n10-g10-b0824 72945e70a2a1:161 s1 feas=True worst=['s11_max_db', 0.000990000000000002] secs=103.84207057952881
[136/588 27.4min eta 91min] v12-wb-s11n10-g10-b0824 72945e70a2a1:164 s1 feas=True worst=['s11_max_db', 0.0004599999999999937] secs=103.3817286491394
[139/588 29.0min eta 94min] v12-wb-s11n10-g12-b0824 72945e70a2a1:002 s1 feas=True worst=['s11_max_db', 0.00025999999999992696] secs=100.24307417869568
[140/588 29.0min eta 93min] v12-wb-s11n10-g12-b0824 72945e70a2a1:002 s2 feas=True worst=['s11_max_db', 0.004800000000000004] secs=100.51365947723389
[141/588 29.0min eta 92min] v12-wb-s11n10-g12-b0824 72945e70a2a1:002 s3 feas=True worst=['s11_max_db', 0.0003500000000000725] secs=100.08557271957397
[142/588 29.0min eta 91min] v12-wb-s11n10-g12-b0824 72945e70a2a1:011 s1 feas=True worst=['s11_max_db', 0.0003500000000000725] secs=100.26961350440979
[143/588 29.0min eta 90min] v12-wb-s11n10-g12-b0824 72945e70a2a1:011 s2 feas=True worst=['s11_max_db', 0.0008699999999999264] secs=100.17911672592163
[144/588 29.0min eta 90min] v12-wb-s11n10-g12-b0824 72945e70a2a1:011 s3 feas=True worst=['s11_max_db', 0.00016999999999995908] secs=100.35586833953857
[145/588 30.7min eta 94min] v12-wb-s11n10-g12-b0824 72945e70a2a1:030 s1 feas=True worst=['s21_db', 0.004708333333333314] secs=100.51416158676147
[148/588 30.7min eta 91min] v12-wb-s11n10-g12-b0824 72945e70a2a1:035 s1 feas=True worst=['s11_max_db', 0.00025999999999992696] secs=101.47842955589294
[149/588 30.7min eta 91min] v12-wb-s11n10-g12-b0824 72945e70a2a1:035 s2 feas=True worst=['s11_max_db', 0.004800000000000004] secs=101.21538615226746
[150/588 30.7min eta 90min] v12-wb-s11n10-g12-b0824 72945e70a2a1:038 s1 feas=True worst=['s11_max_db', 0.0005000000000000782] secs=101.2368049621582
[151/588 30.7min eta 89min] v12-wb-s11n10-g12-b0824 72945e70a2a1:038 s2 feas=True worst=['s21_db', 0.007266666666666606] secs=101.12654304504395
[152/588 30.7min eta 88min] v12-wb-s11n10-g12-b0824 72945e70a2a1:035 s3 feas=True worst=['s11_max_db', 0.0003500000000000725] secs=101.49181246757507
[153/588 32.5min eta 92min] v12-wb-s11n10-g12-b0824 72945e70a2a1:038 s3 feas=True worst=['s21_db', 0.0011583333333332984] secs=106.62379145622253
[154/588 32.5min eta 91min] v12-wb-s11n10-g12-b0824 72945e70a2a1:041 s1 feas=True worst=['s11_max_db', 0.0] secs=106.5445168018341
[156/588 32.5min eta 90min] v12-wb-s11n10-g12-b0824 72945e70a2a1:042 s1 feas=True worst=['s11_max_db', 0.0009800000000000253] secs=105.8953914642334
[157/588 32.5min eta 89min] v12-wb-s11n10-g12-b0824 72945e70a2a1:041 s3 feas=True worst=['s11_max_db', 0.00022999999999999686] secs=106.26097774505615
[158/588 32.5min eta 88min] v12-wb-s11n10-g12-b0824 72945e70a2a1:042 s3 feas=True worst=['s11_max_db', 0.005550000000000032] secs=105.90619611740112
[159/588 32.5min eta 88min] v12-wb-s11n10-g12-b0824 72945e70a2a1:047 s1 feas=True worst=['s11_max_db', 9.999999999994457e-05] secs=105.90289163589478
[160/588 32.5min eta 87min] v12-wb-s11n10-g12-b0824 72945e70a2a1:042 s2 feas=True worst=['s11_max_db', 0.002740000000000009] secs=106.17525720596313
[162/588 34.2min eta 90min] v12-wb-s11n10-g12-b0824 72945e70a2a1:047 s3 feas=True worst=['s11_max_db', 0.00021000000000004349] secs=101.40836071968079
[163/588 34.2min eta 89min] v12-wb-s11n10-g12-b0824 72945e70a2a1:048 s1 feas=True worst=['s11_max_db', 0.0024100000000000675] secs=100.93741464614868
[164/588 34.2min eta 88min] v12-wb-s11n10-g12-b0824 72945e70a2a1:048 s3 feas=True worst=['s11_max_db', 5.0000000000061104e-05] secs=100.63602900505066
[166/588 34.2min eta 87min] v12-wb-s11n10-g12-b0824 72945e70a2a1:053 s1 feas=True worst=['s21_ripple_db', 0.004399999999999515] secs=101.30582475662231
[167/588 34.2min eta 86min] v12-wb-s11n10-g12-b0824 72945e70a2a1:053 s2 feas=True worst=['s11_max_db', 0.0009499999999999176] secs=101.56696367263794
[168/588 34.2min eta 86min] v12-wb-s11n10-g12-b0824 72945e70a2a1:053 s3 feas=True worst=['s11_max_db', 0.00492000000000008] secs=101.53395485877991
[169/588 35.9min eta 89min] v12-wb-s11n10-g12-b0824 72945e70a2a1:056 s1 feas=True worst=['s11_max_db', 0.0010500000000000398] secs=102.19973802566528
[170/588 35.9min eta 88min] v12-wb-s11n10-g12-b0824 72945e70a2a1:056 s3 feas=True worst=['s11_max_db', 0.00649999999999995] secs=101.61959147453308
[171/588 35.9min eta 87min] v12-wb-s11n10-g12-b0824 72945e70a2a1:056 s2 feas=True worst=['s11_max_db', 0.005480000000000018] secs=102.30984425544739
[172/588 35.9min eta 87min] v12-wb-s11n10-g12-b0824 72945e70a2a1:060 s1 feas=True worst=['s11_max_db', 1.9999999999953388e-05] secs=101.6381471157074
[175/588 35.9min eta 85min] v12-wb-s11n10-g12-b0824 72945e70a2a1:080 s1 feas=True worst=['s11_max_db', 0.0001200000000000756] secs=101.63502073287964
[179/588 37.6min eta 86min] v12-wb-s11n10-g12-b0824 72945e70a2a1:105 s1 feas=True worst=['s21_ripple_db', 0.001300000000000523] secs=105.18891263008118
[180/588 37.7min eta 85min] v12-wb-s11n10-g12-b0824 72945e70a2a1:105 s3 feas=True worst=['s11_max_db', 0.0005499999999999617] secs=105.30930471420288
[181/588 37.7min eta 85min] v12-wb-s11n10-g12-b0824 72945e70a2a1:111 s1 feas=True worst=['s21_db', 0.0004083333333332699] secs=104.94453549385071
[183/588 37.7min eta 83min] v12-wb-s11n10-g12-b0824 72945e70a2a1:111 s3 feas=True worst=['s11_max_db', 0.00046999999999997044] secs=105.09901022911072
[184/588 37.7min eta 83min] v12-wb-s11n10-g12-b0824 72945e70a2a1:116 s1 feas=True worst=['s11_max_db', 0.007469999999999999] secs=105.51513624191284
[185/588 39.5min eta 86min] v12-wb-s11n10-g12-b0824 72945e70a2a1:116 s2 feas=True worst=['s11_max_db', 0.001839999999999975] secs=109.08964395523071
[186/588 39.5min eta 85min] v12-wb-s11n10-g12-b0824 72945e70a2a1:116 s3 feas=True worst=['s21_ripple_db', 0.0005999999999994898] secs=109.04489946365356
[187/588 39.5min eta 85min] v12-wb-s11n10-g12-b0824 72945e70a2a1:120 s1 feas=True worst=['s21_db', 0.001875000000000071] secs=108.9409589767456
[188/588 39.5min eta 84min] v12-wb-s11n10-g12-b0824 72945e70a2a1:120 s2 feas=True worst=['s11_max_db', 4.0000000000084415e-05] secs=109.0912094116211
[189/588 39.5min eta 83min] v12-wb-s11n10-g12-b0824 72945e70a2a1:120 s3 feas=True worst=['s11_max_db', 0.0022299999999999542] secs=108.72316312789917
[190/588 39.5min eta 83min] v12-wb-s11n10-g12-b0824 72945e70a2a1:126 s1 feas=True worst=['s21_db', 0.002441666666666601] secs=108.51243710517883
[191/588 39.5min eta 82min] v12-wb-s11n10-g12-b0824 72945e70a2a1:126 s2 feas=True worst=['s11_max_db', 0.002059999999999995] secs=108.96025848388672
[193/588 41.2min eta 84min] v12-wb-s11n10-g12-b0824 72945e70a2a1:131 s2 feas=True worst=['s11_max_db', 0.0022199999999999776] secs=106.22869300842285
[194/588 41.2min eta 84min] v12-wb-s11n10-g12-b0824 72945e70a2a1:131 s3 feas=True worst=['s11_max_db', 0.003470000000000084] secs=106.14508557319641
[195/588 41.2min eta 83min] v12-wb-s11n10-g12-b0824 72945e70a2a1:131 s1 feas=True worst=['s21_db', 0.0013750000000000522] secs=106.48481965065002
[196/588 41.3min eta 83min] v12-wb-s11n10-g12-b0824 72945e70a2a1:135 s1 feas=True worst=['s11_max_db', 0.0006999999999999674] secs=106.1636254787445
[197/588 41.3min eta 82min] v12-wb-s11n10-g12-b0824 72945e70a2a1:135 s3 feas=True worst=['s11_max_db', 0.00010999999999992128] secs=105.91985630989075
[198/588 41.3min eta 81min] v12-wb-s11n10-g12-b0824 72945e70a2a1:135 s2 feas=True worst=['s11_max_db', 0.0021699999999999164] secs=106.8151843547821
[199/588 41.3min eta 81min] v12-wb-s11n10-g12-b0824 72945e70a2a1:141 s1 feas=True worst=['s21_db', 0.0024249999999999736] secs=105.97314763069153
[200/588 41.3min eta 80min] v12-wb-s11n10-g12-b0824 72945e70a2a1:141 s2 feas=False worst=['s11_max_db', -0.22808599999999996] secs=105.84812211990356
[201/588 43.0min eta 83min] v12-wb-s11n10-g12-b0824 72945e70a2a1:141 s3 feas=True worst=['s21_db', 0.0005583333333333643] secs=107.79433870315552
[202/588 43.1min eta 82min] v12-wb-s11n10-g12-b0824 72945e70a2a1:143 s2 feas=True worst=['s11_max_db', 0.0032000000000000028] secs=108.09536337852478
[203/588 43.1min eta 82min] v12-wb-s11n10-g12-b0824 72945e70a2a1:143 s1 feas=True worst=['s21_db', 0.003049999999999997] secs=108.28252100944519
[204/588 43.1min eta 81min] v12-wb-s11n10-g12-b0824 72945e70a2a1:144 s1 feas=True worst=['s11_max_db', 9.999999999994457e-05] secs=108.09990882873535
[205/588 43.1min eta 80min] v12-wb-s11n10-g12-b0824 72945e70a2a1:143 s3 feas=True worst=['s11_max_db', 0.0007799999999999585] secs=108.35015082359314
[206/588 43.1min eta 80min] v12-wb-s11n10-g12-b0824 72945e70a2a1:144 s2 feas=True worst=['s11_max_db', 0.0006800000000000139] secs=108.16442108154297
[207/588 43.1min eta 79min] v12-wb-s11n10-g12-b0824 72945e70a2a1:144 s3 feas=True worst=['s11_max_db', 0.0001300000000000523] secs=108.35677123069763
[208/588 43.1min eta 79min] v12-wb-s11n10-g12-b0824 72945e70a2a1:146 s1 feas=True worst=['s11_max_db', 0.001130000000000031] secs=108.68653988838196
[209/588 44.8min eta 81min] v12-wb-s11n10-g12-b0824 72945e70a2a1:147 s1 feas=True worst=['s11_max_db', 0.0013799999999999813] secs=106.85344958305359
[210/588 44.8min eta 81min] v12-wb-s11n10-g12-b0824 72945e70a2a1:146 s2 feas=True worst=['s11_max_db', 0.007280000000000087] secs=107.36817145347595
[212/588 44.9min eta 80min] v12-wb-s11n10-g12-b0824 72945e70a2a1:147 s3 feas=True worst=['s11_max_db', 0.004020000000000046] secs=106.67700338363647
[213/588 44.9min eta 79min] v12-wb-s11n10-g12-b0824 72945e70a2a1:147 s2 feas=True worst=['s21_db', 0.000699999999999997] secs=107.08309674263
[214/588 44.9min eta 78min] v12-wb-s11n10-g12-b0824 72945e70a2a1:152 s1 feas=True worst=['s11_max_db', 6.00000000000378e-05] secs=106.78034353256226
[217/588 46.7min eta 80min] v12-wb-s11n10-g12-b0824 72945e70a2a1:156 s2 feas=True worst=['s21_db', 0.0007416666666667145] secs=108.63871502876282
[218/588 46.7min eta 79min] v12-wb-s11n10-g12-b0824 72945e70a2a1:156 s1 feas=True worst=['s11_max_db', 0.0016799999999999927] secs=108.89141464233398
[219/588 46.7min eta 79min] v12-wb-s11n10-g12-b0824 72945e70a2a1:156 s3 feas=True worst=['s21_db', 0.003916666666666717] secs=108.92431974411011
[220/588 46.7min eta 78min] v12-wb-s11n10-g12-b0824 72945e70a2a1:157 s2 feas=True worst=['s11_max_db', 0.0014200000000000657] secs=109.14923548698425
[221/588 46.7min eta 78min] v12-wb-s11n10-g12-b0824 72945e70a2a1:157 s1 feas=True worst=['s11_max_db', 0.0006299999999999529] secs=109.36467909812927
[223/588 46.7min eta 76min] v12-wb-s11n10-g12-b0824 72945e70a2a1:158 s1 feas=True worst=['s21_db', 0.014558333333333303] secs=109.1037814617157
[224/588 46.7min eta 76min] v12-wb-s11n10-g12-b0824 72945e70a2a1:158 s2 feas=True worst=['s11_max_db', 0.021860000000000036] secs=108.86139059066772
[225/588 48.7min eta 79min] v12-wb-s11n10-g12-b0824 72945e70a2a1:159 s1 feas=True worst=['s21_db', 0.0028249999999999296] secs=120.39883661270142
[226/588 48.7min eta 78min] v12-wb-s11n10-g12-b0824 72945e70a2a1:158 s3 feas=True worst=['s11_max_db', 0.0002900000000000347] secs=120.74213814735413
[227/588 48.7min eta 77min] v12-wb-s11n10-g12-b0824 72945e70a2a1:159 s2 feas=True worst=['s11_max_db', 0.001580000000000048] secs=120.43788456916809
[228/588 48.7min eta 77min] v12-wb-s11n10-g12-b0824 72945e70a2a1:161 s1 feas=True worst=['s11_max_db', 0.005749999999999922] secs=121.17464637756348
[229/588 48.7min eta 76min] v12-wb-s11n10-g12-b0824 72945e70a2a1:159 s3 feas=True worst=['s11_max_db', 0.00039999999999995595] secs=121.35695624351501
[230/588 48.7min eta 76min] v12-wb-s11n10-g12-b0824 72945e70a2a1:161 s2 feas=True worst=['s11_max_db', 0.02303999999999995] secs=121.49496746063232
[231/588 48.7min eta 75min] v12-wb-s11n10-g12-b0824 72945e70a2a1:161 s3 feas=True worst=['s11_max_db', 0.0014699999999999492] secs=121.6651291847229
[232/588 48.7min eta 75min] v12-wb-s11n10-g12-b0824 72945e70a2a1:164 s1 feas=True worst=['s11_max_db', 0.0001200000000000756] secs=121.46200823783875
[233/588 50.6min eta 77min] v12-wb-s11n10-g12-b0824 72945e70a2a1:164 s2 feas=True worst=['s11_max_db', 0.0005000000000000782] secs=116.67160558700562
[235/588 50.6min eta 76min] v12-wb-s11n11-g10-b0824 72945e70a2a1:002 s1 feas=True worst=['s11_max_db', 0.0008000000000000733] secs=116.82256746292114
[236/588 50.7min eta 76min] v12-wb-s11n11-g10-b0824 72945e70a2a1:002 s3 feas=True worst=['s21_ripple_db', 9.999999999976694e-05] secs=116.09563541412354
[237/588 50.7min eta 75min] v12-wb-s11n11-g10-b0824 72945e70a2a1:002 s2 feas=True worst=['s11_max_db', 0.00021818181818179414] secs=116.7304937839508
[238/588 50.7min eta 75min] v12-wb-s11n11-g10-b0824 72945e70a2a1:011 s1 feas=True worst=['s11_max_db', 0.0002999999999999468] secs=116.39790177345276
[240/588 50.7min eta 73min] v12-wb-s11n11-g10-b0824 72945e70a2a1:011 s3 feas=True worst=['s11_max_db', 0.0024363636363636102] secs=115.82404446601868
[241/588 52.5min eta 76min] v12-wb-s11n11-g10-b0824 72945e70a2a1:030 s1 feas=True worst=['s11_max_db', 0.00027272727272728304] secs=109.77624845504761
[244/588 52.5min eta 74min] v12-wb-s11n11-g10-b0824 72945e70a2a1:035 s1 feas=True worst=['s11_max_db', 0.0008000000000000733] secs=110.95952296257019
[245/588 52.5min eta 74min] v12-wb-s11n11-g10-b0824 72945e70a2a1:035 s3 feas=True worst=['s21_ripple_db', 9.999999999976694e-05] secs=110.51590490341187
[246/588 52.5min eta 73min] v12-wb-s11n11-g10-b0824 72945e70a2a1:035 s2 feas=True worst=['s11_max_db', 0.00021818181818179414] secs=110.61346340179443
[247/588 52.5min eta 73min] v12-wb-s11n11-g10-b0824 72945e70a2a1:041 s1 feas=True worst=['s11_max_db', 0.00033636363636365985] secs=110.66842317581177
[249/588 54.4min eta 74min] v12-wb-s11n11-g10-b0824 72945e70a2a1:042 s1 feas=True worst=['s11_max_db', 0.00037272727272721147] secs=111.57166814804077
[251/588 54.4min eta 73min] v12-wb-s11n11-g10-b0824 72945e70a2a1:042 s2 feas=True worst=['s11_max_db', 0.004409090909090968] secs=112.02960681915283
[252/588 54.4min eta 73min] v12-wb-s11n11-g10-b0824 72945e70a2a1:042 s3 feas=True worst=['s11_max_db', 0.012281818181818142] secs=111.5157687664032
[253/588 54.4min eta 72min] v12-wb-s11n11-g10-b0824 72945e70a2a1:047 s2 feas=True worst=['s11_max_db', 0.003409090909090877] secs=111.67358922958374
[254/588 54.4min eta 72min] v12-wb-s11n11-g10-b0824 72945e70a2a1:047 s1 feas=True worst=['s11_max_db', 0.00022727272727268206] secs=111.97675514221191
[255/588 54.4min eta 71min] v12-wb-s11n11-g10-b0824 72945e70a2a1:048 s1 feas=True worst=['s11_max_db', 0.00501818181818175] secs=111.35023069381714
[256/588 54.4min eta 71min] v12-wb-s11n11-g10-b0824 72945e70a2a1:047 s3 feas=True worst=['s11_max_db', 0.002072727272727287] secs=111.82401609420776
[258/588 56.2min eta 72min] v12-wb-s11n11-g10-b0824 72945e70a2a1:053 s1 feas=True worst=['s11_max_db', 0.0010181818181818675] secs=107.87506484985352
[259/588 56.2min eta 71min] v12-wb-s11n11-g10-b0824 72945e70a2a1:048 s3 feas=True worst=['s11_max_db', 0.00410909090909086] secs=108.468594789505
[260/588 56.2min eta 71min] v12-wb-s11n11-g10-b0824 72945e70a2a1:053 s2 feas=True worst=['s21_ripple_db', 0.01839999999999975] secs=108.29251718521118
[261/588 56.2min eta 70min] v12-wb-s11n11-g10-b0824 72945e70a2a1:053 s3 feas=True worst=['s11_max_db', 0.0238636363636363] secs=108.19684672355652
[262/588 56.2min eta 70min] v12-wb-s11n11-g10-b0824 72945e70a2a1:056 s1 feas=True worst=['s11_max_db', 0.001390909090909079] secs=108.46601438522339
[263/588 56.2min eta 69min] v12-wb-s11n11-g10-b0824 72945e70a2a1:056 s3 feas=True worst=['s11_max_db', 0.00031818181818188407] secs=108.39345669746399
[264/588 56.2min eta 69min] v12-wb-s11n11-g10-b0824 72945e70a2a1:056 s2 feas=True worst=['s21_ripple_db', 0.0] secs=108.57352137565613
[265/588 58.0min eta 71min] v12-wb-s11n11-g10-b0824 72945e70a2a1:063 s1 feas=True worst=['s21_db', 0.005749999999999922] secs=110.14454913139343
[267/588 58.0min eta 70min] v12-wb-s11n11-g10-b0824 72945e70a2a1:063 s3 feas=True worst=['s11_max_db', 0.0] secs=110.17039513587952
[268/588 58.0min eta 69min] v12-wb-s11n11-g10-b0824 72945e70a2a1:075 s1 feas=True worst=['s11_max_db', 0.0002999999999999468] secs=110.2741265296936
[270/588 58.1min eta 68min] v12-wb-s11n11-g10-b0824 72945e70a2a1:075 s3 feas=True worst=['s11_max_db', 0.00020000000000001833] secs=110.12957620620728
[271/588 58.1min eta 68min] v12-wb-s11n11-g10-b0824 72945e70a2a1:105 s2 feas=True worst=['s11_max_db', 0.0029999999999999524] secs=109.92076468467712
[272/588 58.1min eta 67min] v12-wb-s11n11-g10-b0824 72945e70a2a1:105 s1 feas=True worst=['s11_max_db', 0.005509090909090989] secs=110.42332172393799
[273/588 59.8min eta 69min] v12-wb-s11n11-g10-b0824 72945e70a2a1:105 s3 feas=True worst=['s11_max_db', 0.007636363636363603] secs=108.42726922035217
[274/588 59.8min eta 69min] v12-wb-s11n11-g10-b0824 72945e70a2a1:111 s1 feas=True worst=['s21_ripple_db', 0.0024999999999995026] secs=108.24265885353088
[275/588 59.8min eta 68min] v12-wb-s11n11-g10-b0824 72945e70a2a1:111 s2 feas=True worst=['s11_max_db', 0.0017000000000000751] secs=107.9959237575531
[276/588 59.9min eta 68min] v12-wb-s11n11-g10-b0824 72945e70a2a1:111 s3 feas=True worst=['s21_ripple_db', 0.0001499999999996504] secs=108.34957337379456
[277/588 59.9min eta 67min] v12-wb-s11n11-g10-b0824 72945e70a2a1:116 s1 feas=True worst=['s11_max_db', 0.03140909090909086] secs=108.25789260864258
[278/588 59.9min eta 67min] v12-wb-s11n11-g10-b0824 72945e70a2a1:116 s2 feas=True worst=['s11_max_db', 0.006381818181818166] secs=108.15014839172363
[279/588 59.9min eta 66min] v12-wb-s11n11-g10-b0824 72945e70a2a1:120 s1 feas=True worst=['s11_max_db', 0.0009181818181817777] secs=107.48536777496338
[280/588 59.9min eta 66min] v12-wb-s11n11-g10-b0824 72945e70a2a1:116 s3 feas=False worst=['s11_max_db', -0.33227545454545454] secs=107.94168853759766
[281/588 61.6min eta 67min] v12-wb-s11n11-g10-b0824 72945e70a2a1:126 s1 feas=True worst=['s11_max_db', 0.0029181818181817994] secs=105.74232482910156
[282/588 61.6min eta 67min] v12-wb-s11n11-g10-b0824 72945e70a2a1:120 s2 feas=True worst=['s11_max_db', 0.04181818181818189] secs=106.03189373016357
[283/588 61.6min eta 66min] v12-wb-s11n11-g10-b0824 72945e70a2a1:120 s3 feas=True worst=['s11_max_db', 0.013490909090909138] secs=106.09760427474976
[284/588 61.6min eta 66min] v12-wb-s11n11-g10-b0824 72945e70a2a1:126 s2 feas=True worst=['s11_max_db', 0.0015363636363636085] secs=105.67100787162781
[285/588 61.6min eta 66min] v12-wb-s11n11-g10-b0824 72945e70a2a1:126 s3 feas=True worst=['s11_max_db', 0.0037727272727272002] secs=105.72144770622253
[286/588 61.6min eta 65min] v12-wb-s11n11-g10-b0824 72945e70a2a1:131 s1 feas=True worst=['s11_max_db', 0.0004636363636364135] secs=106.11471557617188
[287/588 61.7min eta 65min] v12-wb-s11n11-g10-b0824 72945e70a2a1:131 s2 feas=True worst=['s11_max_db', 0.0019363636363636451] secs=106.25968480110168
[288/588 61.7min eta 64min] v12-wb-s11n11-g10-b0824 72945e70a2a1:131 s3 feas=True worst=['s11_max_db', 0.000836363636363625] secs=106.27891755104065
[289/588 63.3min eta 65min] v12-wb-s11n11-g10-b0824 72945e70a2a1:134 s1 feas=True worst=['s11_max_db', 0.0020363636363635736] secs=99.71449208259583
[292/588 63.3min eta 64min] v12-wb-s11n11-g10-b0824 72945e70a2a1:135 s1 feas=True worst=['s11_max_db', 0.0003909090909091488] secs=98.72292447090149
[293/588 63.3min eta 64min] v12-wb-s11n11-g10-b0824 72945e70a2a1:135 s2 feas=True worst=['s11_max_db', 0.00010909090909097782] secs=99.75654292106628
[294/588 63.3min eta 63min] v12-wb-s11n11-g10-b0824 72945e70a2a1:141 s2 feas=True worst=['s11_max_db', 0.0007272727272726472] secs=99.3061876296997
[295/588 63.3min eta 63min] v12-wb-s11n11-g10-b0824 72945e70a2a1:135 s3 feas=True worst=['s11_max_db', 0.001618181818181761] secs=99.70639848709106
[296/588 63.3min eta 62min] v12-wb-s11n11-g10-b0824 72945e70a2a1:141 s1 feas=True worst=['s11_max_db', 6.363636363637681e-05] secs=99.56995844841003
[297/588 65.0min eta 64min] v12-wb-s11n11-g10-b0824 72945e70a2a1:141 s3 feas=True worst=['s11_max_db', 0.0006181818181818309] secs=100.49784135818481
[298/588 65.0min eta 63min] v12-wb-s11n11-g10-b0824 72945e70a2a1:143 s2 feas=True worst=['s11_max_db', 0.013590909090909068] secs=101.03006649017334
[299/588 65.0min eta 63min] v12-wb-s11n11-g10-b0824 72945e70a2a1:143 s1 feas=True worst=['s11_max_db', 0.0002999999999999468] secs=101.38022017478943
[300/588 65.0min eta 62min] v12-wb-s11n11-g10-b0824 72945e70a2a1:143 s3 feas=True worst=['s11_max_db', 0.0013363636363635902] secs=100.81240844726562
[301/588 65.0min eta 62min] v12-wb-s11n11-g10-b0824 72945e70a2a1:144 s1 feas=True worst=['s11_max_db', 0.0016545454545454743] secs=100.32061314582825
[302/588 65.0min eta 62min] v12-wb-s11n11-g10-b0824 72945e70a2a1:144 s2 feas=True worst=['s11_max_db', 9.090909090904053e-05] secs=100.44448232650757
[303/588 65.0min eta 61min] v12-wb-s11n11-g10-b0824 72945e70a2a1:146 s1 feas=True worst=['s11_max_db', 0.0015454545454544964] secs=100.94487977027893
[304/588 65.0min eta 61min] v12-wb-s11n11-g10-b0824 72945e70a2a1:144 s3 feas=True worst=['s11_max_db', 0.0006909090909090955] secs=101.08054065704346
[305/588 66.7min eta 62min] v12-wb-s11n11-g10-b0824 72945e70a2a1:146 s2 feas=True worst=['s11_max_db', 0.00789090909090911] secs=104.1772198677063
[306/588 66.7min eta 61min] v12-wb-s11n11-g10-b0824 72945e70a2a1:146 s3 feas=True worst=['s11_max_db', 5.454545454548891e-05] secs=104.26341581344604
[307/588 66.7min eta 61min] v12-wb-s11n11-g10-b0824 72945e70a2a1:147 s1 feas=True worst=['s11_max_db', 0.0004090909090909246] secs=104.43278455734253
[308/588 66.7min eta 61min] v12-wb-s11n11-g10-b0824 72945e70a2a1:147 s2 feas=True worst=['s11_max_db', 0.0005454545454545661] secs=105.03308582305908
[309/588 66.7min eta 60min] v12-wb-s11n11-g10-b0824 72945e70a2a1:147 s3 feas=True worst=['s11_max_db', 0.002445454545454498] secs=104.48215794563293
[310/588 66.7min eta 60min] v12-wb-s11n11-g10-b0824 72945e70a2a1:152 s1 feas=True worst=['s11_max_db', 0.0004727272727273014] secs=104.24742078781128
[313/588 68.4min eta 60min] v12-wb-s11n11-g10-b0824 72945e70a2a1:155 s1 feas=True worst=['s11_max_db', 0.0026454545454545164] secs=101.42563009262085
[315/588 68.4min eta 59min] v12-wb-s11n11-g10-b0824 72945e70a2a1:155 s3 feas=True worst=['s11_max_db', 0.008090909090909128] secs=101.8667163848877
[316/588 68.4min eta 59min] v12-wb-s11n11-g10-b0824 72945e70a2a1:156 s1 feas=True worst=['s11_max_db', 0.000327272727272772] secs=101.57973718643188
[317/588 68.4min eta 59min] v12-wb-s11n11-g10-b0824 72945e70a2a1:156 s2 feas=True worst=['s11_max_db', 0.00010909090909097782] secs=101.11829805374146
[318/588 68.5min eta 58min] v12-wb-s11n11-g10-b0824 72945e70a2a1:157 s1 feas=True worst=['s11_max_db', 0.0012727272727272134] secs=101.4250328540802
[319/588 68.5min eta 58min] v12-wb-s11n11-g10-b0824 72945e70a2a1:157 s2 feas=True worst=['s11_max_db', 0.0029545454545455126] secs=101.16028833389282
[320/588 68.5min eta 57min] v12-wb-s11n11-g10-b0824 72945e70a2a1:156 s3 feas=False worst=['s11_max_db', -0.31008545454545455] secs=101.84803771972656
[321/588 70.0min eta 58min] v12-wb-s11n11-g10-b0824 72945e70a2a1:157 s3 feas=True worst=['s11_max_db', 0.0717181818181818] secs=97.23490190505981
[322/588 70.1min eta 58min] v12-wb-s11n11-g10-b0824 72945e70a2a1:158 s1 feas=True worst=['s11_max_db', 0.023490909090909087] secs=97.93792581558228
[323/588 70.1min eta 57min] v12-wb-s11n11-g10-b0824 72945e70a2a1:158 s2 feas=True worst=['s21_db', 9.999999999976694e-06] secs=98.03991365432739
[324/588 70.1min eta 57min] v12-wb-s11n11-g10-b0824 72945e70a2a1:159 s1 feas=True worst=['s11_max_db', 0.0009909090909090423] secs=98.7009871006012
[325/588 70.1min eta 57min] v12-wb-s11n11-g10-b0824 72945e70a2a1:158 s3 feas=True worst=['s11_max_db', 0.002045454545454623] secs=98.9169282913208
[326/588 70.1min eta 56min] v12-wb-s11n11-g10-b0824 72945e70a2a1:159 s3 feas=True worst=['s11_max_db', 0.00030909090909083466] secs=98.40017938613892
[327/588 70.1min eta 56min] v12-wb-s11n11-g10-b0824 72945e70a2a1:159 s2 feas=True worst=['s11_max_db', 0.002618181818181853] secs=98.49851870536804
[328/588 70.1min eta 56min] v12-wb-s11n11-g10-b0824 72945e70a2a1:161 s1 feas=True worst=['s11_max_db', 0.00016363636363630525] secs=98.57016253471375
[329/588 71.9min eta 57min] v12-wb-s11n11-g10-b0824 72945e70a2a1:161 s2 feas=True worst=['s11_max_db', 0.00021818181818179414] secs=113.17661952972412
[330/588 71.9min eta 56min] v12-wb-s11n11-g10-b0824 72945e70a2a1:161 s3 feas=True worst=['s11_max_db', 0.000881818181818226] secs=112.86661791801453
[331/588 72.0min eta 56min] v12-wb-s11n11-g12-b0824 72945e70a2a1:002 s1 feas=True worst=['s11_max_db', 6.363636363637681e-05] secs=113.13450813293457
[332/588 72.0min eta 56min] v12-wb-s11n11-g12-b0824 72945e70a2a1:002 s2 feas=True worst=['s11_max_db', 0.0] secs=113.63573455810547
[333/588 72.0min eta 55min] v12-wb-s11n11-g12-b0824 72945e70a2a1:002 s3 feas=True worst=['s11_max_db', 0.00025454545454550725] secs=113.6549334526062
[334/588 72.0min eta 55min] v12-wb-s11n11-g12-b0824 72945e70a2a1:011 s1 feas=True worst=['s11_max_db', 0.00023636363636356995] secs=113.26128005981445
[335/588 72.0min eta 54min] v12-wb-s11n11-g12-b0824 72945e70a2a1:011 s2 feas=True worst=['s11_max_db', 6.363636363637681e-05] secs=114.16502976417542
[336/588 72.0min eta 54min] v12-wb-s11n11-g12-b0824 72945e70a2a1:011 s3 feas=True worst=['s11_max_db', 0.00010909090909097782] secs=114.2735595703125
[337/588 73.6min eta 55min] v12-wb-s11n11-g12-b0824 72945e70a2a1:035 s1 feas=True worst=['s11_max_db', 6.363636363637681e-05] secs=101.98310256004333
[338/588 73.7min eta 54min] v12-wb-s11n11-g12-b0824 72945e70a2a1:035 s2 feas=True worst=['s11_max_db', 0.0] secs=102.46993970870972
[339/588 73.7min eta 54min] v12-wb-s11n11-g12-b0824 72945e70a2a1:035 s3 feas=True worst=['s11_max_db', 0.00025454545454550725] secs=102.01914477348328
[340/588 73.7min eta 54min] v12-wb-s11n11-g12-b0824 72945e70a2a1:041 s3 feas=False worst=['s11_max_db', -0.08250909090909095] secs=101.19134426116943
[341/588 73.7min eta 53min] v12-wb-s11n11-g12-b0824 72945e70a2a1:041 s1 feas=True worst=['s21_db', 0.0006583333333332794] secs=101.62992763519287
[342/588 73.7min eta 53min] v12-wb-s11n11-g12-b0824 72945e70a2a1:041 s2 feas=True worst=['s21_db', 0.0012583333333333613] secs=101.65096807479858
[343/588 73.7min eta 53min] v12-wb-s11n11-g12-b0824 72945e70a2a1:042 s1 feas=True worst=['s11_max_db', 0.0005636363636363419] secs=100.85185122489929
[344/588 73.7min eta 52min] v12-wb-s11n11-g12-b0824 72945e70a2a1:042 s2 feas=True worst=['s11_max_db', 0.002663636363636292] secs=101.3213243484497
[345/588 75.3min eta 53min] v12-wb-s11n11-g12-b0824 72945e70a2a1:042 s3 feas=True worst=['s11_max_db', 0.0006818181818182077] secs=100.12069463729858
[346/588 75.3min eta 53min] v12-wb-s11n11-g12-b0824 72945e70a2a1:047 s1 feas=True worst=['s21_db', 0.0014500000000000253] secs=99.75417923927307
[347/588 75.4min eta 52min] v12-wb-s11n11-g12-b0824 72945e70a2a1:047 s2 feas=True worst=['s11_max_db', 0.00016363636363630525] secs=100.29720664024353
[348/588 75.4min eta 52min] v12-wb-s11n11-g12-b0824 72945e70a2a1:047 s3 feas=True worst=['s11_max_db', 0.00028181818181817096] secs=100.33536744117737
[349/588 75.4min eta 52min] v12-wb-s11n11-g12-b0824 72945e70a2a1:048 s1 feas=True worst=['s11_max_db', 0.004772727272727292] secs=100.30566024780273
[350/588 75.4min eta 51min] v12-wb-s11n11-g12-b0824 72945e70a2a1:048 s3 feas=True worst=['s11_max_db', 0.0005272727272727903] secs=100.13221502304077
[352/588 75.4min eta 51min] v12-wb-s11n11-g12-b0824 72945e70a2a1:053 s1 feas=True worst=['s11_max_db', 0.0071545454545454135] secs=100.89594316482544
[355/588 77.1min eta 51min] v12-wb-s11n11-g12-b0824 72945e70a2a1:056 s1 feas=True worst=['s11_max_db', 0.0004999999999999651] secs=105.61914682388306
[357/588 77.1min eta 50min] v12-wb-s11n11-g12-b0824 72945e70a2a1:056 s2 feas=True worst=['s11_max_db', 0.007999999999999926] secs=105.2503833770752
[358/588 77.1min eta 50min] v12-wb-s11n11-g12-b0824 72945e70a2a1:080 s1 feas=True worst=['s21_db', 0.006166666666666654] secs=105.28930616378784
[360/588 77.2min eta 49min] v12-wb-s11n11-g12-b0824 72945e70a2a1:080 s3 feas=False worst=['s21_db', -0.02094166666666671] secs=105.40144944190979
[361/588 78.8min eta 50min] v12-wb-s11n11-g12-b0824 72945e70a2a1:111 s1 feas=True worst=['s11_max_db', 0.00037272727272721147] secs=101.77493500709534
[363/588 78.8min eta 49min] v12-wb-s11n11-g12-b0824 72945e70a2a1:111 s3 feas=True worst=['s11_max_db', 0.0005090909090908531] secs=101.0014488697052
[364/588 78.8min eta 49min] v12-wb-s11n11-g12-b0824 72945e70a2a1:116 s1 feas=True worst=['s11_max_db', 0.0002999999999999468] secs=101.37457656860352
[365/588 78.8min eta 48min] v12-wb-s11n11-g12-b0824 72945e70a2a1:116 s2 feas=True worst=['s11_max_db', 4.5454545454601004e-05] secs=101.33527660369873
[366/588 78.8min eta 48min] v12-wb-s11n11-g12-b0824 72945e70a2a1:116 s3 feas=True worst=['s21_ripple_db', 0.00020000000000042206] secs=101.45403742790222
[367/588 78.9min eta 47min] v12-wb-s11n11-g12-b0824 72945e70a2a1:120 s2 feas=True worst=['s21_db', 0.000791666666666598] secs=100.8179280757904
[368/588 78.9min eta 47min] v12-wb-s11n11-g12-b0824 72945e70a2a1:120 s1 feas=True worst=['s11_max_db', 0.00016363636363630525] secs=101.09519219398499
[369/588 80.5min eta 48min] v12-wb-s11n11-g12-b0824 72945e70a2a1:120 s3 feas=True worst=['s21_db', 0.00019166666666666407] secs=105.71047735214233
[370/588 80.6min eta 47min] v12-wb-s11n11-g12-b0824 72945e70a2a1:126 s1 feas=True worst=['s21_db', 0.002799999999999988] secs=106.9481930732727
[372/588 80.6min eta 47min] v12-wb-s11n11-g12-b0824 72945e70a2a1:131 s1 feas=True worst=['s11_max_db', 0.0077727272727272445] secs=106.27074456214905
[373/588 80.6min eta 46min] v12-wb-s11n11-g12-b0824 72945e70a2a1:126 s3 feas=True worst=['s21_db', 0.0003249999999999827] secs=106.57262825965881
[374/588 80.6min eta 46min] v12-wb-s11n11-g12-b0824 72945e70a2a1:131 s2 feas=True worst=['s11_max_db', 0.00024545454545461934] secs=107.16769814491272
[375/588 80.7min eta 46min] v12-wb-s11n11-g12-b0824 72945e70a2a1:135 s1 feas=True worst=['s21_db', 0.0003750000000000142] secs=107.67882132530212
[376/588 80.7min eta 45min] v12-wb-s11n11-g12-b0824 72945e70a2a1:131 s3 feas=True worst=['s11_max_db', 0.00014545454545452944] secs=108.27790117263794
[377/588 82.6min eta 46min] v12-wb-s11n11-g12-b0824 72945e70a2a1:135 s2 feas=True worst=['s11_max_db', 0.00025454545454550725] secs=122.5394835472107
[378/588 82.6min eta 46min] v12-wb-s11n11-g12-b0824 72945e70a2a1:135 s3 feas=True worst=['s11_max_db', 0.0006454545454544946] secs=122.57322430610657
[379/588 82.6min eta 46min] v12-wb-s11n11-g12-b0824 72945e70a2a1:144 s1 feas=True worst=['s11_max_db', 9.090909090904053e-05] secs=122.16892862319946
[380/588 82.7min eta 45min] v12-wb-s11n11-g12-b0824 72945e70a2a1:144 s3 feas=True worst=['s21_db', 0.0006333333333333376] secs=122.1946291923523
[381/588 82.7min eta 45min] v12-wb-s11n11-g12-b0824 72945e70a2a1:144 s2 feas=True worst=['s21_db', 0.0007333333333334006] secs=122.32521796226501
[383/588 82.7min eta 44min] v12-wb-s11n11-g12-b0824 72945e70a2a1:146 s1 feas=True worst=['s11_max_db', 9.090909090904053e-05] secs=122.9482352733612
[384/588 82.7min eta 44min] v12-wb-s11n11-g12-b0824 72945e70a2a1:146 s3 feas=True worst=['s11_max_db', 0.002663636363636292] secs=121.28991675376892
[385/588 84.4min eta 44min] v12-wb-s11n11-g12-b0824 72945e70a2a1:147 s1 feas=True worst=['s21_db', 0.0007333333333334006] secs=107.24275708198547
[386/588 84.4min eta 44min] v12-wb-s11n11-g12-b0824 72945e70a2a1:147 s2 feas=True worst=['s11_max_db', 0.005645454545454468] secs=107.39560890197754
[387/588 84.4min eta 44min] v12-wb-s11n11-g12-b0824 72945e70a2a1:147 s3 feas=True worst=['s11_max_db', 0.002063636363636399] secs=107.50818228721619
[388/588 84.5min eta 44min] v12-wb-s11n11-g12-b0824 72945e70a2a1:152 s1 feas=True worst=['s11_max_db', 0.00010909090909097782] secs=108.03229284286499
[391/588 84.5min eta 43min] v12-wb-s11n11-g12-b0824 72945e70a2a1:157 s1 feas=True worst=['s21_db', 0.0017166666666666626] secs=107.40099787712097
[392/588 84.5min eta 42min] v12-wb-s11n11-g12-b0824 72945e70a2a1:157 s2 feas=True worst=['s11_max_db', 5.454545454548891e-05] secs=107.72777581214905
[394/588 86.2min eta 42min] v12-wb-s11n11-g12-b0824 72945e70a2a1:158 s1 feas=True worst=['s21_ripple_db', 0.0008500000000006835] secs=108.66876268386841
[395/588 86.3min eta 42min] v12-wb-s11n11-g12-b0824 72945e70a2a1:158 s2 feas=True worst=['s21_db', 0.001000000000000038] secs=109.09788489341736
[396/588 86.3min eta 42min] v12-wb-s11n11-g12-b0824 72945e70a2a1:158 s3 feas=True worst=['s11_max_db', 0.003918181818181891] secs=109.28472638130188
[397/588 86.3min eta 42min] v12-wb-s11n11-g12-b0824 72945e70a2a1:159 s1 feas=True worst=['s11_max_db', 0.0018090909090908915] secs=109.01204466819763
[398/588 86.3min eta 41min] v12-wb-s11n11-g12-b0824 72945e70a2a1:159 s2 feas=True worst=['s11_max_db', 1.8181818181775807e-05] secs=108.8528516292572
[399/588 86.3min eta 41min] v12-wb-s11n11-g12-b0824 72945e70a2a1:159 s3 feas=True worst=['s21_db', 0.0005999999999999339] secs=109.03006315231323
[400/588 86.3min eta 41min] v12-wb-s11n11-g12-b0824 72945e70a2a1:160 s1 feas=True worst=['s11_max_db', 0.0005727272727272299] secs=108.8282744884491
[402/588 88.1min eta 41min] v12-wb-s11n11-g12-b0824 72945e70a2a1:160 s3 feas=True worst=['s11_max_db', 0.003036363636363665] secs=108.85127902030945
[403/588 88.1min eta 40min] v12-wb-s11n11-g12-b0824 72945e70a2a1:161 s1 feas=True worst=['s11_max_db', 0.0004090909090909246] secs=109.36985087394714
[404/588 88.1min eta 40min] v12-wb-s11n11-g12-b0824 72945e70a2a1:161 s2 feas=True worst=['s11_max_db', 0.007581818181818114] secs=109.3349130153656
[405/588 88.1min eta 40min] v12-wb-s11n11-g12-b0824 72945e70a2a1:161 s3 feas=True worst=['s21_ripple_db', 0.000600000000000378] secs=109.85931730270386
[406/588 88.1min eta 40min] v12-wb-s11n8-g10-b0530 72945e70a2a1:000 s3 feas=True worst=['nf_db', 0.0004483333333333839] secs=108.50409841537476
[407/588 88.1min eta 39min] v12-wb-s11n8-g10-b0530 72945e70a2a1:000 s1 feas=True worst=['s11_max_db', 0.0004937499999999595] secs=109.32743835449219
[408/588 88.2min eta 39min] v12-wb-s11n8-g10-b0530 72945e70a2a1:000 s2 feas=True worst=['s11_max_db', 0.002075000000000049] secs=109.43390607833862
[409/588 89.8min eta 39min] v12-wb-s11n8-g10-b0530 72945e70a2a1:030 s1 feas=True worst=['s11_max_db', 0.00017624999999998892] secs=108.09773516654968
[412/588 89.9min eta 38min] v12-wb-s11n8-g10-b0530 72945e70a2a1:033 s1 feas=True worst=['s11_max_db', 0.0004937499999999595] secs=107.64199662208557
[413/588 89.9min eta 38min] v12-wb-s11n8-g10-b0530 72945e70a2a1:033 s3 feas=True worst=['nf_db', 0.0004483333333333839] secs=107.69547319412231
[414/588 90.0min eta 38min] v12-wb-s11n8-g10-b0530 72945e70a2a1:033 s2 feas=True worst=['s11_max_db', 0.002075000000000049] secs=107.88294458389282
[415/588 90.0min eta 37min] v12-wb-s11n8-g10-b0530 72945e70a2a1:038 s1 feas=True worst=['s11_max_db', 7.249999999991985e-05] secs=107.6957151889801
[416/588 90.0min eta 37min] v12-wb-s11n8-g10-b0530 72945e70a2a1:038 s2 feas=True worst=['s11_max_db', 0.0024174999999999613] secs=107.77788519859314
[417/588 91.8min eta 38min] v12-wb-s11n8-g10-b0530 72945e70a2a1:038 s3 feas=True worst=['s11_max_db', 0.000907500000000061] secs=119.09964871406555
[418/588 91.9min eta 37min] v12-wb-s11n8-g10-b0530 72945e70a2a1:041 s1 feas=True worst=['s11_max_db', 0.001691249999999922] secs=119.02697968482971
[420/588 91.9min eta 37min] v12-wb-s11n8-g10-b0530 72945e70a2a1:041 s3 feas=True worst=['s11_max_db', 0.0006325000000000358] secs=118.93589067459106
[421/588 91.9min eta 36min] v12-wb-s11n8-g10-b0530 72945e70a2a1:042 s1 feas=True worst=['s11_max_db', 0.0003975000000000506] secs=118.21642112731934
[422/588 91.9min eta 36min] v12-wb-s11n8-g10-b0530 72945e70a2a1:042 s3 feas=True worst=['s11_max_db', 0.0005550000000000832] secs=118.5000216960907
[424/588 91.9min eta 36min] v12-wb-s11n8-g10-b0530 72945e70a2a1:047 s1 feas=True worst=['s11_max_db', 0.0008762499999999118] secs=118.75075817108154
[425/588 93.6min eta 36min] v12-wb-s11n8-g10-b0530 72945e70a2a1:047 s2 feas=True worst=['s11_max_db', 0.0004349999999999632] secs=108.10917019844055
[426/588 93.7min eta 36min] v12-wb-s11n8-g10-b0530 72945e70a2a1:047 s3 feas=True worst=['s11_max_db', 0.0001100000000000545] secs=108.16587686538696
[427/588 93.7min eta 35min] v12-wb-s11n8-g10-b0530 72945e70a2a1:048 s1 feas=True worst=['s11_max_db', 0.004294999999999938] secs=107.27336382865906
[429/588 93.7min eta 35min] v12-wb-s11n8-g10-b0530 72945e70a2a1:048 s3 feas=True worst=['s11_max_db', 0.0015449999999999076] secs=108.01434922218323
[430/588 93.7min eta 34min] v12-wb-s11n8-g10-b0530 72945e70a2a1:053 s1 feas=True worst=['s11_max_db', 0.00677250000000007] secs=108.27645254135132
[431/588 93.8min eta 34min] v12-wb-s11n8-g10-b0530 72945e70a2a1:053 s3 feas=True worst=['s11_max_db', 0.00038999999999989043] secs=107.71814680099487
[432/588 93.8min eta 34min] v12-wb-s11n8-g10-b0530 72945e70a2a1:053 s2 feas=True worst=['s11_max_db', 0.00023499999999998522] secs=108.10728311538696
[433/588 95.4min eta 34min] v12-wb-s11n8-g10-b0530 72945e70a2a1:054 s1 feas=True worst=['s11_max_db', 3.74999999999126e-05] secs=106.70693469047546
[434/588 95.5min eta 34min] v12-wb-s11n8-g10-b0530 72945e70a2a1:054 s2 feas=True worst=['s11_max_db', 1.2499999999526779e-06] secs=106.49677872657776
[435/588 95.5min eta 34min] v12-wb-s11n8-g10-b0530 72945e70a2a1:054 s3 feas=True worst=['s11_max_db', 0.0001474999999999671] secs=106.22239685058594
[436/588 95.5min eta 33min] v12-wb-s11n8-g10-b0530 72945e70a2a1:056 s1 feas=True worst=['s11_max_db', 0.0019137499999999363] secs=106.95430326461792
[437/588 95.5min eta 33min] v12-wb-s11n8-g10-b0530 72945e70a2a1:056 s2 feas=True worst=['s11_max_db', 0.0020400000000000418] secs=107.2255756855011
[438/588 95.5min eta 33min] v12-wb-s11n8-g10-b0530 72945e70a2a1:105 s1 feas=True worst=['s11_max_db', 0.003948749999999945] secs=106.43037581443787
[439/588 95.5min eta 32min] v12-wb-s11n8-g10-b0530 72945e70a2a1:105 s2 feas=True worst=['s11_max_db', 0.00028999999999990145] secs=106.76789712905884
[440/588 95.5min eta 32min] v12-wb-s11n8-g10-b0530 72945e70a2a1:056 s3 feas=True worst=['s11_max_db', 0.0003349999999999742] secs=106.97251868247986
[441/588 97.2min eta 32min] v12-wb-s11n8-g10-b0530 72945e70a2a1:105 s3 feas=True worst=['s11_max_db', 0.008572500000000094] secs=107.19779539108276
[442/588 97.3min eta 32min] v12-wb-s11n8-g10-b0530 72945e70a2a1:111 s1 feas=True worst=['s11_max_db', 0.00028249999999996334] secs=108.03127241134644
[443/588 97.3min eta 32min] v12-wb-s11n8-g10-b0530 72945e70a2a1:111 s2 feas=True worst=['s11_max_db', 0.005936249999999976] secs=107.5190839767456
[444/588 97.3min eta 32min] v12-wb-s11n8-g10-b0530 72945e70a2a1:111 s3 feas=True worst=['s11_max_db', 0.0010412500000001046] secs=107.79101395606995
[445/588 97.3min eta 31min] v12-wb-s11n8-g10-b0530 72945e70a2a1:120 s1 feas=True worst=['s11_max_db', 0.0006162499999999849] secs=107.23995590209961
[446/588 97.3min eta 31min] v12-wb-s11n8-g10-b0530 72945e70a2a1:120 s2 feas=True worst=['s11_max_db', 0.0006174999999999375] secs=107.78340983390808
[447/588 97.4min eta 31min] v12-wb-s11n8-g10-b0530 72945e70a2a1:126 s1 feas=True worst=['s11_max_db', 0.004118749999999949] secs=108.12619209289551
[448/588 97.4min eta 30min] v12-wb-s11n8-g10-b0530 72945e70a2a1:120 s3 feas=True worst=['s11_max_db', 0.0003562500000000579] secs=108.26519203186035
[449/588 99.1min eta 31min] v12-wb-s11n8-g10-b0530 72945e70a2a1:126 s2 feas=True worst=['s11_max_db', 0.0008850000000000247] secs=109.5872917175293
[450/588 99.1min eta 30min] v12-wb-s11n8-g10-b0530 72945e70a2a1:126 s3 feas=True worst=['s11_max_db', 0.0008200000000000429] secs=109.11580753326416
[451/588 99.1min eta 30min] v12-wb-s11n8-g10-b0530 72945e70a2a1:131 s1 feas=True worst=['s11_max_db', 0.0017437499999999329] secs=109.44177293777466
[452/588 99.2min eta 30min] v12-wb-s11n8-g10-b0530 72945e70a2a1:131 s2 feas=True worst=['s21_ripple_db', 0.001595000000000013] secs=109.36342549324036
[453/588 99.2min eta 30min] v12-wb-s11n8-g10-b0530 72945e70a2a1:134 s1 feas=True worst=['s11_max_db', 0.00769624999999996] secs=108.72965264320374
[454/588 99.2min eta 29min] v12-wb-s11n8-g10-b0530 72945e70a2a1:131 s3 feas=True worst=['s11_max_db', 0.0022437500000001] secs=109.4127459526062
[457/588 100.9min eta 29min] v12-wb-s11n8-g10-b0530 72945e70a2a1:135 s1 feas=True worst=['s11_max_db', 0.0020487499999999326] secs=106.97073197364807
[458/588 100.9min eta 29min] v12-wb-s11n8-g10-b0530 72945e70a2a1:135 s2 feas=True worst=['s11_max_db', 0.0010624999999999662] secs=107.33108282089233
[460/588 101.0min eta 28min] v12-wb-s11n8-g10-b0530 72945e70a2a1:141 s1 feas=True worst=['s11_max_db', 0.0013099999999999223] secs=107.59774875640869
[461/588 101.0min eta 28min] v12-wb-s11n8-g10-b0530 72945e70a2a1:141 s3 feas=True worst=['s11_max_db', 0.00046875000000001776] secs=107.50013589859009
[462/588 101.0min eta 28min] v12-wb-s11n8-g10-b0530 72945e70a2a1:141 s2 feas=True worst=['s11_max_db', 0.0006812499999999666] secs=107.53497362136841
[463/588 101.0min eta 27min] v12-wb-s11n8-g10-b0530 72945e70a2a1:143 s1 feas=True worst=['s11_max_db', 0.0009612500000000246] secs=107.49882888793945
[464/588 101.0min eta 27min] v12-wb-s11n8-g10-b0530 72945e70a2a1:143 s2 feas=True worst=['s11_max_db', 0.0012799999999999478] secs=107.4326422214508
[465/588 102.5min eta 27min] v12-wb-s11n8-g10-b0530 72945e70a2a1:143 s3 feas=True worst=['s11_max_db', 0.0011200000000000099] secs=99.18467402458191
[466/588 102.6min eta 27min] v12-wb-s11n8-g10-b0530 72945e70a2a1:144 s1 feas=True worst=['s11_max_db', 0.000663749999999963] secs=99.35393190383911
[469/588 102.6min eta 26min] v12-wb-s11n8-g10-b0530 72945e70a2a1:146 s1 feas=True worst=['s11_max_db', 0.001263749999999897] secs=98.9918920993805
[470/588 102.6min eta 26min] v12-wb-s11n8-g10-b0530 72945e70a2a1:146 s2 feas=True worst=['s11_max_db', 0.001831249999999951] secs=99.40203499794006
[471/588 102.6min eta 25min] v12-wb-s11n8-g10-b0530 72945e70a2a1:146 s3 feas=True worst=['s11_max_db', 5.8749999999996305e-05] secs=99.20958256721497
[472/588 102.6min eta 25min] v12-wb-s11n8-g10-b0530 72945e70a2a1:147 s1 feas=True worst=['s21_db', 0.0027300000000000323] secs=99.50569105148315
[473/588 104.3min eta 25min] v12-wb-s11n8-g10-b0530 72945e70a2a1:147 s2 feas=True worst=['s11_max_db', 0.0004712499999999231] secs=106.71276903152466
[474/588 104.3min eta 25min] v12-wb-s11n8-g10-b0530 72945e70a2a1:156 s1 feas=True worst=['s11_max_db', 0.0030375000000000263] secs=106.86736059188843
[475/588 104.3min eta 25min] v12-wb-s11n8-g10-b0530 72945e70a2a1:147 s3 feas=True worst=['s11_max_db', 1.3749999999923546e-05] secs=107.16342902183533
[476/588 104.4min eta 25min] v12-wb-s11n8-g10-b0530 72945e70a2a1:156 s2 feas=True worst=['s11_max_db', 0.0009062500000001084] secs=107.33352541923523
[477/588 104.4min eta 24min] v12-wb-s11n8-g10-b0530 72945e70a2a1:156 s3 feas=True worst=['s11_max_db', 0.0003500000000000725] secs=107.42398452758789
[478/588 104.4min eta 24min] v12-wb-s11n8-g10-b0530 72945e70a2a1:157 s1 feas=True worst=['s11_max_db', 0.005753750000000002] secs=106.96724128723145
[479/588 104.4min eta 24min] v12-wb-s11n8-g10-b0530 72945e70a2a1:157 s2 feas=True worst=['s11_max_db', 0.0002750000000000252] secs=107.04131245613098
[480/588 104.4min eta 23min] v12-wb-s11n8-g10-b0530 72945e70a2a1:157 s3 feas=True worst=['s11_max_db', 0.0016050000000000786] secs=106.7282612323761
[481/588 106.0min eta 24min] v12-wb-s11n8-g10-b0530 72945e70a2a1:158 s1 feas=True worst=['s11_max_db', 0.00017000000000000348] secs=102.53096389770508
[482/588 106.1min eta 23min] v12-wb-s11n8-g10-b0530 72945e70a2a1:158 s2 feas=True worst=['s11_max_db', 0.0029687499999999645] secs=102.3713629245758
[483/588 106.1min eta 23min] v12-wb-s11n8-g10-b0530 72945e70a2a1:158 s3 feas=True worst=['s11_max_db', 0.0018687500000000856] secs=102.6261305809021
[484/588 106.1min eta 23min] v12-wb-s11n8-g10-b0530 72945e70a2a1:159 s1 feas=True worst=['s11_max_db', 0.0011937500000001044] secs=101.67842817306519
[485/588 106.1min eta 23min] v12-wb-s11n8-g10-b0530 72945e70a2a1:159 s3 feas=True worst=['s11_max_db', 0.0006749999999999812] secs=102.09539103507996
[486/588 106.1min eta 22min] v12-wb-s11n8-g10-b0530 72945e70a2a1:159 s2 feas=True worst=['s11_max_db', 0.00017000000000000348] secs=102.32080340385437
[487/588 106.1min eta 22min] v12-wb-s11n8-g10-b0530 72945e70a2a1:161 s1 feas=True worst=['s11_max_db', 0.00019499999999994522] secs=102.40442252159119
[488/588 106.2min eta 22min] v12-wb-s11n8-g10-b0530 72945e70a2a1:161 s2 feas=True worst=['s11_max_db', 0.0003562500000000579] secs=102.51672148704529
[489/588 107.7min eta 22min] v12-wb-s11n8-g10-b0530 72945e70a2a1:161 s3 feas=True worst=['s11_max_db', 0.0013300000000000534] secs=99.28579139709473
[490/588 107.7min eta 22min] v12-wb-s11n8-g12-b0530 72945e70a2a1:038 s1 feas=True worst=['s11_max_db', 0.0015037499999999149] secs=99.29321551322937
[491/588 107.7min eta 21min] v12-wb-s11n8-g12-b0530 72945e70a2a1:038 s2 feas=True worst=['s11_max_db', 0.00014124999999998167] secs=99.37767577171326
[493/588 107.8min eta 21min] v12-wb-s11n8-g12-b0530 72945e70a2a1:041 s1 feas=True worst=['s11_max_db', 0.0004900000000001015] secs=99.27542877197266
[494/588 107.8min eta 21min] v12-wb-s11n8-g12-b0530 72945e70a2a1:041 s2 feas=True worst=['s11_max_db', 0.00011125000000000718] secs=99.16264510154724
[495/588 107.8min eta 20min] v12-wb-s11n8-g12-b0530 72945e70a2a1:041 s3 feas=True worst=['s11_max_db', 0.0018299999999999983] secs=99.42837953567505
[496/588 107.8min eta 20min] v12-wb-s11n8-g12-b0530 72945e70a2a1:042 s1 feas=True worst=['s21_db', 0.0055916666666666615] secs=98.83506059646606
[497/588 109.3min eta 20min] v12-wb-s11n8-g12-b0530 72945e70a2a1:042 s2 feas=True worst=['s11_max_db', 0.0024975000000000414] secs=97.47231459617615
[498/588 109.4min eta 20min] v12-wb-s11n8-g12-b0530 72945e70a2a1:042 s3 feas=True worst=['s21_db', 0.025924999999999976] secs=97.20991134643555
[499/588 109.4min eta 20min] v12-wb-s11n8-g12-b0530 72945e70a2a1:048 s1 feas=True worst=['s11_max_db', 0.0025574999999999903] secs=97.46280455589294
[500/588 109.4min eta 19min] v12-wb-s11n8-g12-b0530 72945e70a2a1:048 s2 feas=False worst=['nf_db', -1.7211876666666666] secs=97.80050349235535
[501/588 109.4min eta 19min] v12-wb-s11n8-g12-b0530 72945e70a2a1:048 s3 feas=True worst=['s21_db', 0.005883333333333389] secs=97.65319299697876
[502/588 109.4min eta 19min] v12-wb-s11n8-g12-b0530 72945e70a2a1:053 s1 feas=True worst=['s11_max_db', 0.00018874999999995978] secs=97.91979575157166
[503/588 109.4min eta 18min] v12-wb-s11n8-g12-b0530 72945e70a2a1:053 s2 feas=True worst=['s21_db', 0.0006416666666666515] secs=97.48370099067688
[505/588 111.1min eta 18min] v12-wb-s11n8-g12-b0530 72945e70a2a1:056 s1 feas=True worst=['s11_max_db', 0.0025524999999999576] secs=104.59283018112183
[506/588 111.1min eta 18min] v12-wb-s11n8-g12-b0530 72945e70a2a1:056 s2 feas=True worst=['s11_max_db', 0.0015650000000000386] secs=104.86095690727234
[508/588 111.2min eta 18min] v12-wb-s11n8-g12-b0530 72945e70a2a1:111 s1 feas=True worst=['s21_db', 0.0022999999999999687] secs=104.88504886627197
[509/588 111.2min eta 17min] v12-wb-s11n8-g12-b0530 72945e70a2a1:111 s2 feas=True worst=['s11_max_db', 0.0011224999999999152] secs=104.80567812919617
[511/588 111.2min eta 17min] v12-wb-s11n8-g12-b0530 72945e70a2a1:120 s1 feas=True worst=['s21_db', 0.001200000000000016] secs=104.72252798080444
[512/588 111.2min eta 17min] v12-wb-s11n8-g12-b0530 72945e70a2a1:120 s2 feas=True worst=['s21_db', 8.333333333328714e-05] secs=104.88982510566711
[513/588 112.8min eta 16min] v12-wb-s11n8-g12-b0530 72945e70a2a1:120 s3 feas=True worst=['s11_max_db', 0.008760000000000101] secs=100.05334448814392
[514/588 112.8min eta 16min] v12-wb-s11n8-g12-b0530 72945e70a2a1:126 s1 feas=True worst=['s11_max_db', 5.8749999999996305e-05] secs=99.95604681968689
[515/588 112.8min eta 16min] v12-wb-s11n8-g12-b0530 72945e70a2a1:126 s2 feas=True worst=['s21_db', 0.001000000000000038] secs=99.98339080810547
[516/588 112.8min eta 16min] v12-wb-s11n8-g12-b0530 72945e70a2a1:126 s3 feas=True worst=['s11_max_db', 0.0005212500000000286] secs=98.6100857257843
[517/588 112.8min eta 15min] v12-wb-s11n8-g12-b0530 72945e70a2a1:141 s1 feas=True worst=['s11_max_db', 0.00028249999999996334] secs=99.09985709190369
[518/588 112.9min eta 15min] v12-wb-s11n8-g12-b0530 72945e70a2a1:141 s2 feas=True worst=['s11_max_db', 6.250000000007638e-05] secs=99.36074352264404
[519/588 112.9min eta 15min] v12-wb-s11n8-g12-b0530 72945e70a2a1:141 s3 feas=True worst=['s21_db', 0.0016916666666667208] secs=99.33106350898743
[520/588 112.9min eta 15min] v12-wb-s11n8-g12-b0530 72945e70a2a1:143 s1 feas=True worst=['s11_max_db', 7.874999999990528e-05] secs=99.43964624404907
[522/588 114.4min eta 14min] v12-wb-s11n8-g12-b0530 72945e70a2a1:156 s1 feas=True worst=['s21_db', 6.666666666665932e-05] secs=98.0177230834961
[525/588 114.5min eta 14min] v12-wb-s11n8-g12-b0530 72945e70a2a1:156 s3 feas=True worst=['s11_max_db', 0.003735000000000044] secs=98.57480192184448
[526/588 114.5min eta 13min] v12-wb-s11n8-g12-b0530 72945e70a2a1:158 s1 feas=True worst=['s11_max_db', 0.0028974999999999973] secs=98.77200746536255
[527/588 114.5min eta 13min] v12-wb-s11n8-g12-b0530 72945e70a2a1:158 s2 feas=True worst=['s11_max_db', 3.250000000010189e-05] secs=98.98089098930359
[528/588 114.5min eta 13min] v12-wb-s11n8-g12-b0530 72945e70a2a1:158 s3 feas=True worst=['s21_db', 0.00045833333333330134] secs=99.48673033714294
[529/588 116.1min eta 13min] v12-wb-s11n8-g12-b0530 72945e70a2a1:161 s1 feas=True worst=['s21_db', 0.0034166666666666976] secs=103.97873616218567
[531/588 116.2min eta 12min] v12-wb-s11n8-g12-b0530 72945e70a2a1:161 s3 feas=True worst=['s21_db', 0.0020666666666667353] secs=103.31658220291138
[532/588 116.2min eta 12min] v12-wb-s11n9-g10-b0530 72945e70a2a1:030 s1 feas=True worst=['s21_db', 0.0006899999999999906] secs=103.90177321434021
[534/588 116.3min eta 12min] v12-wb-s11n9-g10-b0530 72945e70a2a1:041 s1 feas=True worst=['s11_max_db', 0.00011111111111104953] secs=103.49523282051086
[536/588 116.3min eta 11min] v12-wb-s11n9-g10-b0530 72945e70a2a1:041 s2 feas=True worst=['s11_max_db', 0.0004766666666665821] secs=103.499924659729
[538/588 118.0min eta 11min] v12-wb-s11n9-g10-b0530 72945e70a2a1:042 s1 feas=True worst=['s11_max_db', 0.0011855555555554769] secs=110.48075318336487
[540/588 118.1min eta 10min] v12-wb-s11n9-g10-b0530 72945e70a2a1:042 s3 feas=True worst=['s11_max_db', 0.0028788888888888506] secs=110.47925734519958
[541/588 118.1min eta 10min] v12-wb-s11n9-g10-b0530 72945e70a2a1:047 s1 feas=True worst=['s11_max_db', 8.777777777781005e-05] secs=111.36741185188293
[542/588 118.1min eta 10min] v12-wb-s11n9-g10-b0530 72945e70a2a1:047 s2 feas=True worst=['s11_max_db', 0.0025455555555555045] secs=110.99345064163208
[543/588 118.1min eta 10min] v12-wb-s11n9-g10-b0530 72945e70a2a1:048 s1 feas=True worst=['s11_max_db', 0.0035322222222223193] secs=110.52175402641296
[544/588 118.1min eta 10min] v12-wb-s11n9-g10-b0530 72945e70a2a1:047 s3 feas=True worst=['s11_max_db', 0.00036888888888893706] secs=111.50639986991882
[545/588 119.8min eta 9min] v12-wb-s11n9-g10-b0530 72945e70a2a1:048 s3 feas=True worst=['s11_max_db', 0.0005144444444445087] secs=107.37546110153198
[547/588 119.9min eta 9min] v12-wb-s11n9-g10-b0530 72945e70a2a1:053 s1 feas=True worst=['s11_max_db', 0.002555555555555521] secs=108.33382725715637
[548/588 119.9min eta 9min] v12-wb-s11n9-g10-b0530 72945e70a2a1:053 s2 feas=True worst=['s11_max_db', 0.00019777777777779052] secs=108.19115805625916
[549/588 119.9min eta 9min] v12-wb-s11n9-g10-b0530 72945e70a2a1:053 s3 feas=True worst=['s21_db', 0.00022000000000002017] secs=108.48064756393433
[550/588 119.9min eta 8min] v12-wb-s11n9-g10-b0530 72945e70a2a1:056 s1 feas=True worst=['s11_max_db', 0.00032444444444439883] secs=108.19507455825806
[551/588 119.9min eta 8min] v12-wb-s11n9-g10-b0530 72945e70a2a1:056 s3 feas=True worst=['s11_max_db', 0.011226666666666595] secs=108.08113217353821
[552/588 119.9min eta 8min] v12-wb-s11n9-g10-b0530 72945e70a2a1:056 s2 feas=True worst=['s11_max_db', 0.0006033333333333878] secs=108.49877429008484
[553/588 121.6min eta 8min] v12-wb-s11n9-g10-b0530 72945e70a2a1:105 s1 feas=True worst=['s11_max_db', 0.0026588888888888895] secs=109.32630729675293
[555/588 121.7min eta 7min] v12-wb-s11n9-g10-b0530 72945e70a2a1:105 s3 feas=True worst=['s11_max_db', 0.006824444444444448] secs=109.06081938743591
[556/588 121.7min eta 7min] v12-wb-s11n9-g10-b0530 72945e70a2a1:111 s1 feas=True worst=['s11_max_db', 0.0016000000000000211] secs=109.00863099098206
[558/588 121.8min eta 7min] v12-wb-s11n9-g10-b0530 72945e70a2a1:120 s2 feas=True worst=['s11_max_db', 0.00053555555555561] secs=108.36754727363586
[559/588 121.8min eta 6min] v12-wb-s11n9-g10-b0530 72945e70a2a1:111 s3 feas=True worst=['s11_max_db', 0.00015666666666665682] secs=109.51791739463806
[560/588 121.8min eta 6min] v12-wb-s11n9-g10-b0530 72945e70a2a1:120 s1 feas=True worst=['s11_max_db', 0.00023333333333338166] secs=109.55763053894043
[561/588 123.5min eta 6min] v12-wb-s11n9-g10-b0530 72945e70a2a1:126 s1 feas=True worst=['s11_max_db', 0.00012444444444447022] secs=110.33311295509338
[562/588 123.5min eta 6min] v12-wb-s11n9-g10-b0530 72945e70a2a1:120 s3 feas=True worst=['s11_max_db', 0.00014333333333323614] secs=110.69772219657898
[563/588 123.5min eta 5min] v12-wb-s11n9-g10-b0530 72945e70a2a1:126 s3 feas=True worst=['s11_max_db', 0.000553333333333307] secs=110.78055453300476
[564/588 123.5min eta 5min] v12-wb-s11n9-g10-b0530 72945e70a2a1:126 s2 feas=True worst=['s11_max_db', 0.0021111111111111252] secs=111.5762631893158
[565/588 123.6min eta 5min] v12-wb-s11n9-g10-b0530 72945e70a2a1:141 s1 feas=True worst=['s11_max_db', 0.003257777777777804] secs=111.27597713470459
[566/588 123.6min eta 5min] v12-wb-s11n9-g10-b0530 72945e70a2a1:141 s2 feas=True worst=['s11_max_db', 0.000474444444444444] secs=111.27077746391296
[567/588 123.6min eta 5min] v12-wb-s11n9-g10-b0530 72945e70a2a1:141 s3 feas=True worst=['s11_max_db', 0.00012777777777787472] secs=111.05016827583313
[568/588 123.6min eta 4min] v12-wb-s11n9-g10-b0530 72945e70a2a1:142 s1 feas=True worst=['s11_max_db', 0.0002044444444444022] secs=110.60133600234985
[570/588 124.8min eta 4min] v12-wb-s11n9-g10-b0530 72945e70a2a1:142 s3 feas=True worst=['s11_max_db', 0.000361111111111059] secs=80.61834788322449
[571/588 124.9min eta 4min] v12-wb-s11n9-g10-b0530 72945e70a2a1:143 s1 feas=True worst=['s11_max_db', 0.00819555555555556] secs=79.58784604072571
[572/588 124.9min eta 3min] v12-wb-s11n9-g10-b0530 72945e70a2a1:143 s2 feas=True worst=['s11_max_db', 0.00011666666666659214] secs=79.55335664749146
[573/588 124.9min eta 3min] v12-wb-s11n9-g10-b0530 72945e70a2a1:143 s3 feas=True worst=['s11_max_db', 0.0005333333333332746] secs=78.28164315223694
[575/588 124.9min eta 3min] v12-wb-s11n9-g10-b0530 72945e70a2a1:146 s1 feas=True worst=['s11_max_db', 0.009543333333333237] secs=78.14638614654541
[577/588 126.0min eta 2min] v12-wb-s11n9-g10-b0530 72945e70a2a1:156 s1 feas=True worst=['s11_max_db', 0.0011222222222221727] secs=66.21477460861206
[578/588 126.0min eta 2min] v12-wb-s11n9-g10-b0530 72945e70a2a1:156 s2 feas=True worst=['s11_max_db', 0.00045666666666674714] secs=66.33587694168091
[579/588 126.0min eta 2min] v12-wb-s11n9-g10-b0530 72945e70a2a1:156 s3 feas=True worst=['s11_max_db', 0.0037900000000000095] secs=66.2038688659668
[580/588 126.0min eta 2min] v12-wb-s11n9-g10-b0530 72945e70a2a1:158 s1 feas=True worst=['s11_max_db', 0.0021466666666667164] secs=66.71494793891907
[581/588 126.0min eta 2min] v12-wb-s11n9-g10-b0530 72945e70a2a1:158 s2 feas=True worst=['s11_max_db', 0.00197555555555557] secs=66.20159149169922
[582/588 126.0min eta 1min] v12-wb-s11n9-g10-b0530 72945e70a2a1:158 s3 feas=True worst=['s11_max_db', 0.009455555555555625] secs=66.10954523086548
[583/588 126.0min eta 1min] v12-wb-s11n9-g10-b0530 72945e70a2a1:159 s1 feas=True worst=['s11_max_db', 0.0007622222222221827] secs=65.99437928199768
[586/588 126.7min eta 0min] v12-wb-s11n9-g10-b0530 72945e70a2a1:161 s1 feas=True worst=['s21_ripple_db', 3.499999999956316e-05] secs=42.97530674934387
[588/588 126.7min eta 0min] v12-wb-s11n9-g10-b0530 72945e70a2a1:161 s3 feas=True worst=['s11_max_db', 0.0009666666666665849] secs=41.93210434913635
