Current recursion limit: 1000
New recursion limit: 9000
[p1_gen] s1 t2-nb090-noise-0012      edits=1 valid=True gpu_s=53.0 wall=53.1 think=1024/limit
[p1_gen] s1 t2-nb090-noise-0013      edits=1 valid=True gpu_s=68.7 wall=69.1 think=1024/limit
[p1_gen] s1 t2-nb090-noise-0047      edits=1 valid=True gpu_s=52.2 wall=52.7 think=1024/limit
[p1_gen] s1 t2-nb090-noise-0068      edits=1 valid=True gpu_s=57.9 wall=58.3 think=1024/limit
[p1_gen] s1 t2-nb090-noise-0129      edits=1 valid=True gpu_s=54.9 wall=55.4 think=1024/limit
[p1_gen] s1 t2-nb090-noise-0143      edits=1 valid=True gpu_s=54.7 wall=55.2 think=1024/limit
[p1_gen] s1 t2-nb090-noise-0240      edits=1 valid=True gpu_s=81.6 wall=82.0 think=1024/limit
[p1_gen] s1 t2-nb090-noise-0254      edits=1 valid=True gpu_s=58.5 wall=59.1 think=1024/limit
[p1_gen] s1 t2-nb090-noise-0269      edits=1 valid=True gpu_s=60.5 wall=61.0 think=1024/limit
[p1_gen] s1 t2-nb090-noise-0286      edits=1 valid=True gpu_s=55.2 wall=55.6 think=1024/limit
[p1_gen] s1 t2-nb090-noise-0287      edits=1 valid=True gpu_s=56.4 wall=56.8 think=1024/limit
[p1_gen] s1 t2-nb090-noise-0291      edits=1 valid=True gpu_s=69.0 wall=69.5 think=1024/limit
[p1_gen] s1 t2-nb090-noise-0300      edits=1 valid=True gpu_s=56.7 wall=57.2 think=1024/limit
[p1_gen] s1 t2-nb090-noise-0307      edits=1 valid=True gpu_s=54.8 wall=55.3 think=1024/limit
[p1_gen] s1 t2-nb090-noise-0312      edits=1 valid=True gpu_s=72.0 wall=72.5 think=1024/limit
[p1_gen] s1 t2-nb090-noise-0322      edits=1 valid=True gpu_s=68.2 wall=68.7 think=1024/limit
[p1_gen] s1 t2-nb090-noise-0323      edits=1 valid=True gpu_s=55.6 wall=56.1 think=1024/limit
[p1_gen] s1 t2-nb090-noise-0349      edits=1 valid=True gpu_s=58.8 wall=59.3 think=1024/limit
[p1_gen] s1 t2-nb090-noise-0350      edits=1 valid=True gpu_s=55.0 wall=55.5 think=1024/limit
[p1_gen] s1 t2-nb090-noise-0351      edits=1 valid=True gpu_s=65.6 wall=66.0 think=1024/limit
[p1_gen] s1 t2-nb090-noise-0363      edits=1 valid=True gpu_s=65.9 wall=66.4 think=1024/limit
[p1_gen] s1 t2-nb090-noise-0375      edits=1 valid=True gpu_s=57.0 wall=57.5 think=1024/limit
[p1_gen] s1 t2-nb090-noise-0387      edits=1 valid=True gpu_s=68.7 wall=69.2 think=1024/limit
[p1_gen] s1 t2-nb090-noise-0397      edits=1 valid=True gpu_s=56.1 wall=56.7 think=1024/limit
[p1_gen] s1 t2-nb090-noise-0411      edits=1 valid=True gpu_s=56.9 wall=57.3 think=1024/limit
[p1_gen] s1 t2-wb1020-gain-0001      edits=1 valid=True gpu_s=66.4 wall=66.9 think=1024/limit
[p1_gen] s1 t2-wb1020-gain-0010      edits=1 valid=True gpu_s=55.1 wall=55.6 think=1024/limit
[p1_gen] s1 t2-wb1020-gain-0026      edits=1 valid=True gpu_s=54.7 wall=55.2 think=1024/limit
[p1_gen] s1 t2-wb1020-gain-0027      edits=1 valid=True gpu_s=53.6 wall=54.1 think=1024/limit
[p1_gen] s1 t2-wb1020-gain-0028      edits=1 valid=True gpu_s=79.2 wall=79.7 think=1024/limit
[p1_gen] s1 t2-wb1020-gain-0043      edits=1 valid=True gpu_s=54.0 wall=54.6 think=1024/limit
[p1_gen] s1 t2-wb1020-gain-0044      edits=1 valid=True gpu_s=55.6 wall=56.1 think=1024/limit
[p1_gen] s1 t2-wb1020-gain-0045      edits=1 valid=True gpu_s=58.6 wall=59.1 think=1024/limit
[p1_gen] s1 t2-wb1020-gain-0046      edits=1 valid=True gpu_s=56.6 wall=57.1 think=1024/limit
[p1_gen] s1 t2-wb1020-gain-0065      edits=1 valid=True gpu_s=57.6 wall=58.1 think=1024/limit
[p1_gen] s1 t2-wb1020-gain-0066      edits=1 valid=True gpu_s=56.7 wall=57.1 think=1024/limit
[p1_gen] s1 t2-wb1020-gain-0067      edits=1 valid=True gpu_s=57.4 wall=57.9 think=1024/limit
[p1_gen] s1 t2-wb1020-gain-0088      edits=1 valid=True gpu_s=60.4 wall=60.9 think=1024/limit
[p1_gen] s1 t2-wb1020-gain-0089      edits=1 valid=True gpu_s=56.4 wall=56.9 think=1024/limit
[p1_gen] s1 t2-wb1020-gain-0107      edits=1 valid=True gpu_s=53.4 wall=53.9 think=1024/limit
[p1_gen] s1 t2-wb1020-gain-0108      edits=1 valid=True gpu_s=60.1 wall=60.6 think=1024/limit
[p1_gen] s1 t2-wb1020-gain-0109      edits=1 valid=True gpu_s=60.9 wall=61.3 think=1024/limit
[p1_gen] s1 t2-wb1020-gain-0126      edits=1 valid=True gpu_s=59.3 wall=59.8 think=1024/limit
[p1_gen] s1 t2-wb1020-gain-0127      edits=1 valid=True gpu_s=36.0 wall=36.5 think=660/word
[p1_gen] s1 t2-wb1020-gain-0128      edits=1 valid=True gpu_s=57.4 wall=57.8 think=1024/limit
[p1_gen] s1 t2-wb1020-gain-0142      edits=1 valid=True gpu_s=58.3 wall=58.8 think=1024/limit
[p1_gen] s1 t2-wb1020-gain-0159      edits=1 valid=False gpu_s=47.1 wall=47.7 think=934/word
[p1_gen] s1 t2-wb1020-gain-0160      edits=1 valid=True gpu_s=46.8 wall=47.2 think=841/word
[p1_gen] s1 t2-wb1020-gain-0161      edits=1 valid=True gpu_s=56.8 wall=57.3 think=1024/limit
[p1_gen] s1 t2-wb1020-gain-0182      edits=1 valid=True gpu_s=60.2 wall=60.7 think=1024/limit
[p1_gen] s1 t2-wb1020-gain-0183      edits=1 valid=True gpu_s=56.4 wall=56.8 think=1024/limit
[p1_gen] s1 t2-wb1020-gain-0184      edits=1 valid=True gpu_s=54.5 wall=55.0 think=1024/limit
[p1_gen] s1 t2-wb1020-gain-0205      edits=1 valid=True gpu_s=53.1 wall=53.6 think=1024/limit
[p1_gen] s1 t2-wb1020-gain-0206      edits=1 valid=True gpu_s=52.7 wall=53.2 think=1024/limit
[p1_gen] s1 t2-wb1020-gain-0207      edits=1 valid=True gpu_s=77.0 wall=77.5 think=1024/limit
[p1_gen] s1 t2-wb1020-gain-0223      edits=1 valid=True gpu_s=52.3 wall=52.8 think=1024/limit
[p1_gen] s1 v2b-wb0824-gain-188      edits=1 valid=True gpu_s=58.3 wall=58.8 think=1024/limit
[p1_gen] s1 v2b-wb1020-noise-217     edits=1 valid=True gpu_s=58.8 wall=59.2 think=1024/limit
[p1_gen] s2 t2-nb090-noise-0012      edits=1 valid=True gpu_s=63.3 wall=63.8 think=1024/limit
[p1_gen] s2 t2-nb090-noise-0013      edits=1 valid=True gpu_s=66.0 wall=66.5 think=1024/limit
[p1_gen] s2 t2-nb090-noise-0047      edits=1 valid=True gpu_s=53.4 wall=53.9 think=1024/limit
[p1_gen] s2 t2-nb090-noise-0068      edits=1 valid=True gpu_s=57.1 wall=57.5 think=1024/limit
[p1_gen] s2 t2-nb090-noise-0129      edits=1 valid=True gpu_s=53.0 wall=53.5 think=1024/limit
[p1_gen] s2 t2-nb090-noise-0143      edits=1 valid=False gpu_s=55.7 wall=56.2 think=1024/limit
[p1_gen] s2 t2-nb090-noise-0240      edits=1 valid=True gpu_s=57.5 wall=58.0 think=1024/limit
[p1_gen] s2 t2-nb090-noise-0254      edits=1 valid=True gpu_s=56.0 wall=56.5 think=1024/limit
[p1_gen] s2 t2-nb090-noise-0269      edits=1 valid=True gpu_s=54.7 wall=55.2 think=1024/limit
[p1_gen] s2 t2-nb090-noise-0286      edits=1 valid=True gpu_s=71.3 wall=71.8 think=1024/limit
[p1_gen] s2 t2-nb090-noise-0287      edits=1 valid=True gpu_s=54.6 wall=55.2 think=1024/limit
[p1_gen] s2 t2-nb090-noise-0291      edits=1 valid=True gpu_s=56.2 wall=56.7 think=1024/limit
[p1_gen] s2 t2-nb090-noise-0300      edits=1 valid=True gpu_s=68.1 wall=68.6 think=1024/limit
[p1_gen] s2 t2-nb090-noise-0307      edits=1 valid=True gpu_s=57.2 wall=57.7 think=1024/limit
[p1_gen] s2 t2-nb090-noise-0312      edits=1 valid=True gpu_s=56.6 wall=57.1 think=1024/limit
[p1_gen] s2 t2-nb090-noise-0322      edits=1 valid=True gpu_s=53.9 wall=54.4 think=1024/limit
[p1_gen] s2 t2-nb090-noise-0323      edits=1 valid=True gpu_s=55.3 wall=55.8 think=1024/limit
[p1_gen] s2 t2-nb090-noise-0349      edits=1 valid=True gpu_s=69.2 wall=69.7 think=1024/limit
[p1_gen] s2 t2-nb090-noise-0350      edits=1 valid=True gpu_s=64.0 wall=64.6 think=1024/limit
[p1_gen] s2 t2-nb090-noise-0351      edits=1 valid=True gpu_s=76.3 wall=76.9 think=1024/limit
[p1_gen] s2 t2-nb090-noise-0363      edits=1 valid=True gpu_s=68.3 wall=68.8 think=1024/limit
[p1_gen] s2 t2-nb090-noise-0375      edits=1 valid=True gpu_s=61.0 wall=61.6 think=1024/limit
[p1_gen] s2 t2-nb090-noise-0387      edits=1 valid=True gpu_s=55.1 wall=55.6 think=1024/limit
[p1_gen] s2 t2-nb090-noise-0397      edits=1 valid=True gpu_s=56.1 wall=56.6 think=1024/limit
[p1_gen] s2 t2-nb090-noise-0411      edits=1 valid=True gpu_s=63.5 wall=64.0 think=1024/limit
[p1_gen] s2 t2-wb1020-gain-0001      edits=1 valid=True gpu_s=53.7 wall=54.3 think=1024/limit
[p1_gen] s2 t2-wb1020-gain-0010      edits=1 valid=True gpu_s=57.0 wall=57.4 think=1024/limit
[p1_gen] s2 t2-wb1020-gain-0026      edits=1 valid=True gpu_s=66.2 wall=66.7 think=1024/limit
[p1_gen] s2 t2-wb1020-gain-0027      edits=1 valid=True gpu_s=56.3 wall=56.8 think=1024/limit
[p1_gen] s2 t2-wb1020-gain-0028      edits=1 valid=True gpu_s=56.2 wall=56.7 think=1024/limit
[p1_gen] s2 t2-wb1020-gain-0043      edits=1 valid=True gpu_s=64.6 wall=65.1 think=1024/limit
[p1_gen] s2 t2-wb1020-gain-0044      edits=1 valid=True gpu_s=60.6 wall=61.1 think=1024/limit
[p1_gen] s2 t2-wb1020-gain-0045      edits=1 valid=False gpu_s=58.4 wall=58.9 think=1024/limit
[p1_gen] s2 t2-wb1020-gain-0046      edits=1 valid=True gpu_s=72.3 wall=72.8 think=1024/limit
[p1_gen] s2 t2-wb1020-gain-0065      edits=1 valid=False gpu_s=53.5 wall=54.0 think=1024/limit
[p1_gen] s2 t2-wb1020-gain-0066      edits=1 valid=True gpu_s=57.3 wall=57.7 think=1024/limit
[p1_gen] s2 t2-wb1020-gain-0067      edits=1 valid=True gpu_s=57.9 wall=58.4 think=1024/limit
[p1_gen] s2 t2-wb1020-gain-0088      edits=1 valid=True gpu_s=54.8 wall=55.3 think=1024/limit
[p1_gen] s2 t2-wb1020-gain-0089      edits=1 valid=True gpu_s=57.0 wall=57.5 think=1024/limit
[p1_gen] s2 t2-wb1020-gain-0107      edits=1 valid=True gpu_s=52.4 wall=52.9 think=1024/limit
[p1_gen] s2 t2-wb1020-gain-0108      edits=1 valid=True gpu_s=65.7 wall=66.1 think=1024/limit
[p1_gen] s2 t2-wb1020-gain-0109      edits=1 valid=True gpu_s=58.1 wall=58.6 think=1024/limit
[p1_gen] s2 t2-wb1020-gain-0126      edits=1 valid=True gpu_s=60.2 wall=60.6 think=1024/limit
[p1_gen] s2 t2-wb1020-gain-0127      edits=1 valid=True gpu_s=53.4 wall=53.8 think=1024/limit
[p1_gen] s2 t2-wb1020-gain-0128      edits=1 valid=True gpu_s=60.7 wall=61.2 think=1024/limit
[p1_gen] s2 t2-wb1020-gain-0142      edits=1 valid=True gpu_s=67.6 wall=68.1 think=1024/limit
[p1_gen] s2 t2-wb1020-gain-0159      edits=1 valid=True gpu_s=57.8 wall=58.3 think=1024/limit
[p1_gen] s2 t2-wb1020-gain-0160      edits=1 valid=True gpu_s=55.9 wall=56.4 think=1024/limit
[p1_gen] s2 t2-wb1020-gain-0161      edits=1 valid=True gpu_s=54.4 wall=54.9 think=1024/limit
[p1_gen] s2 t2-wb1020-gain-0182      edits=1 valid=True gpu_s=58.2 wall=58.7 think=1024/limit
[p1_gen] s2 t2-wb1020-gain-0183      edits=1 valid=True gpu_s=54.4 wall=54.9 think=1024/limit
[p1_gen] s2 t2-wb1020-gain-0184      edits=1 valid=True gpu_s=59.6 wall=60.1 think=1024/limit
[p1_gen] s2 t2-wb1020-gain-0205      edits=1 valid=True gpu_s=51.4 wall=51.9 think=1024/limit
[p1_gen] s2 t2-wb1020-gain-0206      edits=1 valid=True gpu_s=52.7 wall=53.1 think=1024/limit
[p1_gen] s2 t2-wb1020-gain-0207      edits=1 valid=True gpu_s=65.1 wall=65.6 think=1024/limit
[p1_gen] s2 t2-wb1020-gain-0223      edits=1 valid=True gpu_s=56.0 wall=56.5 think=1024/limit
[p1_gen] s2 v2b-wb0824-gain-188      edits=1 valid=True gpu_s=56.7 wall=57.2 think=1024/limit
[p1_gen] s2 v2b-wb1020-noise-217     edits=1 valid=False gpu_s=57.7 wall=58.2 think=1024/limit
[p1_gen] eval done: 116 new completions
