
Checking parameters for BSIM 4.5 model nmos
Warning: ckappas = 0.01 is too small.
Warning: ckappad = 0.01 is too small.

Note: No compatibility mode selected!


Circuit: * auto-generated from an analoggenie topology by lna/to_spice.py

Doing analysis at TEMP = 27.000000 and TNOM = 27.000000

Using SPARSE 1.3 as Direct Linear Solver
Warning: toxe, toxp and dtox all given and toxe != toxp + dtox; dtox ignored.

No. of Data Rows : 1
Doing analysis at TEMP = 27.000000 and TNOM = 27.000000

Using SPARSE 1.3 as Direct Linear Solver
Warning: toxe, toxp and dtox all given and toxe != toxp + dtox; dtox ignored.

No. of Data Rows : 201
vecmin(s11db) = -1.11134e+00
vecmax(s21db) = -3.58012e+01
Doing analysis at TEMP = 27.000000 and TNOM = 27.000000

Using SPARSE 1.3 as Direct Linear Solver
Warning: toxe, toxp and dtox all given and toxe != toxp + dtox; dtox ignored.

No. of Data Rows : 13

No. of Data Rows : 1
Note: Simulation executed from .control section 
